172.16.0.1 - - [18/Aug/2023:02:34:06 -0700] "GET /modules/en-binofino/B&NFiles/B&FEpisode3_480p30.mp4 HTTP/1.1" 206 8750264 "http://172.16.0.199/modules/en-binofino/B&NFiles/B&FEpisode3_480p30.mp4" "Mozilla/5.0 (Linux; Android 9; KFMUWI) AppleWebKit/537.36 (KHTML, like Gecko) Chrome/99.0.4844.73 Safari/537.36"
172.16.0.1 - - [18/Aug/2023:02:34:22 -0700] "GET /modules/en-binofino/B&NFiles/B&FEpisode3_480p30.mp4 HTTP/1.1" 304 131 "http://172.16.0.199/modules/en-binofino/index.html" "Mozilla/5.0 (Linux; Android 9; KFMUWI) AppleWebKit/537.36 (KHTML, like Gecko) Chrome/99.0.4844.73 Safari/537.36"
192.168.33.239 - - [18/Aug/2023:02:32:37 -0700] "GET /modules/en-binofino/B&NFiles/B&FEpisode3_480p30.mp4 HTTP/1.1" 206 26928456 "http://172.16.0.199/modules/en-binofino/B&NFiles/B&FEpisode3_480p30.mp4" "Mozilla/5.0 (Linux; Android 9; KFMUWI) AppleWebKit/537.36 (KHTML, like Gecko) Chrome/100.0.4896.79 Safari/537.36"
172.16.0.1 - - [18/Aug/2023:02:34:28 -0700] "GET /modules/en-binofino/B&NFiles/B&FEpisode22_480p30.mp4 HTTP/1.1" 304 131 "http://172.16.0.199/modules/en-binofino/index.html" "Mozilla/5.0 (Linux; Android 9; KFMUWI) AppleWebKit/537.36 (KHTML, like Gecko) Chrome/99.0.4844.73 Safari/537.36"
172.16.0.1 - - [18/Aug/2023:02:34:28 -0700] "GET /modules/en-binofino/B&NFiles/B&FEpisode22_480p30.mp4 HTTP/1.1" 206 5534256 "http://172.16.0.199/modules/en-binofino/B&NFiles/B&FEpisode22_480p30.mp4" "Mozilla/5.0 (Linux; Android 9; KFMUWI) AppleWebKit/537.36 (KHTML, like Gecko) Chrome/99.0.4844.73 Safari/537.36"
172.16.0.1 - - [18/Aug/2023:02:34:39 -0700] "GET /modules/en-binofino/B&NFiles/B&FEpisode20_480p30.mp4 HTTP/1.1" 200 541552 "http://172.16.0.199/modules/en-binofino/index.html" "Mozilla/5.0 (Linux; Android 9; KFMUWI) AppleWebKit/537.36 (KHTML, like Gecko) Chrome/99.0.4844.73 Safari/537.36"
172.16.0.1 - - [18/Aug/2023:02:34:39 -0700] "GET /modules/en-binofino/B&NFiles/B&FEpisode20_480p30.mp4 HTTP/1.1" 206 547344 "http://172.16.0.199/modules/en-binofino/B&NFiles/B&FEpisode20_480p30.mp4" "Mozilla/5.0 (Linux; Android 9; KFMUWI) AppleWebKit/537.36 (KHTML, like Gecko) Chrome/99.0.4844.73 Safari/537.36"
172.16.0.1 - - [18/Aug/2023:02:34:39 -0700] "GET /modules/en-binofino/B&NFiles/B&FEpisode20_480p30.mp4 HTTP/1.1" 206 538008 "http://172.16.0.199/modules/en-binofino/B&NFiles/B&FEpisode20_480p30.mp4" "Mozilla/5.0 (Linux; Android 9; KFMUWI) AppleWebKit/537.36 (KHTML, like Gecko) Chrome/99.0.4844.73 Safari/537.36"
192.168.33.250 - - [18/Aug/2023:02:34:47 -0700] "GET /modules/en-binofino/B&NFiles/B&FEpisode13_480p30.mp4 HTTP/1.1" 206 129279 "http://172.16.0.199/modules/en-binofino/B&NFiles/B&FEpisode13_480p30.mp4" "Mozilla/5.0 (Linux; Android 9; KFMUWI) AppleWebKit/537.36 (KHTML, like Gecko) Chrome/99.0.4844.73 Safari/537.36"
192.168.33.245 - - [18/Aug/2023:02:34:52 -0700] "GET /js/bootstrap.min.js HTTP/1.1" 404 1572 "http://172.16.0.199/" "Mozilla/5.0 (Linux; Android 9; KFMUWI) AppleWebKit/537.36 (KHTML, like Gecko) Chrome/114.0.0.0 Safari/537.36"
172.16.0.1 - - [18/Aug/2023:02:34:56 -0700] "GET /modules/en-binofino/B&NFiles/B&FEpisode20_480p30.mp4 HTTP/1.1" 206 23822496 "-" "Mozilla/5.0 (Linux; Android 9; KFMUWI) AppleWebKit/537.36 (KHTML, like Gecko) Chrome/99.0.4844.73 Safari/537.36"
172.16.0.1 - - [18/Aug/2023:02:34:56 -0700] "GET /modules/en-binofino/B&NFiles/B&FEpisode20_480p30.mp4 HTTP/1.1" 200 24500160 "-" "Mozilla/5.0 (Linux; Android 9; KFMUWI) AppleWebKit/537.36 (KHTML, like Gecko) Chrome/99.0.4844.73 Safari/537.36"
172.16.0.1 - - [18/Aug/2023:02:34:56 -0700] "GET /modules/en-binofino/B&NFiles/B&FEpisode20_480p30.mp4 HTTP/1.1" 206 20452008 "-" "Mozilla/5.0 (Linux; Android 9; KFMUWI) AppleWebKit/537.36 (KHTML, like Gecko) Chrome/99.0.4844.73 Safari/537.36"
172.16.0.1 - - [18/Aug/2023:02:31:30 -0700] "GET /modules/en-binofino/B&NFiles/B&FEpisode3_480p30.mp4 HTTP/1.1" 206 45515054 "http://172.16.0.199/modules/en-binofino/B&NFiles/B&FEpisode3_480p30.mp4" "Mozilla/5.0 (X11; Linux x86_64) AppleWebKit/537.36 (KHTML, like Gecko) Chrome/114.0.0.0 Safari/537.36"
172.16.0.1 - - [18/Aug/2023:02:34:39 -0700] "GET /modules/en-binofino/B&NFiles/B&FEpisode20_480p30.mp4 HTTP/1.1" 206 9281680 "http://172.16.0.199/modules/en-binofino/B&NFiles/B&FEpisode20_480p30.mp4" "Mozilla/5.0 (Linux; Android 9; KFMUWI) AppleWebKit/537.36 (KHTML, like Gecko) Chrome/99.0.4844.73 Safari/537.36"
::1 - - [18/Aug/2023:02:35:10 -0700] "OPTIONS * HTTP/1.0" 200 128 "-" "Apache/2.4.38 (Raspbian) (internal dummy connection)"
::1 - - [18/Aug/2023:02:35:11 -0700] "OPTIONS * HTTP/1.0" 200 128 "-" "Apache/2.4.38 (Raspbian) (internal dummy connection)"
172.16.0.1 - - [18/Aug/2023:02:35:35 -0700] "GET /modules/en-binofino/B&NFiles/B&FEpisode22_480p30.mp4 HTTP/1.1" 304 131 "http://172.16.0.199/modules/en-binofino/index.html" "Mozilla/5.0 (Linux; Android 9; KFMUWI) AppleWebKit/537.36 (KHTML, like Gecko) Chrome/97.0.4692.98 Safari/537.36"
192.168.33.239 - - [18/Aug/2023:02:34:22 -0700] "GET /modules/en-binofino/B&NFiles/B&FEpisode3_480p30.mp4 HTTP/1.1" 206 16525788 "http://172.16.0.199/modules/en-binofino/B&NFiles/B&FEpisode3_480p30.mp4" "Mozilla/5.0 (Linux; Android 9; KFMUWI) AppleWebKit/537.36 (KHTML, like Gecko) Chrome/100.0.4896.79 Safari/537.36"
172.16.0.1 - - [18/Aug/2023:02:35:41 -0700] "GET /modules/en-binofino/B&NFiles/B&FEpisode3_480p30.mp4 HTTP/1.1" 304 131 "http://172.16.0.199/modules/en-binofino/index.html" "Mozilla/5.0 (Linux; Android 9; KFMUWI) AppleWebKit/537.36 (KHTML, like Gecko) Chrome/99.0.4844.73 Safari/537.36"
192.168.33.245 - - [18/Aug/2023:02:35:44 -0700] "-" 408 0 "-" "-"
172.16.0.1 - - [18/Aug/2023:02:35:52 -0700] "GET /modules/en-binofino/B&NFiles/B&FEpisode3_480p30.mp4 HTTP/1.1" 304 131 "http://172.16.0.199/modules/en-binofino/index.html" "Mozilla/5.0 (Linux; Android 9; KFMUWI) AppleWebKit/537.36 (KHTML, like Gecko) Chrome/99.0.4844.73 Safari/537.36"
172.16.0.1 - - [18/Aug/2023:02:35:52 -0700] "GET /modules/en-binofino/B&NFiles/B&FEpisode3_480p30.mp4 HTTP/1.1" 200 466256 "http://172.16.0.199/modules/en-binofino/index.html" "Mozilla/5.0 (Linux; Android 9; KFMUWI) AppleWebKit/537.36 (KHTML, like Gecko) Chrome/99.0.4844.73 Safari/537.36"
172.16.0.1 - - [18/Aug/2023:02:35:53 -0700] "GET /modules/en-binofino/B&NFiles/B&FEpisode3_480p30.mp4 HTTP/1.1" 206 505067 "http://172.16.0.199/modules/en-binofino/B&NFiles/B&FEpisode3_480p30.mp4" "Mozilla/5.0 (Linux; Android 9; KFMUWI) AppleWebKit/537.36 (KHTML, like Gecko) Chrome/99.0.4844.73 Safari/537.36"
172.16.0.1 - - [18/Aug/2023:02:35:57 -0700] "GET /modules/en-binofino/B&NFiles/B&FEpisode3_480p30.mp4 HTTP/1.1" 206 543000 "http://172.16.0.199/modules/en-binofino/index.html" "Mozilla/5.0 (Linux; Android 9; KFMUWI) AppleWebKit/537.36 (KHTML, like Gecko) Chrome/99.0.4844.73 Safari/537.36"
172.16.0.1 - - [18/Aug/2023:02:36:00 -0700] "GET /modules/en-binofino/B&NFiles/B&FEpisode3_480p30.mp4 HTTP/1.1" 206 505067 "http://172.16.0.199/modules/en-binofino/B&NFiles/B&FEpisode3_480p30.mp4" "Mozilla/5.0 (X11; Linux x86_64) AppleWebKit/537.36 (KHTML, like Gecko) Chrome/114.0.0.0 Safari/537.36"
172.16.0.1 - - [18/Aug/2023:02:35:57 -0700] "GET /modules/en-binofino/B&NFiles/B&FEpisode3_480p30.mp4 HTTP/1.1" 206 5820960 "http://172.16.0.199/modules/en-binofino/B&NFiles/B&FEpisode3_480p30.mp4" "Mozilla/5.0 (Linux; Android 9; KFMUWI) AppleWebKit/537.36 (KHTML, like Gecko) Chrome/99.0.4844.73 Safari/537.36"
172.16.0.1 - - [18/Aug/2023:02:36:01 -0700] "GET /modules/en-binofino/B&NFiles/B&FEpisode3_480p30.mp4 HTTP/1.1" 206 836944 "http://172.16.0.199/modules/en-binofino/B&NFiles/B&FEpisode3_480p30.mp4" "Mozilla/5.0 (Linux; Android 9; KFMUWI) AppleWebKit/537.36 (KHTML, like Gecko) Chrome/99.0.4844.73 Safari/537.36"
172.16.0.1 - - [18/Aug/2023:02:36:01 -0700] "GET /modules/en-binofino/B&NFiles/B&FEpisode3_480p30.mp4 HTTP/1.1" 206 428608 "http://172.16.0.199/modules/en-binofino/B&NFiles/B&FEpisode3_480p30.mp4" "Mozilla/5.0 (Linux; Android 9; KFMUWI) AppleWebKit/537.36 (KHTML, like Gecko) Chrome/99.0.4844.73 Safari/537.36"
172.16.0.1 - - [18/Aug/2023:02:36:01 -0700] "GET /modules/en-binofino/B&NFiles/B&FEpisode3_480p30.mp4 HTTP/1.1" 206 794952 "http://172.16.0.199/modules/en-binofino/B&NFiles/B&FEpisode3_480p30.mp4" "Mozilla/5.0 (Linux; Android 9; KFMUWI) AppleWebKit/537.36 (KHTML, like Gecko) Chrome/99.0.4844.73 Safari/537.36"
172.16.0.1 - - [18/Aug/2023:02:36:01 -0700] "GET /modules/en-binofino/B&NFiles/B&FEpisode3_480p30.mp4 HTTP/1.1" 206 46336 "http://172.16.0.199/modules/en-binofino/B&NFiles/B&FEpisode3_480p30.mp4" "Mozilla/5.0 (Linux; Android 9; KFMUWI) AppleWebKit/537.36 (KHTML, like Gecko) Chrome/99.0.4844.73 Safari/537.36"
172.16.0.1 - - [18/Aug/2023:02:36:01 -0700] "GET /modules/en-binofino/B&NFiles/B&FEpisode3_480p30.mp4 HTTP/1.1" 206 838392 "http://172.16.0.199/modules/en-binofino/B&NFiles/B&FEpisode3_480p30.mp4" "Mozilla/5.0 (Linux; Android 9; KFMUWI) AppleWebKit/537.36 (KHTML, like Gecko) Chrome/99.0.4844.73 Safari/537.36"
172.16.0.1 - - [18/Aug/2023:02:36:01 -0700] "GET /modules/en-binofino/B&NFiles/B&FEpisode3_480p30.mp4 HTTP/1.1" 206 696488 "http://172.16.0.199/modules/en-binofino/B&NFiles/B&FEpisode3_480p30.mp4" "Mozilla/5.0 (Linux; Android 9; KFMUWI) AppleWebKit/537.36 (KHTML, like Gecko) Chrome/99.0.4844.73 Safari/537.36"
172.16.0.1 - - [18/Aug/2023:02:36:01 -0700] "GET /modules/en-binofino/B&NFiles/B&FEpisode3_480p30.mp4 HTTP/1.1" 206 40544 "http://172.16.0.199/modules/en-binofino/B&NFiles/B&FEpisode3_480p30.mp4" "Mozilla/5.0 (Linux; Android 9; KFMUWI) AppleWebKit/537.36 (KHTML, like Gecko) Chrome/99.0.4844.73 Safari/537.36"
172.16.0.1 - - [18/Aug/2023:02:36:01 -0700] "GET /modules/en-binofino/B&NFiles/B&FEpisode3_480p30.mp4 HTTP/1.1" 206 44888 "http://172.16.0.199/modules/en-binofino/B&NFiles/B&FEpisode3_480p30.mp4" "Mozilla/5.0 (Linux; Android 9; KFMUWI) AppleWebKit/537.36 (KHTML, like Gecko) Chrome/99.0.4844.73 Safari/537.36"
172.16.0.1 - - [18/Aug/2023:02:36:01 -0700] "GET /modules/en-binofino/B&NFiles/B&FEpisode3_480p30.mp4 HTTP/1.1" 206 159280 "http://172.16.0.199/modules/en-binofino/B&NFiles/B&FEpisode3_480p30.mp4" "Mozilla/5.0 (Linux; Android 9; KFMUWI) AppleWebKit/537.36 (KHTML, like Gecko) Chrome/99.0.4844.73 Safari/537.36"
172.16.0.1 - - [18/Aug/2023:02:36:01 -0700] "GET /modules/en-binofino/B&NFiles/B&FEpisode3_480p30.mp4 HTTP/1.1" 206 40544 "http://172.16.0.199/modules/en-binofino/B&NFiles/B&FEpisode3_480p30.mp4" "Mozilla/5.0 (Linux; Android 9; KFMUWI) AppleWebKit/537.36 (KHTML, like Gecko) Chrome/99.0.4844.73 Safari/537.36"
172.16.0.1 - - [18/Aug/2023:02:36:01 -0700] "GET /modules/en-binofino/B&NFiles/B&FEpisode3_480p30.mp4 HTTP/1.1" 206 399408 "http://172.16.0.199/modules/en-binofino/B&NFiles/B&FEpisode3_480p30.mp4" "Mozilla/5.0 (Linux; Android 9; KFMUWI) AppleWebKit/537.36 (KHTML, like Gecko) Chrome/99.0.4844.73 Safari/537.36"
172.16.0.1 - - [18/Aug/2023:02:36:01 -0700] "GET /modules/en-binofino/B&NFiles/B&FEpisode3_480p30.mp4 HTTP/1.1" 206 46336 "http://172.16.0.199/modules/en-binofino/B&NFiles/B&FEpisode3_480p30.mp4" "Mozilla/5.0 (Linux; Android 9; KFMUWI) AppleWebKit/537.36 (KHTML, like Gecko) Chrome/99.0.4844.73 Safari/537.36"
172.16.0.1 - - [18/Aug/2023:02:36:01 -0700] "GET /modules/en-binofino/B&NFiles/B&FEpisode3_480p30.mp4 HTTP/1.1" 206 46336 "http://172.16.0.199/modules/en-binofino/B&NFiles/B&FEpisode3_480p30.mp4" "Mozilla/5.0 (Linux; Android 9; KFMUWI) AppleWebKit/537.36 (KHTML, like Gecko) Chrome/99.0.4844.73 Safari/537.36"
172.16.0.1 - - [18/Aug/2023:02:36:01 -0700] "GET /modules/en-binofino/B&NFiles/B&FEpisode3_480p30.mp4 HTTP/1.1" 206 1726016 "http://172.16.0.199/modules/en-binofino/B&NFiles/B&FEpisode3_480p30.mp4" "Mozilla/5.0 (Linux; Android 9; KFMUWI) AppleWebKit/537.36 (KHTML, like Gecko) Chrome/99.0.4844.73 Safari/537.36"
172.16.0.1 - - [18/Aug/2023:02:36:01 -0700] "GET /modules/en-binofino/B&NFiles/B&FEpisode3_480p30.mp4 HTTP/1.1" 206 98464 "http://172.16.0.199/modules/en-binofino/B&NFiles/B&FEpisode3_480p30.mp4" "Mozilla/5.0 (Linux; Android 9; KFMUWI) AppleWebKit/537.36 (KHTML, like Gecko) Chrome/99.0.4844.73 Safari/537.36"
172.16.0.1 - - [18/Aug/2023:02:36:01 -0700] "GET /modules/en-binofino/B&NFiles/B&FEpisode3_480p30.mp4 HTTP/1.1" 206 173760 "http://172.16.0.199/modules/en-binofino/B&NFiles/B&FEpisode3_480p30.mp4" "Mozilla/5.0 (Linux; Android 9; KFMUWI) AppleWebKit/537.36 (KHTML, like Gecko) Chrome/99.0.4844.73 Safari/537.36"
172.16.0.1 - - [18/Aug/2023:02:36:01 -0700] "GET /modules/en-binofino/B&NFiles/B&FEpisode3_480p30.mp4 HTTP/1.1" 206 46336 "http://172.16.0.199/modules/en-binofino/B&NFiles/B&FEpisode3_480p30.mp4" "Mozilla/5.0 (Linux; Android 9; KFMUWI) AppleWebKit/537.36 (KHTML, like Gecko) Chrome/99.0.4844.73 Safari/537.36"
172.16.0.1 - - [18/Aug/2023:02:36:01 -0700] "GET /modules/en-binofino/B&NFiles/B&FEpisode3_480p30.mp4 HTTP/1.1" 206 363448 "http://172.16.0.199/modules/en-binofino/B&NFiles/B&FEpisode3_480p30.mp4" "Mozilla/5.0 (Linux; Android 9; KFMUWI) AppleWebKit/537.36 (KHTML, like Gecko) Chrome/99.0.4844.73 Safari/537.36"
172.16.0.1 - - [18/Aug/2023:02:36:02 -0700] "GET /modules/en-binofino/B&NFiles/B&FEpisode3_480p30.mp4 HTTP/1.1" 206 46336 "http://172.16.0.199/modules/en-binofino/B&NFiles/B&FEpisode3_480p30.mp4" "Mozilla/5.0 (Linux; Android 9; KFMUWI) AppleWebKit/537.36 (KHTML, like Gecko) Chrome/99.0.4844.73 Safari/537.36"
172.16.0.1 - - [18/Aug/2023:02:36:02 -0700] "GET /modules/en-binofino/B&NFiles/B&FEpisode3_480p30.mp4 HTTP/1.1" 206 784816 "http://172.16.0.199/modules/en-binofino/B&NFiles/B&FEpisode3_480p30.mp4" "Mozilla/5.0 (Linux; Android 9; KFMUWI) AppleWebKit/537.36 (KHTML, like Gecko) Chrome/99.0.4844.73 Safari/537.36"
172.16.0.1 - - [18/Aug/2023:02:36:02 -0700] "GET /modules/en-binofino/B&NFiles/B&FEpisode3_480p30.mp4 HTTP/1.1" 206 2101048 "http://172.16.0.199/modules/en-binofino/B&NFiles/B&FEpisode3_480p30.mp4" "Mozilla/5.0 (Linux; Android 9; KFMUWI) AppleWebKit/537.36 (KHTML, like Gecko) Chrome/99.0.4844.73 Safari/537.36"
172.16.0.1 - - [18/Aug/2023:02:36:02 -0700] "GET /modules/en-binofino/B&NFiles/B&FEpisode3_480p30.mp4 HTTP/1.1" 206 101360 "http://172.16.0.199/modules/en-binofino/B&NFiles/B&FEpisode3_480p30.mp4" "Mozilla/5.0 (Linux; Android 9; KFMUWI) AppleWebKit/537.36 (KHTML, like Gecko) Chrome/99.0.4844.73 Safari/537.36"
172.16.0.1 - - [18/Aug/2023:02:36:02 -0700] "GET /modules/en-binofino/B&NFiles/B&FEpisode3_480p30.mp4 HTTP/1.1" 206 667528 "http://172.16.0.199/modules/en-binofino/B&NFiles/B&FEpisode3_480p30.mp4" "Mozilla/5.0 (Linux; Android 9; KFMUWI) AppleWebKit/537.36 (KHTML, like Gecko) Chrome/99.0.4844.73 Safari/537.36"
172.16.0.1 - - [18/Aug/2023:02:36:02 -0700] "GET /modules/en-binofino/B&NFiles/B&FEpisode3_480p30.mp4 HTTP/1.1" 206 101360 "http://172.16.0.199/modules/en-binofino/B&NFiles/B&FEpisode3_480p30.mp4" "Mozilla/5.0 (Linux; Android 9; KFMUWI) AppleWebKit/537.36 (KHTML, like Gecko) Chrome/99.0.4844.73 Safari/537.36"
172.16.0.1 - - [18/Aug/2023:02:36:02 -0700] "GET /modules/en-binofino/B&NFiles/B&FEpisode3_480p30.mp4 HTTP/1.1" 206 356208 "http://172.16.0.199/modules/en-binofino/B&NFiles/B&FEpisode3_480p30.mp4" "Mozilla/5.0 (Linux; Android 9; KFMUWI) AppleWebKit/537.36 (KHTML, like Gecko) Chrome/99.0.4844.73 Safari/537.36"
172.16.0.1 - - [18/Aug/2023:02:36:02 -0700] "GET /modules/en-binofino/B&NFiles/B&FEpisode3_480p30.mp4 HTTP/1.1" 206 46336 "http://172.16.0.199/modules/en-binofino/B&NFiles/B&FEpisode3_480p30.mp4" "Mozilla/5.0 (Linux; Android 9; KFMUWI) AppleWebKit/537.36 (KHTML, like Gecko) Chrome/99.0.4844.73 Safari/537.36"
172.16.0.1 - - [18/Aug/2023:02:36:02 -0700] "GET /modules/en-binofino/B&NFiles/B&FEpisode3_480p30.mp4 HTTP/1.1" 206 273672 "http://172.16.0.199/modules/en-binofino/B&NFiles/B&FEpisode3_480p30.mp4" "Mozilla/5.0 (Linux; Android 9; KFMUWI) AppleWebKit/537.36 (KHTML, like Gecko) Chrome/99.0.4844.73 Safari/537.36"
172.16.0.1 - - [18/Aug/2023:02:36:02 -0700] "GET /modules/en-binofino/B&NFiles/B&FEpisode3_480p30.mp4 HTTP/1.1" 206 519832 "http://172.16.0.199/modules/en-binofino/B&NFiles/B&FEpisode3_480p30.mp4" "Mozilla/5.0 (Linux; Android 9; KFMUWI) AppleWebKit/537.36 (KHTML, like Gecko) Chrome/99.0.4844.73 Safari/537.36"
172.16.0.1 - - [18/Aug/2023:02:36:02 -0700] "GET /modules/en-binofino/B&NFiles/B&FEpisode3_480p30.mp4 HTTP/1.1" 206 335936 "http://172.16.0.199/modules/en-binofino/B&NFiles/B&FEpisode3_480p30.mp4" "Mozilla/5.0 (Linux; Android 9; KFMUWI) AppleWebKit/537.36 (KHTML, like Gecko) Chrome/99.0.4844.73 Safari/537.36"
172.16.0.1 - - [18/Aug/2023:02:36:02 -0700] "GET /modules/en-binofino/B&NFiles/B&FEpisode3_480p30.mp4 HTTP/1.1" 206 902104 "http://172.16.0.199/modules/en-binofino/B&NFiles/B&FEpisode3_480p30.mp4" "Mozilla/5.0 (Linux; Android 9; KFMUWI) AppleWebKit/537.36 (KHTML, like Gecko) Chrome/99.0.4844.73 Safari/537.36"
172.16.0.1 - - [18/Aug/2023:02:36:02 -0700] "GET /modules/en-binofino/B&NFiles/B&FEpisode3_480p30.mp4 HTTP/1.1" 206 396752 "http://172.16.0.199/modules/en-binofino/B&NFiles/B&FEpisode3_480p30.mp4" "Mozilla/5.0 (Linux; Android 9; KFMUWI) AppleWebKit/537.36 (KHTML, like Gecko) Chrome/99.0.4844.73 Safari/537.36"
172.16.0.1 - - [18/Aug/2023:02:36:02 -0700] "GET /modules/en-binofino/B&NFiles/B&FEpisode3_480p30.mp4 HTTP/1.1" 206 101360 "http://172.16.0.199/modules/en-binofino/B&NFiles/B&FEpisode3_480p30.mp4" "Mozilla/5.0 (Linux; Android 9; KFMUWI) AppleWebKit/537.36 (KHTML, like Gecko) Chrome/99.0.4844.73 Safari/537.36"
172.16.0.1 - - [18/Aug/2023:02:36:02 -0700] "GET /modules/en-binofino/B&NFiles/B&FEpisode3_480p30.mp4 HTTP/1.1" 206 222992 "http://172.16.0.199/modules/en-binofino/B&NFiles/B&FEpisode3_480p30.mp4" "Mozilla/5.0 (Linux; Android 9; KFMUWI) AppleWebKit/537.36 (KHTML, like Gecko) Chrome/99.0.4844.73 Safari/537.36"
172.16.0.1 - - [18/Aug/2023:02:36:02 -0700] "GET /modules/en-binofino/B&NFiles/B&FEpisode3_480p30.mp4 HTTP/1.1" 206 107152 "http://172.16.0.199/modules/en-binofino/B&NFiles/B&FEpisode3_480p30.mp4" "Mozilla/5.0 (Linux; Android 9; KFMUWI) AppleWebKit/537.36 (KHTML, like Gecko) Chrome/99.0.4844.73 Safari/537.36"
172.16.0.1 - - [18/Aug/2023:02:36:02 -0700] "GET /modules/en-binofino/B&NFiles/B&FEpisode3_480p30.mp4 HTTP/1.1" 206 101360 "http://172.16.0.199/modules/en-binofino/B&NFiles/B&FEpisode3_480p30.mp4" "Mozilla/5.0 (Linux; Android 9; KFMUWI) AppleWebKit/537.36 (KHTML, like Gecko) Chrome/99.0.4844.73 Safari/537.36"
172.16.0.1 - - [18/Aug/2023:02:36:02 -0700] "GET /modules/en-binofino/B&NFiles/B&FEpisode3_480p30.mp4 HTTP/1.1" 206 222992 "http://172.16.0.199/modules/en-binofino/B&NFiles/B&FEpisode3_480p30.mp4" "Mozilla/5.0 (Linux; Android 9; KFMUWI) AppleWebKit/537.36 (KHTML, like Gecko) Chrome/99.0.4844.73 Safari/537.36"
172.16.0.1 - - [18/Aug/2023:02:36:03 -0700] "GET /modules/en-binofino/B&NFiles/B&FEpisode3_480p30.mp4 HTTP/1.1" 206 165072 "http://172.16.0.199/modules/en-binofino/B&NFiles/B&FEpisode3_480p30.mp4" "Mozilla/5.0 (Linux; Android 9; KFMUWI) AppleWebKit/537.36 (KHTML, like Gecko) Chrome/99.0.4844.73 Safari/537.36"
172.16.0.1 - - [18/Aug/2023:02:36:03 -0700] "GET /modules/en-binofino/B&NFiles/B&FEpisode3_480p30.mp4 HTTP/1.1" 206 46336 "http://172.16.0.199/modules/en-binofino/B&NFiles/B&FEpisode3_480p30.mp4" "Mozilla/5.0 (Linux; Android 9; KFMUWI) AppleWebKit/537.36 (KHTML, like Gecko) Chrome/99.0.4844.73 Safari/537.36"
172.16.0.1 - - [18/Aug/2023:02:36:03 -0700] "GET /modules/en-binofino/B&NFiles/B&FEpisode3_480p30.mp4 HTTP/1.1" 206 390960 "http://172.16.0.199/modules/en-binofino/B&NFiles/B&FEpisode3_480p30.mp4" "Mozilla/5.0 (Linux; Android 9; KFMUWI) AppleWebKit/537.36 (KHTML, like Gecko) Chrome/99.0.4844.73 Safari/537.36"
172.16.0.1 - - [18/Aug/2023:02:36:03 -0700] "GET /modules/en-binofino/B&NFiles/B&FEpisode3_480p30.mp4 HTTP/1.1" 206 46336 "http://172.16.0.199/modules/en-binofino/B&NFiles/B&FEpisode3_480p30.mp4" "Mozilla/5.0 (Linux; Android 9; KFMUWI) AppleWebKit/537.36 (KHTML, like Gecko) Chrome/99.0.4844.73 Safari/537.36"
172.16.0.1 - - [18/Aug/2023:02:36:03 -0700] "GET /modules/en-binofino/B&NFiles/B&FEpisode3_480p30.mp4 HTTP/1.1" 206 613952 "http://172.16.0.199/modules/en-binofino/B&NFiles/B&FEpisode3_480p30.mp4" "Mozilla/5.0 (Linux; Android 9; KFMUWI) AppleWebKit/537.36 (KHTML, like Gecko) Chrome/99.0.4844.73 Safari/537.36"
172.16.0.1 - - [18/Aug/2023:02:36:03 -0700] "GET /modules/en-binofino/B&NFiles/B&FEpisode3_480p30.mp4 HTTP/1.1" 206 701675 "http://172.16.0.199/modules/en-binofino/B&NFiles/B&FEpisode3_480p30.mp4" "Mozilla/5.0 (Linux; Android 9; KFMUWI) AppleWebKit/537.36 (KHTML, like Gecko) Chrome/99.0.4844.73 Safari/537.36"
172.16.0.1 - - [18/Aug/2023:02:36:04 -0700] "GET /modules/en-binofino/B&NFiles/B&FEpisode3_480p30.mp4 HTTP/1.1" 206 2295080 "http://172.16.0.199/modules/en-binofino/B&NFiles/B&FEpisode3_480p30.mp4" "Mozilla/5.0 (Linux; Android 9; KFMUWI) AppleWebKit/537.36 (KHTML, like Gecko) Chrome/99.0.4844.73 Safari/537.36"
172.16.0.1 - - [18/Aug/2023:02:36:04 -0700] "GET /modules/en-binofino/B&NFiles/B&FEpisode3_480p30.mp4 HTTP/1.1" 206 9700152 "http://172.16.0.199/modules/en-binofino/B&NFiles/B&FEpisode3_480p30.mp4" "Mozilla/5.0 (Linux; Android 9; KFMUWI) AppleWebKit/537.36 (KHTML, like Gecko) Chrome/99.0.4844.73 Safari/537.36"
172.16.0.1 - - [18/Aug/2023:02:36:27 -0700] "GET /js/bootstrap.min.js HTTP/1.1" 404 1516 "http://172.16.0.199/multimedia.php" "Mozilla/5.0 (Linux; Android 9; KFMUWI) AppleWebKit/537.36 (KHTML, like Gecko) Chrome/99.0.4844.73 Safari/537.36"
172.16.0.1 - - [18/Aug/2023:02:36:37 -0700] "GET /literacy.php HTTP/1.1" 200 1993 "http://172.16.0.199/" "Mozilla/5.0 (Linux; Android 9; KFMUWI) AppleWebKit/537.36 (KHTML, like Gecko) Chrome/99.0.4844.73 Safari/537.36"
172.16.0.1 - - [18/Aug/2023:02:36:37 -0700] "GET /js/bootstrap.min.js HTTP/1.1" 404 1516 "http://172.16.0.199/literacy.php" "Mozilla/5.0 (Linux; Android 9; KFMUWI) AppleWebKit/537.36 (KHTML, like Gecko) Chrome/99.0.4844.73 Safari/537.36"
172.16.0.1 - - [18/Aug/2023:02:36:41 -0700] "GET /modules/en-binofino/B&NFiles/B&FEpisode3_480p30.mp4 HTTP/1.1" 304 131 "http://172.16.0.199/modules/en-binofino/index.html" "Mozilla/5.0 (Linux; Android 9; KFMUWI) AppleWebKit/537.36 (KHTML, like Gecko) Chrome/99.0.4844.73 Safari/537.36"
172.16.0.1 - - [18/Aug/2023:02:36:41 -0700] "GET /modules/en-binofino/B&NFiles/B&FEpisode3_480p30.mp4 HTTP/1.1" 206 181000 "http://172.16.0.199/modules/en-binofino/index.html" "Mozilla/5.0 (Linux; Android 9; KFMUWI) AppleWebKit/537.36 (KHTML, like Gecko) Chrome/99.0.4844.73 Safari/537.36"
172.16.0.1 - - [18/Aug/2023:02:36:41 -0700] "GET /modules/en-binofino/B&NFiles/B&FEpisode3_480p30.mp4 HTTP/1.1" 206 46336 "http://172.16.0.199/modules/en-binofino/B&NFiles/B&FEpisode3_480p30.mp4" "Mozilla/5.0 (Linux; Android 9; KFMUWI) AppleWebKit/537.36 (KHTML, like Gecko) Chrome/99.0.4844.73 Safari/537.36"
172.16.0.1 - - [18/Aug/2023:02:36:50 -0700] "GET /modules/en-binofino/B&NFiles/B&FEpisode3_480p30.mp4 HTTP/1.1" 206 1125018 "http://172.16.0.199/modules/en-binofino/B&NFiles/B&FEpisode3_480p30.mp4" "Mozilla/5.0 (Linux; Android 9; KFMUWI) AppleWebKit/537.36 (KHTML, like Gecko) Chrome/99.0.4844.73 Safari/537.36"
172.16.0.1 - - [18/Aug/2023:02:37:15 -0700] "GET /modules/en-binofino/B&NFiles/B&FEpisode13_480p30.mp4 HTTP/1.1" 206 367792 "http://172.16.0.199/modules/en-binofino/index.html" "Mozilla/5.0 (X11; Linux x86_64) AppleWebKit/537.36 (KHTML, like Gecko) Chrome/114.0.0.0 Safari/537.36"
172.16.0.1 - - [18/Aug/2023:02:37:16 -0700] "GET /modules/en-binofino/B&NFiles/B&FEpisode13_480p30.mp4 HTTP/1.1" 206 331592 "http://172.16.0.199/modules/en-binofino/B&NFiles/B&FEpisode13_480p30.mp4" "Mozilla/5.0 (X11; Linux x86_64) AppleWebKit/537.36 (KHTML, like Gecko) Chrome/114.0.0.0 Safari/537.36"
172.16.0.1 - - [18/Aug/2023:02:37:16 -0700] "GET /modules/en-binofino/B&NFiles/B&FEpisode13_480p30.mp4 HTTP/1.1" 206 315715 "http://172.16.0.199/modules/en-binofino/B&NFiles/B&FEpisode13_480p30.mp4" "Mozilla/5.0 (X11; Linux x86_64) AppleWebKit/537.36 (KHTML, like Gecko) Chrome/114.0.0.0 Safari/537.36"
192.168.33.239 - - [18/Aug/2023:02:37:18 -0700] "GET /modules/en-binofino/B&NFiles/B&FEpisode13_480p30.mp4 HTTP/1.1" 200 208512 "http://172.16.0.199/modules/en-binofino/index.html" "Mozilla/5.0 (Linux; Android 9; KFMUWI) AppleWebKit/537.36 (KHTML, like Gecko) Chrome/100.0.4896.79 Safari/537.36"
192.168.33.239 - - [18/Aug/2023:02:37:18 -0700] "GET /modules/en-binofino/B&NFiles/B&FEpisode13_480p30.mp4 HTTP/1.1" 206 236024 "http://172.16.0.199/modules/en-binofino/B&NFiles/B&FEpisode13_480p30.mp4" "Mozilla/5.0 (Linux; Android 9; KFMUWI) AppleWebKit/537.36 (KHTML, like Gecko) Chrome/100.0.4896.79 Safari/537.36"
192.168.33.239 - - [18/Aug/2023:02:37:18 -0700] "GET /modules/en-binofino/B&NFiles/B&FEpisode13_480p30.mp4 HTTP/1.1" 206 512379 "http://172.16.0.199/modules/en-binofino/B&NFiles/B&FEpisode13_480p30.mp4" "Mozilla/5.0 (Linux; Android 9; KFMUWI) AppleWebKit/537.36 (KHTML, like Gecko) Chrome/100.0.4896.79 Safari/537.36"
192.168.33.250 - - [18/Aug/2023:02:34:47 -0700] "GET /modules/en-binofino/B&NFiles/B&FEpisode13_480p30.mp4 HTTP/1.1" 206 18599801 "http://172.16.0.199/modules/en-binofino/B&NFiles/B&FEpisode13_480p30.mp4" "Mozilla/5.0 (Linux; Android 9; KFMUWI) AppleWebKit/537.36 (KHTML, like Gecko) Chrome/99.0.4844.73 Safari/537.36"
172.16.0.1 - - [18/Aug/2023:02:37:50 -0700] "GET /modules/en-binofino/B&NFiles/B&FEpisode3_480p30.mp4 HTTP/1.1" 304 131 "http://172.16.0.199/modules/en-binofino/index.html" "Mozilla/5.0 (Linux; Android 9; KFMUWI) AppleWebKit/537.36 (KHTML, like Gecko) Chrome/99.0.4844.73 Safari/537.36"
192.168.33.240 - - [18/Aug/2023:02:32:38 -0700] "GET /modules/en-binofino/B&NFiles/B&FEpisode13_480p30.mp4 HTTP/1.1" 206 41216229 "http://172.16.0.199/modules/en-binofino/B&NFiles/B&FEpisode13_480p30.mp4" "Mozilla/5.0 (Linux; Android 9; KFMUWI) AppleWebKit/537.36 (KHTML, like Gecko) Chrome/114.0.0.0 Safari/537.36"
192.168.33.239 - - [18/Aug/2023:02:37:19 -0700] "GET /modules/en-binofino/B&NFiles/B&FEpisode13_480p30.mp4 HTTP/1.1" 206 20803416 "http://172.16.0.199/modules/en-binofino/B&NFiles/B&FEpisode13_480p30.mp4" "Mozilla/5.0 (Linux; Android 9; KFMUWI) AppleWebKit/537.36 (KHTML, like Gecko) Chrome/100.0.4896.79 Safari/537.36"
172.16.0.1 - - [18/Aug/2023:02:38:54 -0700] "GET /modules/en-binofino/B&NFiles/B&FEpisode3_480p30.mp4 HTTP/1.1" 206 9708840 "http://172.16.0.199/modules/en-binofino/B&NFiles/B&FEpisode3_480p30.mp4" "Mozilla/5.0 (Linux; Android 9; KFMUWI) AppleWebKit/537.36 (KHTML, like Gecko) Chrome/99.0.4844.73 Safari/537.36"
172.16.0.1 - - [18/Aug/2023:02:39:51 -0700] "GET /modules/en-binofino/B&NFiles/B&FEpisode3_480p30.mp4 HTTP/1.1" 206 684904 "http://172.16.0.199/modules/en-binofino/B&NFiles/B&FEpisode3_480p30.mp4" "Mozilla/5.0 (Linux; Android 9; KFMUWI) AppleWebKit/537.36 (KHTML, like Gecko) Chrome/99.0.4844.73 Safari/537.36"
172.16.0.1 - - [18/Aug/2023:02:39:51 -0700] "GET /modules/en-binofino/B&NFiles/B&FEpisode3_480p30.mp4 HTTP/1.1" 206 731240 "http://172.16.0.199/modules/en-binofino/B&NFiles/B&FEpisode3_480p30.mp4" "Mozilla/5.0 (Linux; Android 9; KFMUWI) AppleWebKit/537.36 (KHTML, like Gecko) Chrome/99.0.4844.73 Safari/537.36"
172.16.0.1 - - [18/Aug/2023:02:39:51 -0700] "GET /modules/en-binofino/B&NFiles/B&FEpisode3_480p30.mp4 HTTP/1.1" 206 98464 "http://172.16.0.199/modules/en-binofino/B&NFiles/B&FEpisode3_480p30.mp4" "Mozilla/5.0 (Linux; Android 9; KFMUWI) AppleWebKit/537.36 (KHTML, like Gecko) Chrome/99.0.4844.73 Safari/537.36"
172.16.0.1 - - [18/Aug/2023:02:39:51 -0700] "GET /modules/en-binofino/B&NFiles/B&FEpisode3_480p30.mp4 HTTP/1.1" 206 276568 "http://172.16.0.199/modules/en-binofino/B&NFiles/B&FEpisode3_480p30.mp4" "Mozilla/5.0 (Linux; Android 9; KFMUWI) AppleWebKit/537.36 (KHTML, like Gecko) Chrome/99.0.4844.73 Safari/537.36"
172.16.0.1 - - [18/Aug/2023:02:39:51 -0700] "GET /modules/en-binofino/B&NFiles/B&FEpisode3_480p30.mp4 HTTP/1.1" 206 46336 "http://172.16.0.199/modules/en-binofino/B&NFiles/B&FEpisode3_480p30.mp4" "Mozilla/5.0 (Linux; Android 9; KFMUWI) AppleWebKit/537.36 (KHTML, like Gecko) Chrome/99.0.4844.73 Safari/537.36"
172.16.0.1 - - [18/Aug/2023:02:39:51 -0700] "GET /modules/en-binofino/B&NFiles/B&FEpisode3_480p30.mp4 HTTP/1.1" 206 228784 "http://172.16.0.199/modules/en-binofino/B&NFiles/B&FEpisode3_480p30.mp4" "Mozilla/5.0 (Linux; Android 9; KFMUWI) AppleWebKit/537.36 (KHTML, like Gecko) Chrome/99.0.4844.73 Safari/537.36"
172.16.0.1 - - [18/Aug/2023:02:39:51 -0700] "GET /modules/en-binofino/B&NFiles/B&FEpisode3_480p30.mp4 HTTP/1.1" 206 104256 "http://172.16.0.199/modules/en-binofino/B&NFiles/B&FEpisode3_480p30.mp4" "Mozilla/5.0 (Linux; Android 9; KFMUWI) AppleWebKit/537.36 (KHTML, like Gecko) Chrome/99.0.4844.73 Safari/537.36"
172.16.0.1 - - [18/Aug/2023:02:39:51 -0700] "GET /modules/en-binofino/B&NFiles/B&FEpisode3_480p30.mp4 HTTP/1.1" 206 236024 "http://172.16.0.199/modules/en-binofino/B&NFiles/B&FEpisode3_480p30.mp4" "Mozilla/5.0 (Linux; Android 9; KFMUWI) AppleWebKit/537.36 (KHTML, like Gecko) Chrome/99.0.4844.73 Safari/537.36"
172.16.0.1 - - [18/Aug/2023:02:39:51 -0700] "GET /modules/en-binofino/B&NFiles/B&FEpisode3_480p30.mp4 HTTP/1.1" 206 92672 "http://172.16.0.199/modules/en-binofino/B&NFiles/B&FEpisode3_480p30.mp4" "Mozilla/5.0 (Linux; Android 9; KFMUWI) AppleWebKit/537.36 (KHTML, like Gecko) Chrome/99.0.4844.73 Safari/537.36"
172.16.0.1 - - [18/Aug/2023:02:39:51 -0700] "GET /modules/en-binofino/B&NFiles/B&FEpisode3_480p30.mp4 HTTP/1.1" 206 98464 "http://172.16.0.199/modules/en-binofino/B&NFiles/B&FEpisode3_480p30.mp4" "Mozilla/5.0 (Linux; Android 9; KFMUWI) AppleWebKit/537.36 (KHTML, like Gecko) Chrome/99.0.4844.73 Safari/537.36"
172.16.0.1 - - [18/Aug/2023:02:39:51 -0700] "GET /modules/en-binofino/B&NFiles/B&FEpisode3_480p30.mp4 HTTP/1.1" 206 228784 "http://172.16.0.199/modules/en-binofino/B&NFiles/B&FEpisode3_480p30.mp4" "Mozilla/5.0 (Linux; Android 9; KFMUWI) AppleWebKit/537.36 (KHTML, like Gecko) Chrome/99.0.4844.73 Safari/537.36"
192.168.33.241 - - [18/Aug/2023:02:33:14 -0700] "GET /modules/en-binofino/B&NFiles/B&FEpisode13_480p30.mp4 HTTP/1.1" 206 37110792 "http://172.16.0.199/modules/en-binofino/B&NFiles/B&FEpisode13_480p30.mp4" "Mozilla/5.0 (Linux; Android 9; KFMUWI) AppleWebKit/537.36 (KHTML, like Gecko) Chrome/114.0.0.0 Safari/537.36"
172.16.0.1 - - [18/Aug/2023:02:39:51 -0700] "GET /modules/en-binofino/B&NFiles/B&FEpisode3_480p30.mp4 HTTP/1.1" 206 10156272 "http://172.16.0.199/modules/en-binofino/B&NFiles/B&FEpisode3_480p30.mp4" "Mozilla/5.0 (Linux; Android 9; KFMUWI) AppleWebKit/537.36 (KHTML, like Gecko) Chrome/99.0.4844.73 Safari/537.36"
172.16.0.1 - - [18/Aug/2023:02:39:55 -0700] "GET /modules/en-binofino/B&NFiles/B&FEpisode3_480p30.mp4 HTTP/1.1" 206 46336 "http://172.16.0.199/modules/en-binofino/B&NFiles/B&FEpisode3_480p30.mp4" "Mozilla/5.0 (Linux; Android 9; KFMUWI) AppleWebKit/537.36 (KHTML, like Gecko) Chrome/99.0.4844.73 Safari/537.36"
172.16.0.1 - - [18/Aug/2023:02:39:55 -0700] "GET /modules/en-binofino/B&NFiles/B&FEpisode3_480p30.mp4 HTTP/1.1" 206 198376 "http://172.16.0.199/modules/en-binofino/B&NFiles/B&FEpisode3_480p30.mp4" "Mozilla/5.0 (Linux; Android 9; KFMUWI) AppleWebKit/537.36 (KHTML, like Gecko) Chrome/99.0.4844.73 Safari/537.36"
192.168.33.241 - - [18/Aug/2023:02:39:57 -0700] "GET /literacy.php HTTP/1.1" 200 2049 "http://172.16.0.199/" "Mozilla/5.0 (Linux; Android 9; KFMUWI) AppleWebKit/537.36 (KHTML, like Gecko) Chrome/114.0.0.0 Safari/537.36"
192.168.33.241 - - [18/Aug/2023:02:39:57 -0700] "GET /js/bootstrap.min.js HTTP/1.1" 404 1571 "http://172.16.0.199/literacy.php" "Mozilla/5.0 (Linux; Android 9; KFMUWI) AppleWebKit/537.36 (KHTML, like Gecko) Chrome/114.0.0.0 Safari/537.36"
192.168.33.241 - - [18/Aug/2023:02:40:02 -0700] "GET /modules/en-binofino/B&NFiles/B&FEpisode13_480p30.mp4 HTTP/1.1" 206 301184 "http://172.16.0.199/modules/en-binofino/index.html" "Mozilla/5.0 (Linux; Android 9; KFMUWI) AppleWebKit/537.36 (KHTML, like Gecko) Chrome/114.0.0.0 Safari/537.36"
192.168.33.241 - - [18/Aug/2023:02:40:02 -0700] "GET /modules/en-binofino/B&NFiles/B&FEpisode13_480p30.mp4 HTTP/1.1" 206 207064 "http://172.16.0.199/modules/en-binofino/B&NFiles/B&FEpisode13_480p30.mp4" "Mozilla/5.0 (Linux; Android 9; KFMUWI) AppleWebKit/537.36 (KHTML, like Gecko) Chrome/114.0.0.0 Safari/537.36"
192.168.33.241 - - [18/Aug/2023:02:40:02 -0700] "GET /modules/en-binofino/B&NFiles/B&FEpisode13_480p30.mp4 HTTP/1.1" 206 512379 "http://172.16.0.199/modules/en-binofino/B&NFiles/B&FEpisode13_480p30.mp4" "Mozilla/5.0 (Linux; Android 9; KFMUWI) AppleWebKit/537.36 (KHTML, like Gecko) Chrome/114.0.0.0 Safari/537.36"
192.168.33.244 - - [18/Aug/2023:02:33:30 -0700] "GET /modules/en-binofino/B&NFiles/B&FEpisode20_480p30.mp4 HTTP/1.1" 206 39103156 "http://172.16.0.199/modules/en-binofino/B&NFiles/B&FEpisode20_480p30.mp4" "Mozilla/5.0 (Linux; Android 9; KFMUWI) AppleWebKit/537.36 (KHTML, like Gecko) Chrome/114.0.0.0 Safari/537.36"
192.168.33.238 - - [18/Aug/2023:02:40:05 -0700] "GET /education.php HTTP/1.1" 200 2201 "http://172.16.0.199/" "Mozilla/5.0 (Linux; Android 9; KFMUWI) AppleWebKit/537.36 (KHTML, like Gecko) Chrome/97.0.4692.98 Safari/537.36"
192.168.33.239 - - [18/Aug/2023:02:40:06 -0700] "GET /modules/en-binofino/B&NFiles/B&FEpisode13_480p30.mp4 HTTP/1.1" 206 144800 "http://172.16.0.199/modules/en-binofino/index.html" "Mozilla/5.0 (Linux; Android 9; KFMUWI) AppleWebKit/537.36 (KHTML, like Gecko) Chrome/100.0.4896.79 Safari/537.36"
192.168.33.239 - - [18/Aug/2023:02:39:30 -0700] "GET /modules/en-binofino/B&NFiles/B&FEpisode13_480p30.mp4 HTTP/1.1" 206 3501264 "http://172.16.0.199/modules/en-binofino/B&NFiles/B&FEpisode13_480p30.mp4" "Mozilla/5.0 (Linux; Android 9; KFMUWI) AppleWebKit/537.36 (KHTML, like Gecko) Chrome/100.0.4896.79 Safari/537.36"
192.168.33.238 - - [18/Aug/2023:02:40:06 -0700] "GET /js/bootstrap.min.js HTTP/1.1" 404 1571 "http://172.16.0.199/education.php" "Mozilla/5.0 (Linux; Android 9; KFMUWI) AppleWebKit/537.36 (KHTML, like Gecko) Chrome/97.0.4692.98 Safari/537.36"
192.168.33.239 - - [18/Aug/2023:02:40:06 -0700] "GET /modules/en-binofino/B&NFiles/B&FEpisode13_480p30.mp4 HTTP/1.1" 200 726896 "http://172.16.0.199/modules/en-binofino/index.html" "Mozilla/5.0 (Linux; Android 9; KFMUWI) AppleWebKit/537.36 (KHTML, like Gecko) Chrome/100.0.4896.79 Safari/537.36"
192.168.33.238 - - [18/Aug/2023:02:40:06 -0700] "GET /modules/en-catdogbooks/logo.png HTTP/1.1" 200 72342 "http://172.16.0.199/education.php" "Mozilla/5.0 (Linux; Android 9; KFMUWI) AppleWebKit/537.36 (KHTML, like Gecko) Chrome/97.0.4692.98 Safari/537.36"
192.168.33.238 - - [18/Aug/2023:02:40:06 -0700] "GET /modules/en_educate/logo.png HTTP/1.1" 200 28850 "http://172.16.0.199/education.php" "Mozilla/5.0 (Linux; Android 9; KFMUWI) AppleWebKit/537.36 (KHTML, like Gecko) Chrome/97.0.4692.98 Safari/537.36"
192.168.33.238 - - [18/Aug/2023:02:40:06 -0700] "GET /modules/en-blockly-games/logo.png HTTP/1.1" 200 70933 "http://172.16.0.199/education.php" "Mozilla/5.0 (Linux; Android 9; KFMUWI) AppleWebKit/537.36 (KHTML, like Gecko) Chrome/97.0.4692.98 Safari/537.36"
192.168.33.238 - - [18/Aug/2023:02:40:06 -0700] "GET /modules/GhanaBasicSchool/images/Untitleddesign1.png HTTP/1.1" 200 396178 "http://172.16.0.199/education.php" "Mozilla/5.0 (Linux; Android 9; KFMUWI) AppleWebKit/537.36 (KHTML, like Gecko) Chrome/97.0.4692.98 Safari/537.36"
192.168.33.239 - - [18/Aug/2023:02:40:06 -0700] "GET /modules/en-binofino/B&NFiles/B&FEpisode13_480p30.mp4 HTTP/1.1" 206 208512 "http://172.16.0.199/modules/en-binofino/B&NFiles/B&FEpisode13_480p30.mp4" "Mozilla/5.0 (Linux; Android 9; KFMUWI) AppleWebKit/537.36 (KHTML, like Gecko) Chrome/100.0.4896.79 Safari/537.36"
192.168.33.239 - - [18/Aug/2023:02:40:06 -0700] "GET /modules/en-binofino/B&NFiles/B&FEpisode13_480p30.mp4 HTTP/1.1" 206 512379 "http://172.16.0.199/modules/en-binofino/B&NFiles/B&FEpisode13_480p30.mp4" "Mozilla/5.0 (Linux; Android 9; KFMUWI) AppleWebKit/537.36 (KHTML, like Gecko) Chrome/100.0.4896.79 Safari/537.36"
192.168.33.239 - - [18/Aug/2023:02:40:07 -0700] "GET /modules/en-binofino/B&NFiles/B&FEpisode13_480p30.mp4 HTTP/1.1" 206 1016496 "http://172.16.0.199/modules/en-binofino/B&NFiles/B&FEpisode13_480p30.mp4" "Mozilla/5.0 (Linux; Android 9; KFMUWI) AppleWebKit/537.36 (KHTML, like Gecko) Chrome/100.0.4896.79 Safari/537.36"
192.168.33.239 - - [18/Aug/2023:02:40:09 -0700] "GET /modules/en-binofino/B&NFiles/B&FEpisode13_480p30.mp4 HTTP/1.1" 206 9165840 "http://172.16.0.199/modules/en-binofino/B&NFiles/B&FEpisode13_480p30.mp4" "Mozilla/5.0 (Linux; Android 9; KFMUWI) AppleWebKit/537.36 (KHTML, like Gecko) Chrome/100.0.4896.79 Safari/537.36"
192.168.33.239 - - [18/Aug/2023:02:40:10 -0700] "GET /modules/en-binofino/B&NFiles/B&FEpisode13_480p30.mp4 HTTP/1.1" 206 7977032 "http://172.16.0.199/modules/en-binofino/B&NFiles/B&FEpisode13_480p30.mp4" "Mozilla/5.0 (Linux; Android 9; KFMUWI) AppleWebKit/537.36 (KHTML, like Gecko) Chrome/100.0.4896.79 Safari/537.36"
::1 - - [18/Aug/2023:02:40:15 -0700] "OPTIONS * HTTP/1.0" 200 128 "-" "Apache/2.4.38 (Raspbian) (internal dummy connection)"
192.168.33.250 - - [18/Aug/2023:02:40:18 -0700] "GET /modules/en-binofino/B&NFiles/B&FEpisode22_480p30.mp4 HTTP/1.1" 304 187 "http://172.16.0.199/modules/en-binofino/index.html" "Mozilla/5.0 (Linux; Android 9; KFMUWI) AppleWebKit/537.36 (KHTML, like Gecko) Chrome/99.0.4844.73 Safari/537.36"
172.16.0.1 - - [18/Aug/2023:02:39:55 -0700] "GET /modules/en-binofino/B&NFiles/B&FEpisode3_480p30.mp4 HTTP/1.1" 206 18741464 "http://172.16.0.199/modules/en-binofino/B&NFiles/B&FEpisode3_480p30.mp4" "Mozilla/5.0 (Linux; Android 9; KFMUWI) AppleWebKit/537.36 (KHTML, like Gecko) Chrome/99.0.4844.73 Safari/537.36"
172.16.0.1 - - [18/Aug/2023:02:40:18 -0700] "GET /modules/en-binofino/B&NFiles/B&FEpisode3_480p30.mp4 HTTP/1.1" 206 1206184 "http://172.16.0.199/modules/en-binofino/B&NFiles/B&FEpisode3_480p30.mp4" "Mozilla/5.0 (Linux; Android 9; KFMUWI) AppleWebKit/537.36 (KHTML, like Gecko) Chrome/99.0.4844.73 Safari/537.36"
172.16.0.1 - - [18/Aug/2023:02:40:19 -0700] "GET /modules/en-binofino/B&NFiles/B&FEpisode3_480p30.mp4 HTTP/1.1" 206 46336 "http://172.16.0.199/modules/en-binofino/B&NFiles/B&FEpisode3_480p30.mp4" "Mozilla/5.0 (Linux; Android 9; KFMUWI) AppleWebKit/537.36 (KHTML, like Gecko) Chrome/99.0.4844.73 Safari/537.36"
172.16.0.1 - - [18/Aug/2023:02:40:19 -0700] "GET /modules/en-binofino/B&NFiles/B&FEpisode3_480p30.mp4 HTTP/1.1" 206 101360 "http://172.16.0.199/modules/en-binofino/B&NFiles/B&FEpisode3_480p30.mp4" "Mozilla/5.0 (Linux; Android 9; KFMUWI) AppleWebKit/537.36 (KHTML, like Gecko) Chrome/99.0.4844.73 Safari/537.36"
172.16.0.1 - - [18/Aug/2023:02:40:19 -0700] "GET /modules/en-binofino/B&NFiles/B&FEpisode3_480p30.mp4 HTTP/1.1" 206 618296 "http://172.16.0.199/modules/en-binofino/B&NFiles/B&FEpisode3_480p30.mp4" "Mozilla/5.0 (Linux; Android 9; KFMUWI) AppleWebKit/537.36 (KHTML, like Gecko) Chrome/99.0.4844.73 Safari/537.36"
192.168.33.239 - - [18/Aug/2023:02:40:23 -0700] "GET /modules/en-binofino/B&NFiles/B&FEpisode22_480p30.mp4 HTTP/1.1" 200 631328 "http://172.16.0.199/modules/en-binofino/index.html" "Mozilla/5.0 (Linux; Android 9; KFMUWI) AppleWebKit/537.36 (KHTML, like Gecko) Chrome/100.0.4896.79 Safari/537.36"
192.168.33.239 - - [18/Aug/2023:02:40:23 -0700] "GET /modules/en-binofino/B&NFiles/B&FEpisode22_480p30.mp4 HTTP/1.1" 206 220096 "http://172.16.0.199/modules/en-binofino/B&NFiles/B&FEpisode22_480p30.mp4" "Mozilla/5.0 (Linux; Android 9; KFMUWI) AppleWebKit/537.36 (KHTML, like Gecko) Chrome/100.0.4896.79 Safari/537.36"
192.168.33.239 - - [18/Aug/2023:02:40:23 -0700] "GET /modules/en-binofino/B&NFiles/B&FEpisode22_480p30.mp4 HTTP/1.1" 206 486278 "http://172.16.0.199/modules/en-binofino/B&NFiles/B&FEpisode22_480p30.mp4" "Mozilla/5.0 (Linux; Android 9; KFMUWI) AppleWebKit/537.36 (KHTML, like Gecko) Chrome/100.0.4896.79 Safari/537.36"
192.168.33.239 - - [18/Aug/2023:02:40:23 -0700] "GET /modules/en-binofino/B&NFiles/B&FEpisode22_480p30.mp4 HTTP/1.1" 206 8333986 "http://172.16.0.199/modules/en-binofino/B&NFiles/B&FEpisode22_480p30.mp4" "Mozilla/5.0 (Linux; Android 9; KFMUWI) AppleWebKit/537.36 (KHTML, like Gecko) Chrome/100.0.4896.79 Safari/537.36"
192.168.33.239 - - [18/Aug/2023:02:40:27 -0700] "GET /modules/en-binofino/B&NFiles/B&FEpisode13_480p30.mp4 HTTP/1.1" 304 187 "http://172.16.0.199/modules/en-binofino/index.html" "Mozilla/5.0 (Linux; Android 9; KFMUWI) AppleWebKit/537.36 (KHTML, like Gecko) Chrome/100.0.4896.79 Safari/537.36"
172.16.0.1 - - [18/Aug/2023:02:40:19 -0700] "GET /modules/en-binofino/B&NFiles/B&FEpisode3_480p30.mp4 HTTP/1.1" 206 14267629 "http://172.16.0.199/modules/en-binofino/B&NFiles/B&FEpisode3_480p30.mp4" "Mozilla/5.0 (Linux; Android 9; KFMUWI) AppleWebKit/537.36 (KHTML, like Gecko) Chrome/99.0.4844.73 Safari/537.36"
192.168.33.240 - - [18/Aug/2023:02:39:17 -0700] "GET /modules/en-binofino/B&NFiles/B&FEpisode13_480p30.mp4 HTTP/1.1" 206 5676646 "http://172.16.0.199/modules/en-binofino/B&NFiles/B&FEpisode13_480p30.mp4" "Mozilla/5.0 (Linux; Android 9; KFMUWI) AppleWebKit/537.36 (KHTML, like Gecko) Chrome/114.0.0.0 Safari/537.36"
172.16.0.117 - - [18/Aug/2023:02:35:28 -0700] "GET /modules/en-binofino/B&NFiles/B&FEpisode13_480p30.mp4 HTTP/1.1" 206 28041656 "http://172.16.0.199/modules/en-binofino/B&NFiles/B&FEpisode13_480p30.mp4" "Mozilla/5.0 (Linux; Android 10; K) AppleWebKit/537.36 (KHTML, like Gecko) Chrome/114.0.0.0 Safari/537.36"
192.168.33.250 - - [18/Aug/2023:02:41:07 -0700] "-" 408 0 "-" "-"
::1 - - [18/Aug/2023:02:41:09 -0700] "OPTIONS * HTTP/1.0" 200 128 "-" "Apache/2.4.38 (Raspbian) (internal dummy connection)"
172.16.0.1 - - [18/Aug/2023:02:41:12 -0700] "GET /modules/en-binofino/B&NFiles/B&FEpisode3_480p30.mp4 HTTP/1.1" 206 10765880 "http://172.16.0.199/modules/en-binofino/B&NFiles/B&FEpisode3_480p30.mp4" "Mozilla/5.0 (Linux; Android 9; KFMUWI) AppleWebKit/537.36 (KHTML, like Gecko) Chrome/99.0.4844.73 Safari/537.36"
172.16.0.1 - - [18/Aug/2023:02:41:20 -0700] "GET /modules/en-binofino/B&NFiles/B&FEpisode3_480p30.mp4 HTTP/1.1" 206 186792 "http://172.16.0.199/modules/en-binofino/B&NFiles/B&FEpisode3_480p30.mp4" "Mozilla/5.0 (Linux; Android 9; KFMUWI) AppleWebKit/537.36 (KHTML, like Gecko) Chrome/99.0.4844.73 Safari/537.36"
172.16.0.1 - - [18/Aug/2023:02:41:20 -0700] "GET /modules/en-binofino/B&NFiles/B&FEpisode3_480p30.mp4 HTTP/1.1" 206 492320 "http://172.16.0.199/modules/en-binofino/B&NFiles/B&FEpisode3_480p30.mp4" "Mozilla/5.0 (Linux; Android 9; KFMUWI) AppleWebKit/537.36 (KHTML, like Gecko) Chrome/99.0.4844.73 Safari/537.36"
172.16.0.1 - - [18/Aug/2023:02:41:20 -0700] "GET /modules/en-binofino/B&NFiles/B&FEpisode3_480p30.mp4 HTTP/1.1" 206 98464 "http://172.16.0.199/modules/en-binofino/B&NFiles/B&FEpisode3_480p30.mp4" "Mozilla/5.0 (Linux; Android 9; KFMUWI) AppleWebKit/537.36 (KHTML, like Gecko) Chrome/99.0.4844.73 Safari/537.36"
172.16.0.1 - - [18/Aug/2023:02:41:20 -0700] "GET /modules/en-binofino/B&NFiles/B&FEpisode3_480p30.mp4 HTTP/1.1" 206 635672 "http://172.16.0.199/modules/en-binofino/B&NFiles/B&FEpisode3_480p30.mp4" "Mozilla/5.0 (Linux; Android 9; KFMUWI) AppleWebKit/537.36 (KHTML, like Gecko) Chrome/99.0.4844.73 Safari/537.36"
172.16.0.1 - - [18/Aug/2023:02:41:20 -0700] "GET /modules/en-binofino/B&NFiles/B&FEpisode3_480p30.mp4 HTTP/1.1" 206 451776 "http://172.16.0.199/modules/en-binofino/B&NFiles/B&FEpisode3_480p30.mp4" "Mozilla/5.0 (Linux; Android 9; KFMUWI) AppleWebKit/537.36 (KHTML, like Gecko) Chrome/99.0.4844.73 Safari/537.36"
172.16.0.1 - - [18/Aug/2023:02:41:20 -0700] "GET /modules/en-binofino/B&NFiles/B&FEpisode3_480p30.mp4 HTTP/1.1" 206 46336 "http://172.16.0.199/modules/en-binofino/B&NFiles/B&FEpisode3_480p30.mp4" "Mozilla/5.0 (Linux; Android 9; KFMUWI) AppleWebKit/537.36 (KHTML, like Gecko) Chrome/99.0.4844.73 Safari/537.36"
172.16.0.1 - - [18/Aug/2023:02:41:20 -0700] "GET /modules/en-binofino/B&NFiles/B&FEpisode3_480p30.mp4 HTTP/1.1" 206 1226456 "http://172.16.0.199/modules/en-binofino/B&NFiles/B&FEpisode3_480p30.mp4" "Mozilla/5.0 (Linux; Android 9; KFMUWI) AppleWebKit/537.36 (KHTML, like Gecko) Chrome/99.0.4844.73 Safari/537.36"
172.16.0.1 - - [18/Aug/2023:02:41:20 -0700] "GET /modules/en-binofino/B&NFiles/B&FEpisode3_480p30.mp4 HTTP/1.1" 206 101360 "http://172.16.0.199/modules/en-binofino/B&NFiles/B&FEpisode3_480p30.mp4" "Mozilla/5.0 (Linux; Android 9; KFMUWI) AppleWebKit/537.36 (KHTML, like Gecko) Chrome/99.0.4844.73 Safari/537.36"
172.16.0.1 - - [18/Aug/2023:02:41:20 -0700] "GET /modules/en-binofino/B&NFiles/B&FEpisode3_480p30.mp4 HTTP/1.1" 206 98464 "http://172.16.0.199/modules/en-binofino/B&NFiles/B&FEpisode3_480p30.mp4" "Mozilla/5.0 (Linux; Android 9; KFMUWI) AppleWebKit/537.36 (KHTML, like Gecko) Chrome/99.0.4844.73 Safari/537.36"
172.16.0.1 - - [18/Aug/2023:02:41:20 -0700] "GET /modules/en-binofino/B&NFiles/B&FEpisode3_480p30.mp4 HTTP/1.1" 206 496664 "http://172.16.0.199/modules/en-binofino/B&NFiles/B&FEpisode3_480p30.mp4" "Mozilla/5.0 (Linux; Android 9; KFMUWI) AppleWebKit/537.36 (KHTML, like Gecko) Chrome/99.0.4844.73 Safari/537.36"
172.16.0.1 - - [18/Aug/2023:02:41:20 -0700] "GET /modules/en-binofino/B&NFiles/B&FEpisode3_480p30.mp4 HTTP/1.1" 206 1327816 "http://172.16.0.199/modules/en-binofino/B&NFiles/B&FEpisode3_480p30.mp4" "Mozilla/5.0 (Linux; Android 9; KFMUWI) AppleWebKit/537.36 (KHTML, like Gecko) Chrome/99.0.4844.73 Safari/537.36"
172.16.0.1 - - [18/Aug/2023:02:41:21 -0700] "GET /modules/en-binofino/B&NFiles/B&FEpisode3_480p30.mp4 HTTP/1.1" 206 543000 "http://172.16.0.199/modules/en-binofino/B&NFiles/B&FEpisode3_480p30.mp4" "Mozilla/5.0 (Linux; Android 9; KFMUWI) AppleWebKit/537.36 (KHTML, like Gecko) Chrome/99.0.4844.73 Safari/537.36"
172.16.0.1 - - [18/Aug/2023:02:41:21 -0700] "GET /modules/en-binofino/B&NFiles/B&FEpisode3_480p30.mp4 HTTP/1.1" 206 644360 "http://172.16.0.199/modules/en-binofino/B&NFiles/B&FEpisode3_480p30.mp4" "Mozilla/5.0 (Linux; Android 9; KFMUWI) AppleWebKit/537.36 (KHTML, like Gecko) Chrome/99.0.4844.73 Safari/537.36"
172.16.0.1 - - [18/Aug/2023:02:41:21 -0700] "GET /modules/en-binofino/B&NFiles/B&FEpisode3_480p30.mp4 HTTP/1.1" 206 172312 "http://172.16.0.199/modules/en-binofino/B&NFiles/B&FEpisode3_480p30.mp4" "Mozilla/5.0 (Linux; Android 9; KFMUWI) AppleWebKit/537.36 (KHTML, like Gecko) Chrome/99.0.4844.73 Safari/537.36"
172.16.0.1 - - [18/Aug/2023:02:41:21 -0700] "GET /modules/en-binofino/B&NFiles/B&FEpisode3_480p30.mp4 HTTP/1.1" 206 482184 "http://172.16.0.199/modules/en-binofino/B&NFiles/B&FEpisode3_480p30.mp4" "Mozilla/5.0 (Linux; Android 9; KFMUWI) AppleWebKit/537.36 (KHTML, like Gecko) Chrome/99.0.4844.73 Safari/537.36"
172.16.0.1 - - [18/Aug/2023:02:41:21 -0700] "GET /modules/en-binofino/B&NFiles/B&FEpisode3_480p30.mp4 HTTP/1.1" 206 101360 "http://172.16.0.199/modules/en-binofino/B&NFiles/B&FEpisode3_480p30.mp4" "Mozilla/5.0 (Linux; Android 9; KFMUWI) AppleWebKit/537.36 (KHTML, like Gecko) Chrome/99.0.4844.73 Safari/537.36"
172.16.0.1 - - [18/Aug/2023:02:41:21 -0700] "GET /modules/en-binofino/B&NFiles/B&FEpisode3_480p30.mp4 HTTP/1.1" 206 338832 "http://172.16.0.199/modules/en-binofino/B&NFiles/B&FEpisode3_480p30.mp4" "Mozilla/5.0 (Linux; Android 9; KFMUWI) AppleWebKit/537.36 (KHTML, like Gecko) Chrome/99.0.4844.73 Safari/537.36"
172.16.0.1 - - [18/Aug/2023:02:41:21 -0700] "GET /modules/en-binofino/B&NFiles/B&FEpisode3_480p30.mp4 HTTP/1.1" 206 438744 "http://172.16.0.199/modules/en-binofino/B&NFiles/B&FEpisode3_480p30.mp4" "Mozilla/5.0 (Linux; Android 9; KFMUWI) AppleWebKit/537.36 (KHTML, like Gecko) Chrome/99.0.4844.73 Safari/537.36"
172.16.0.1 - - [18/Aug/2023:02:41:21 -0700] "GET /modules/en-binofino/B&NFiles/B&FEpisode3_480p30.mp4 HTTP/1.1" 206 46336 "http://172.16.0.199/modules/en-binofino/B&NFiles/B&FEpisode3_480p30.mp4" "Mozilla/5.0 (Linux; Android 9; KFMUWI) AppleWebKit/537.36 (KHTML, like Gecko) Chrome/99.0.4844.73 Safari/537.36"
172.16.0.1 - - [18/Aug/2023:02:41:21 -0700] "GET /modules/en-binofino/B&NFiles/B&FEpisode3_480p30.mp4 HTTP/1.1" 206 46336 "http://172.16.0.199/modules/en-binofino/B&NFiles/B&FEpisode3_480p30.mp4" "Mozilla/5.0 (Linux; Android 9; KFMUWI) AppleWebKit/537.36 (KHTML, like Gecko) Chrome/99.0.4844.73 Safari/537.36"
172.16.0.1 - - [18/Aug/2023:02:41:21 -0700] "GET /modules/en-binofino/B&NFiles/B&FEpisode3_480p30.mp4 HTTP/1.1" 206 637120 "http://172.16.0.199/modules/en-binofino/B&NFiles/B&FEpisode3_480p30.mp4" "Mozilla/5.0 (Linux; Android 9; KFMUWI) AppleWebKit/537.36 (KHTML, like Gecko) Chrome/99.0.4844.73 Safari/537.36"
172.16.0.1 - - [18/Aug/2023:02:41:21 -0700] "GET /modules/en-binofino/B&NFiles/B&FEpisode3_480p30.mp4 HTTP/1.1" 206 46336 "http://172.16.0.199/modules/en-binofino/B&NFiles/B&FEpisode3_480p30.mp4" "Mozilla/5.0 (Linux; Android 9; KFMUWI) AppleWebKit/537.36 (KHTML, like Gecko) Chrome/99.0.4844.73 Safari/537.36"
172.16.0.1 - - [18/Aug/2023:02:41:21 -0700] "GET /modules/en-binofino/B&NFiles/B&FEpisode3_480p30.mp4 HTTP/1.1" 206 165072 "http://172.16.0.199/modules/en-binofino/B&NFiles/B&FEpisode3_480p30.mp4" "Mozilla/5.0 (Linux; Android 9; KFMUWI) AppleWebKit/537.36 (KHTML, like Gecko) Chrome/99.0.4844.73 Safari/537.36"
172.16.0.1 - - [18/Aug/2023:02:41:21 -0700] "GET /modules/en-binofino/B&NFiles/B&FEpisode3_480p30.mp4 HTTP/1.1" 206 46336 "http://172.16.0.199/modules/en-binofino/B&NFiles/B&FEpisode3_480p30.mp4" "Mozilla/5.0 (Linux; Android 9; KFMUWI) AppleWebKit/537.36 (KHTML, like Gecko) Chrome/99.0.4844.73 Safari/537.36"
172.16.0.1 - - [18/Aug/2023:02:41:21 -0700] "GET /modules/en-binofino/B&NFiles/B&FEpisode3_480p30.mp4 HTTP/1.1" 206 162176 "http://172.16.0.199/modules/en-binofino/B&NFiles/B&FEpisode3_480p30.mp4" "Mozilla/5.0 (Linux; Android 9; KFMUWI) AppleWebKit/537.36 (KHTML, like Gecko) Chrome/99.0.4844.73 Safari/537.36"
172.16.0.1 - - [18/Aug/2023:02:41:21 -0700] "GET /modules/en-binofino/B&NFiles/B&FEpisode3_480p30.mp4 HTTP/1.1" 206 563272 "http://172.16.0.199/modules/en-binofino/B&NFiles/B&FEpisode3_480p30.mp4" "Mozilla/5.0 (Linux; Android 9; KFMUWI) AppleWebKit/537.36 (KHTML, like Gecko) Chrome/99.0.4844.73 Safari/537.36"
