172.16.0.45 - - [18/Aug/2023:02:25:21 -0700] "GET /art/business.jpg HTTP/1.1" 200 277281 "http://172.16.0.199/" "Mozilla/5.0 (Windows NT 10.0; Win64; x64) AppleWebKit/537.36 (KHTML, like Gecko) Chrome/115.0.0.0 Safari/537.36 Edg/115.0.1901.203"
172.16.0.45 - - [18/Aug/2023:02:25:21 -0700] "GET /art/lit.jpg HTTP/1.1" 200 144400 "http://172.16.0.199/" "Mozilla/5.0 (Windows NT 10.0; Win64; x64) AppleWebKit/537.36 (KHTML, like Gecko) Chrome/115.0.0.0 Safari/537.36 Edg/115.0.1901.203"
172.16.0.45 - - [18/Aug/2023:02:25:21 -0700] "GET /art/edu.png HTTP/1.1" 200 736397 "http://172.16.0.199/" "Mozilla/5.0 (Windows NT 10.0; Win64; x64) AppleWebKit/537.36 (KHTML, like Gecko) Chrome/115.0.0.0 Safari/537.36 Edg/115.0.1901.203"
172.16.0.45 - - [18/Aug/2023:02:25:22 -0700] "GET /art/hre.jpg HTTP/1.1" 200 25201 "http://172.16.0.199/" "Mozilla/5.0 (Windows NT 10.0; Win64; x64) AppleWebKit/537.36 (KHTML, like Gecko) Chrome/115.0.0.0 Safari/537.36 Edg/115.0.1901.203"
172.16.0.45 - - [18/Aug/2023:02:25:22 -0700] "GET /art/photography.jpg HTTP/1.1" 200 10937 "http://172.16.0.199/" "Mozilla/5.0 (Windows NT 10.0; Win64; x64) AppleWebKit/537.36 (KHTML, like Gecko) Chrome/115.0.0.0 Safari/537.36 Edg/115.0.1901.203"
172.16.0.45 - - [18/Aug/2023:02:25:22 -0700] "GET /art/tools.jpg HTTP/1.1" 200 60673 "http://172.16.0.199/" "Mozilla/5.0 (Windows NT 10.0; Win64; x64) AppleWebKit/537.36 (KHTML, like Gecko) Chrome/115.0.0.0 Safari/537.36 Edg/115.0.1901.203"
172.16.0.45 - - [18/Aug/2023:02:25:21 -0700] "GET /art/education.jpg HTTP/1.1" 200 1437413 "http://172.16.0.199/" "Mozilla/5.0 (Windows NT 10.0; Win64; x64) AppleWebKit/537.36 (KHTML, like Gecko) Chrome/115.0.0.0 Safari/537.36 Edg/115.0.1901.203"
::1 - - [18/Aug/2023:02:25:25 -0700] "OPTIONS * HTTP/1.0" 200 128 "-" "Apache/2.4.38 (Raspbian) (internal dummy connection)"
::1 - - [18/Aug/2023:02:25:26 -0700] "OPTIONS * HTTP/1.0" 200 128 "-" "Apache/2.4.38 (Raspbian) (internal dummy connection)"
172.16.0.1 - - [18/Aug/2023:02:25:40 -0700] "GET / HTTP/1.1" 200 2935 "-" "Mozilla/5.0 (Linux; Android 9; KFMUWI) AppleWebKit/537.36 (KHTML, like Gecko) Chrome/114.0.0.0 Safari/537.36"
172.16.0.1 - - [18/Aug/2023:02:25:41 -0700] "GET /js/bootstrap.min.js HTTP/1.1" 404 1516 "http://172.16.0.199/" "Mozilla/5.0 (Linux; Android 9; KFMUWI) AppleWebKit/537.36 (KHTML, like Gecko) Chrome/114.0.0.0 Safari/537.36"
172.16.0.1 - - [18/Aug/2023:02:25:41 -0700] "GET /art/gmad.png HTTP/1.1" 304 128 "http://172.16.0.199/" "Mozilla/5.0 (Linux; Android 9; KFMUWI) AppleWebKit/537.36 (KHTML, like Gecko) Chrome/114.0.0.0 Safari/537.36"
192.168.33.239 - - [18/Aug/2023:02:25:49 -0700] "-" 408 0 "-" "-"
192.168.33.239 - - [18/Aug/2023:02:25:49 -0700] "-" 408 0 "-" "-"
192.168.33.239 - - [18/Aug/2023:02:25:03 -0700] "GET /modules/en-binofino/B&NFiles/B&FEpisode1_480p30.mp4 HTTP/1.1" 206 11956136 "http://172.16.0.199/modules/en-binofino/B&NFiles/B&FEpisode1_480p30.mp4" "Mozilla/5.0 (Linux; Android 9; KFMUWI) AppleWebKit/537.36 (KHTML, like Gecko) Chrome/100.0.4896.79 Safari/537.36"
::1 - - [18/Aug/2023:02:26:10 -0700] "OPTIONS * HTTP/1.0" 200 128 "-" "Apache/2.4.38 (Raspbian) (internal dummy connection)"
192.168.33.237 - - [18/Aug/2023:02:26:16 -0700] "GET /literacy.php HTTP/1.1" 200 2049 "http://172.16.0.199/" "Mozilla/5.0 (Linux; Android 10; K) AppleWebKit/537.36 (KHTML, like Gecko) Chrome/115.0.0.0 Safari/537.36"
192.168.33.237 - - [18/Aug/2023:02:26:16 -0700] "GET /js/bootstrap.min.js HTTP/1.1" 404 1571 "http://172.16.0.199/literacy.php" "Mozilla/5.0 (Linux; Android 10; K) AppleWebKit/537.36 (KHTML, like Gecko) Chrome/115.0.0.0 Safari/537.36"
192.168.33.237 - - [18/Aug/2023:02:26:16 -0700] "GET /modules/en-binofino/B&NFiles/Bino&Fino5.png HTTP/1.1" 200 136413 "http://172.16.0.199/literacy.php" "Mozilla/5.0 (Linux; Android 10; K) AppleWebKit/537.36 (KHTML, like Gecko) Chrome/115.0.0.0 Safari/537.36"
192.168.33.237 - - [18/Aug/2023:02:26:24 -0700] "GET /modules/en-binofino/index.html HTTP/1.1" 200 1612 "http://172.16.0.199/literacy.php" "Mozilla/5.0 (Linux; Android 10; K) AppleWebKit/537.36 (KHTML, like Gecko) Chrome/115.0.0.0 Safari/537.36"
192.168.33.250 - - [18/Aug/2023:02:26:41 -0700] "GET /modules/en-binofino/B&NFiles/B&FEpisode1_480p30.mp4 HTTP/1.1" 206 237472 "http://172.16.0.199/modules/en-binofino/index.html" "Mozilla/5.0 (Linux; Android 9; KFMUWI) AppleWebKit/537.36 (KHTML, like Gecko) Chrome/99.0.4844.73 Safari/537.36"
192.168.33.250 - - [18/Aug/2023:02:22:54 -0700] "GET /modules/en-binofino/B&NFiles/B&FEpisode1_480p30.mp4 HTTP/1.1" 206 26770624 "http://172.16.0.199/modules/en-binofino/B&NFiles/B&FEpisode1_480p30.mp4" "Mozilla/5.0 (Linux; Android 9; KFMUWI) AppleWebKit/537.36 (KHTML, like Gecko) Chrome/99.0.4844.73 Safari/537.36"
192.168.33.250 - - [18/Aug/2023:02:26:41 -0700] "GET /modules/en-binofino/B&NFiles/B&FEpisode1_480p30.mp4 HTTP/1.1" 200 1004912 "http://172.16.0.199/modules/en-binofino/index.html" "Mozilla/5.0 (Linux; Android 9; KFMUWI) AppleWebKit/537.36 (KHTML, like Gecko) Chrome/99.0.4844.73 Safari/537.36"
192.168.33.250 - - [18/Aug/2023:02:26:41 -0700] "GET /modules/en-binofino/B&NFiles/B&FEpisode1_480p30.mp4 HTTP/1.1" 206 205616 "http://172.16.0.199/modules/en-binofino/B&NFiles/B&FEpisode1_480p30.mp4" "Mozilla/5.0 (Linux; Android 9; KFMUWI) AppleWebKit/537.36 (KHTML, like Gecko) Chrome/99.0.4844.73 Safari/537.36"
192.168.33.250 - - [18/Aug/2023:02:26:41 -0700] "GET /modules/en-binofino/B&NFiles/B&FEpisode1_480p30.mp4 HTTP/1.1" 206 527239 "http://172.16.0.199/modules/en-binofino/B&NFiles/B&FEpisode1_480p30.mp4" "Mozilla/5.0 (Linux; Android 9; KFMUWI) AppleWebKit/537.36 (KHTML, like Gecko) Chrome/99.0.4844.73 Safari/537.36"
192.168.33.250 - - [18/Aug/2023:02:26:42 -0700] "GET /modules/en-binofino/B&NFiles/B&FEpisode1_480p30.mp4 HTTP/1.1" 206 2342162 "http://172.16.0.199/modules/en-binofino/B&NFiles/B&FEpisode1_480p30.mp4" "Mozilla/5.0 (Linux; Android 9; KFMUWI) AppleWebKit/537.36 (KHTML, like Gecko) Chrome/99.0.4844.73 Safari/537.36"
192.168.33.245 - - [18/Aug/2023:02:27:02 -0700] "GET /js/bootstrap.min.js HTTP/1.1" 404 1572 "http://172.16.0.199/" "Mozilla/5.0 (Linux; Android 9; KFMUWI) AppleWebKit/537.36 (KHTML, like Gecko) Chrome/114.0.0.0 Safari/537.36"
192.168.33.250 - - [18/Aug/2023:02:26:45 -0700] "GET /modules/en-binofino/B&NFiles/B&FEpisode1_480p30.mp4 HTTP/1.1" 206 10466144 "http://172.16.0.199/modules/en-binofino/B&NFiles/B&FEpisode1_480p30.mp4" "Mozilla/5.0 (Linux; Android 9; KFMUWI) AppleWebKit/537.36 (KHTML, like Gecko) Chrome/99.0.4844.73 Safari/537.36"
192.168.33.250 - - [18/Aug/2023:02:27:07 -0700] "GET /modules/en-binofino/B&NFiles/B&FEpisode1_480p30.mp4 HTTP/1.1" 206 196928 "http://172.16.0.199/modules/en-binofino/B&NFiles/B&FEpisode1_480p30.mp4" "Mozilla/5.0 (Linux; Android 9; KFMUWI) AppleWebKit/537.36 (KHTML, like Gecko) Chrome/99.0.4844.73 Safari/537.36"
192.168.33.245 - - [18/Aug/2023:02:27:10 -0700] "GET /your_company.php HTTP/1.1" 200 2055 "http://172.16.0.199/" "Mozilla/5.0 (Linux; Android 9; KFMUWI) AppleWebKit/537.36 (KHTML, like Gecko) Chrome/114.0.0.0 Safari/537.36"
192.168.33.245 - - [18/Aug/2023:02:27:10 -0700] "GET /js/bootstrap.min.js HTTP/1.1" 404 1571 "http://172.16.0.199/your_company.php" "Mozilla/5.0 (Linux; Android 9; KFMUWI) AppleWebKit/537.36 (KHTML, like Gecko) Chrome/114.0.0.0 Safari/537.36"
172.16.0.1 - - [18/Aug/2023:02:27:11 -0700] "GET / HTTP/1.1" 200 2935 "-" "Mozilla/5.0 (Linux; Android 10; K) AppleWebKit/537.36 (KHTML, like Gecko) Chrome/115.0.0.0 Safari/537.36"
172.16.0.1 - - [18/Aug/2023:02:27:12 -0700] "GET /js/bootstrap.min.js HTTP/1.1" 404 1516 "http://172.16.0.199/" "Mozilla/5.0 (Linux; Android 10; K) AppleWebKit/537.36 (KHTML, like Gecko) Chrome/115.0.0.0 Safari/537.36"
172.16.0.114 - - [18/Aug/2023:02:27:31 -0700] "GET /js/bootstrap.min.js HTTP/1.1" 404 1572 "http://172.16.0.199/books.php" "Mozilla/5.0 (Linux; Android 9; KFMUWI) AppleWebKit/537.36 (KHTML, like Gecko) Chrome/99.0.4844.73 Safari/537.36"
172.16.0.1 - - [18/Aug/2023:02:27:31 -0700] "GET /literacy.php HTTP/1.1" 200 1993 "http://172.16.0.199/" "Mozilla/5.0 (X11; Linux x86_64) AppleWebKit/537.36 (KHTML, like Gecko) Chrome/114.0.0.0 Safari/537.36"
172.16.0.1 - - [18/Aug/2023:02:27:32 -0700] "GET /js/bootstrap.min.js HTTP/1.1" 404 1516 "http://172.16.0.199/literacy.php" "Mozilla/5.0 (X11; Linux x86_64) AppleWebKit/537.36 (KHTML, like Gecko) Chrome/114.0.0.0 Safari/537.36"
172.16.0.1 - - [18/Aug/2023:02:27:38 -0700] "GET /modules/en-binofino/B&NFiles/B&FEpisode1_480p30.mp4 HTTP/1.1" 206 975952 "http://172.16.0.199/modules/en-binofino/index.html" "Mozilla/5.0 (X11; Linux x86_64) AppleWebKit/537.36 (KHTML, like Gecko) Chrome/114.0.0.0 Safari/537.36"
172.16.0.1 - - [18/Aug/2023:02:27:38 -0700] "GET /modules/en-binofino/B&NFiles/B&FEpisode1_480p30.mp4 HTTP/1.1" 206 1417592 "http://172.16.0.199/modules/en-binofino/B&NFiles/B&FEpisode1_480p30.mp4" "Mozilla/5.0 (X11; Linux x86_64) AppleWebKit/537.36 (KHTML, like Gecko) Chrome/114.0.0.0 Safari/537.36"
192.168.33.245 - - [18/Aug/2023:02:28:02 -0700] "-" 408 0 "-" "-"
192.168.33.239 - - [18/Aug/2023:02:26:17 -0700] "GET /modules/en-binofino/B&NFiles/B&FEpisode1_480p30.mp4 HTTP/1.1" 206 14621904 "http://172.16.0.199/modules/en-binofino/B&NFiles/B&FEpisode1_480p30.mp4" "Mozilla/5.0 (Linux; Android 9; KFMUWI) AppleWebKit/537.36 (KHTML, like Gecko) Chrome/100.0.4896.79 Safari/537.36"
192.168.33.239 - - [18/Aug/2023:02:28:21 -0700] "GET /modules/en-binofino/B&NFiles/B&FEpisode1_480p30.mp4 HTTP/1.1" 206 351864 "http://172.16.0.199/modules/en-binofino/index.html" "Mozilla/5.0 (Linux; Android 9; KFMUWI) AppleWebKit/537.36 (KHTML, like Gecko) Chrome/100.0.4896.79 Safari/537.36"
192.168.33.239 - - [18/Aug/2023:02:28:22 -0700] "GET /modules/en-binofino/B&NFiles/B&FEpisode1_480p30.mp4 HTTP/1.1" 206 477840 "http://172.16.0.199/modules/en-binofino/B&NFiles/B&FEpisode1_480p30.mp4" "Mozilla/5.0 (Linux; Android 9; KFMUWI) AppleWebKit/537.36 (KHTML, like Gecko) Chrome/100.0.4896.79 Safari/537.36"
192.168.33.239 - - [18/Aug/2023:02:28:22 -0700] "GET /modules/en-binofino/B&NFiles/B&FEpisode1_480p30.mp4 HTTP/1.1" 206 527239 "http://172.16.0.199/modules/en-binofino/B&NFiles/B&FEpisode1_480p30.mp4" "Mozilla/5.0 (Linux; Android 9; KFMUWI) AppleWebKit/537.36 (KHTML, like Gecko) Chrome/100.0.4896.79 Safari/537.36"
172.16.0.114 - - [18/Aug/2023:02:28:23 -0700] "-" 408 0 "-" "-"
192.168.33.237 - - [18/Aug/2023:02:28:39 -0700] "GET /modules/en-binofino/index.html HTTP/1.1" 200 1612 "http://172.16.0.199/literacy.php" "Mozilla/5.0 (Linux; Android 10; K) AppleWebKit/537.36 (KHTML, like Gecko) Chrome/115.0.0.0 Safari/537.36"
172.16.0.1 - - [18/Aug/2023:02:22:52 -0700] "GET /modules/en-binofino/B&NFiles/B&FEpisode1_480p30.mp4 HTTP/1.1" 206 56460532 "http://172.16.0.199/modules/en-binofino/B&NFiles/B&FEpisode1_480p30.mp4" "Mozilla/5.0 (Linux; Android 9; KFMUWI) AppleWebKit/537.36 (KHTML, like Gecko) Chrome/97.0.4692.98 Safari/537.36"
172.16.0.1 - - [18/Aug/2023:02:29:00 -0700] "GET /modules/en-binofino/B&NFiles/B&FEpisode1_480p30.mp4 HTTP/1.1" 206 159280 "http://172.16.0.199/modules/en-binofino/B&NFiles/B&FEpisode1_480p30.mp4" "Mozilla/5.0 (Linux; Android 9; KFMUWI) AppleWebKit/537.36 (KHTML, like Gecko) Chrome/97.0.4692.98 Safari/537.36"
172.16.0.1 - - [18/Aug/2023:02:29:00 -0700] "GET /modules/en-binofino/B&NFiles/B&FEpisode1_480p30.mp4 HTTP/1.1" 206 860112 "http://172.16.0.199/modules/en-binofino/B&NFiles/B&FEpisode1_480p30.mp4" "Mozilla/5.0 (Linux; Android 9; KFMUWI) AppleWebKit/537.36 (KHTML, like Gecko) Chrome/97.0.4692.98 Safari/537.36"
172.16.0.1 - - [18/Aug/2023:02:29:00 -0700] "GET /modules/en-binofino/B&NFiles/B&FEpisode1_480p30.mp4 HTTP/1.1" 206 141904 "http://172.16.0.199/modules/en-binofino/B&NFiles/B&FEpisode1_480p30.mp4" "Mozilla/5.0 (Linux; Android 9; KFMUWI) AppleWebKit/537.36 (KHTML, like Gecko) Chrome/97.0.4692.98 Safari/537.36"
172.16.0.1 - - [18/Aug/2023:02:29:00 -0700] "GET / HTTP/1.1" 200 2935 "-" "Mozilla/5.0 (Linux; Android 9; KFMUWI) AppleWebKit/537.36 (KHTML, like Gecko) Chrome/114.0.0.0 Safari/537.36"
172.16.0.1 - - [18/Aug/2023:02:29:01 -0700] "GET /js/bootstrap.min.js HTTP/1.1" 404 1516 "http://172.16.0.199/" "Mozilla/5.0 (Linux; Android 9; KFMUWI) AppleWebKit/537.36 (KHTML, like Gecko) Chrome/114.0.0.0 Safari/537.36"
172.16.0.1 - - [18/Aug/2023:02:29:00 -0700] "GET /modules/en-binofino/B&NFiles/B&FEpisode1_480p30.mp4 HTTP/1.1" 206 2984784 "http://172.16.0.199/modules/en-binofino/B&NFiles/B&FEpisode1_480p30.mp4" "Mozilla/5.0 (Linux; Android 9; KFMUWI) AppleWebKit/537.36 (KHTML, like Gecko) Chrome/97.0.4692.98 Safari/537.36"
192.168.33.251 - - [18/Aug/2023:02:29:11 -0700] "GET /js/bootstrap.min.js HTTP/1.1" 404 1572 "http://172.16.0.199/" "Mozilla/5.0 (Linux; Android 9; KFMUWI) AppleWebKit/537.36 (KHTML, like Gecko) Chrome/99.0.4844.73 Safari/537.36"
192.168.33.248 - - [18/Aug/2023:02:29:11 -0700] "GET / HTTP/1.1" 200 2991 "-" "Mozilla/5.0 (Linux; Android 9; KFMUWI) AppleWebKit/537.36 (KHTML, like Gecko) Chrome/114.0.0.0 Safari/537.36"
192.168.33.248 - - [18/Aug/2023:02:29:11 -0700] "GET /js/bootstrap.min.js HTTP/1.1" 404 1571 "http://172.16.0.199/" "Mozilla/5.0 (Linux; Android 9; KFMUWI) AppleWebKit/537.36 (KHTML, like Gecko) Chrome/114.0.0.0 Safari/537.36"
192.168.33.239 - - [18/Aug/2023:02:28:22 -0700] "GET /modules/en-binofino/B&NFiles/B&FEpisode1_480p30.mp4 HTTP/1.1" 206 17480427 "http://172.16.0.199/modules/en-binofino/B&NFiles/B&FEpisode1_480p30.mp4" "Mozilla/5.0 (Linux; Android 9; KFMUWI) AppleWebKit/537.36 (KHTML, like Gecko) Chrome/100.0.4896.79 Safari/537.36"
172.16.0.1 - - [18/Aug/2023:02:25:18 -0700] "GET /modules/en-binofino/B&NFiles/B&FEpisode1_480p30.mp4 HTTP/1.1" 206 35577360 "http://172.16.0.199/modules/en-binofino/B&NFiles/B&FEpisode1_480p30.mp4" "Mozilla/5.0 (Linux; Android 9; KFMUWI) AppleWebKit/537.36 (KHTML, like Gecko) Chrome/99.0.4844.73 Safari/537.36"
172.16.0.1 - - [18/Aug/2023:02:29:18 -0700] "GET /modules/en-binofino/B&NFiles/B&FEpisode1_480p30.mp4 HTTP/1.1" 206 1113512 "http://172.16.0.199/modules/en-binofino/B&NFiles/B&FEpisode1_480p30.mp4" "Mozilla/5.0 (Linux; Android 9; KFMUWI) AppleWebKit/537.36 (KHTML, like Gecko) Chrome/99.0.4844.73 Safari/537.36"
::1 - - [18/Aug/2023:02:29:18 -0700] "OPTIONS * HTTP/1.0" 200 128 "-" "Apache/2.4.38 (Raspbian) (internal dummy connection)"
172.16.0.1 - - [18/Aug/2023:02:29:19 -0700] "GET /modules/en-binofino/B&NFiles/B&FEpisode1_480p30.mp4 HTTP/1.1" 206 1785384 "http://172.16.0.199/modules/en-binofino/B&NFiles/B&FEpisode1_480p30.mp4" "Mozilla/5.0 (Linux; Android 9; KFMUWI) AppleWebKit/537.36 (KHTML, like Gecko) Chrome/99.0.4844.73 Safari/537.36"
172.16.0.1 - - [18/Aug/2023:02:29:20 -0700] "GET /modules/en-binofino/B&NFiles/B&FEpisode1_480p30.mp4 HTTP/1.1" 206 173760 "http://172.16.0.199/modules/en-binofino/B&NFiles/B&FEpisode1_480p30.mp4" "Mozilla/5.0 (Linux; Android 9; KFMUWI) AppleWebKit/537.36 (KHTML, like Gecko) Chrome/99.0.4844.73 Safari/537.36"
172.16.0.1 - - [18/Aug/2023:02:29:20 -0700] "GET /modules/en-binofino/B&NFiles/B&FEpisode1_480p30.mp4 HTTP/1.1" 206 289600 "http://172.16.0.199/modules/en-binofino/B&NFiles/B&FEpisode1_480p30.mp4" "Mozilla/5.0 (Linux; Android 9; KFMUWI) AppleWebKit/537.36 (KHTML, like Gecko) Chrome/99.0.4844.73 Safari/537.36"
172.16.0.1 - - [18/Aug/2023:02:29:21 -0700] "GET /modules/en-binofino/B&NFiles/B&FEpisode1_480p30.mp4 HTTP/1.1" 206 7871328 "http://172.16.0.199/modules/en-binofino/B&NFiles/B&FEpisode1_480p30.mp4" "Mozilla/5.0 (Linux; Android 9; KFMUWI) AppleWebKit/537.36 (KHTML, like Gecko) Chrome/99.0.4844.73 Safari/537.36"
172.16.0.1 - - [18/Aug/2023:02:29:23 -0700] "GET /modules/en-binofino/B&NFiles/B&FEpisode1_480p30.mp4 HTTP/1.1" 206 44888 "http://172.16.0.199/modules/en-binofino/B&NFiles/B&FEpisode1_480p30.mp4" "Mozilla/5.0 (Linux; Android 9; KFMUWI) AppleWebKit/537.36 (KHTML, like Gecko) Chrome/99.0.4844.73 Safari/537.36"
172.16.0.1 - - [18/Aug/2023:02:29:23 -0700] "GET /modules/en-binofino/B&NFiles/B&FEpisode1_480p30.mp4 HTTP/1.1" 206 46336 "http://172.16.0.199/modules/en-binofino/B&NFiles/B&FEpisode1_480p30.mp4" "Mozilla/5.0 (Linux; Android 9; KFMUWI) AppleWebKit/537.36 (KHTML, like Gecko) Chrome/99.0.4844.73 Safari/537.36"
172.16.0.1 - - [18/Aug/2023:02:29:23 -0700] "GET /modules/en-binofino/B&NFiles/B&FEpisode1_480p30.mp4 HTTP/1.1" 206 101360 "http://172.16.0.199/modules/en-binofino/B&NFiles/B&FEpisode1_480p30.mp4" "Mozilla/5.0 (Linux; Android 9; KFMUWI) AppleWebKit/537.36 (KHTML, like Gecko) Chrome/99.0.4844.73 Safari/537.36"
172.16.0.1 - - [18/Aug/2023:02:29:23 -0700] "GET /modules/en-binofino/B&NFiles/B&FEpisode1_480p30.mp4 HTTP/1.1" 206 348968 "http://172.16.0.199/modules/en-binofino/B&NFiles/B&FEpisode1_480p30.mp4" "Mozilla/5.0 (Linux; Android 9; KFMUWI) AppleWebKit/537.36 (KHTML, like Gecko) Chrome/99.0.4844.73 Safari/537.36"
172.16.0.1 - - [18/Aug/2023:02:29:23 -0700] "GET /modules/en-binofino/B&NFiles/B&FEpisode1_480p30.mp4 HTTP/1.1" 206 1243832 "http://172.16.0.199/modules/en-binofino/B&NFiles/B&FEpisode1_480p30.mp4" "Mozilla/5.0 (Linux; Android 9; KFMUWI) AppleWebKit/537.36 (KHTML, like Gecko) Chrome/99.0.4844.73 Safari/537.36"
172.16.0.1 - - [18/Aug/2023:02:29:23 -0700] "GET /modules/en-binofino/B&NFiles/B&FEpisode1_480p30.mp4 HTTP/1.1" 206 8576504 "http://172.16.0.199/modules/en-binofino/B&NFiles/B&FEpisode1_480p30.mp4" "Mozilla/5.0 (Linux; Android 9; KFMUWI) AppleWebKit/537.36 (KHTML, like Gecko) Chrome/99.0.4844.73 Safari/537.36"
172.16.0.1 - - [18/Aug/2023:02:29:45 -0700] "GET /modules/en-binofino/B&NFiles/B&FEpisode3_480p30.mp4 HTTP/1.1" 200 1311888 "http://172.16.0.199/modules/en-binofino/index.html" "Mozilla/5.0 (Linux; Android 9; KFMUWI) AppleWebKit/537.36 (KHTML, like Gecko) Chrome/99.0.4844.73 Safari/537.36"
172.16.0.1 - - [18/Aug/2023:02:29:45 -0700] "GET /modules/en-binofino/B&NFiles/B&FEpisode3_480p30.mp4 HTTP/1.1" 206 363448 "http://172.16.0.199/modules/en-binofino/B&NFiles/B&FEpisode3_480p30.mp4" "Mozilla/5.0 (Linux; Android 9; KFMUWI) AppleWebKit/537.36 (KHTML, like Gecko) Chrome/99.0.4844.73 Safari/537.36"
172.16.0.1 - - [18/Aug/2023:02:29:46 -0700] "GET /modules/en-binofino/B&NFiles/B&FEpisode3_480p30.mp4 HTTP/1.1" 206 505067 "http://172.16.0.199/modules/en-binofino/B&NFiles/B&FEpisode3_480p30.mp4" "Mozilla/5.0 (Linux; Android 9; KFMUWI) AppleWebKit/537.36 (KHTML, like Gecko) Chrome/99.0.4844.73 Safari/537.36"
172.16.0.1 - - [18/Aug/2023:02:27:38 -0700] "GET /modules/en-binofino/B&NFiles/B&FEpisode1_480p30.mp4 HTTP/1.1" 206 23224472 "http://172.16.0.199/modules/en-binofino/B&NFiles/B&FEpisode1_480p30.mp4" "Mozilla/5.0 (X11; Linux x86_64) AppleWebKit/537.36 (KHTML, like Gecko) Chrome/114.0.0.0 Safari/537.36"
172.16.0.1 - - [18/Aug/2023:02:29:57 -0700] "GET /modules/en-binofino/B&NFiles/B&FEpisode3_480p30.mp4 HTTP/1.1" 200 1954800 "http://172.16.0.199/modules/en-binofino/index.html" "Mozilla/5.0 (X11; Linux x86_64) AppleWebKit/537.36 (KHTML, like Gecko) Chrome/114.0.0.0 Safari/537.36"
172.16.0.1 - - [18/Aug/2023:02:29:57 -0700] "GET /modules/en-binofino/B&NFiles/B&FEpisode3_480p30.mp4 HTTP/1.1" 206 505352 "http://172.16.0.199/modules/en-binofino/B&NFiles/B&FEpisode3_480p30.mp4" "Mozilla/5.0 (X11; Linux x86_64) AppleWebKit/537.36 (KHTML, like Gecko) Chrome/114.0.0.0 Safari/537.36"
172.16.0.1 - - [18/Aug/2023:02:29:57 -0700] "GET /modules/en-binofino/B&NFiles/B&FEpisode3_480p30.mp4 HTTP/1.1" 206 505067 "http://172.16.0.199/modules/en-binofino/B&NFiles/B&FEpisode3_480p30.mp4" "Mozilla/5.0 (X11; Linux x86_64) AppleWebKit/537.36 (KHTML, like Gecko) Chrome/114.0.0.0 Safari/537.36"
192.168.33.239 - - [18/Aug/2023:02:29:58 -0700] "GET /modules/en-binofino/B&NFiles/B&FEpisode3_480p30.mp4 HTTP/1.1" 200 550240 "http://172.16.0.199/modules/en-binofino/index.html" "Mozilla/5.0 (Linux; Android 9; KFMUWI) AppleWebKit/537.36 (KHTML, like Gecko) Chrome/100.0.4896.79 Safari/537.36"
192.168.33.239 - - [18/Aug/2023:02:29:58 -0700] "GET /modules/en-binofino/B&NFiles/B&FEpisode3_480p30.mp4 HTTP/1.1" 206 267880 "http://172.16.0.199/modules/en-binofino/B&NFiles/B&FEpisode3_480p30.mp4" "Mozilla/5.0 (Linux; Android 9; KFMUWI) AppleWebKit/537.36 (KHTML, like Gecko) Chrome/100.0.4896.79 Safari/537.36"
192.168.33.239 - - [18/Aug/2023:02:29:58 -0700] "GET /modules/en-binofino/B&NFiles/B&FEpisode3_480p30.mp4 HTTP/1.1" 206 505123 "http://172.16.0.199/modules/en-binofino/B&NFiles/B&FEpisode3_480p30.mp4" "Mozilla/5.0 (Linux; Android 9; KFMUWI) AppleWebKit/537.36 (KHTML, like Gecko) Chrome/100.0.4896.79 Safari/537.36"
192.168.33.251 - - [18/Aug/2023:02:30:03 -0700] "-" 408 0 "-" "-"
192.168.33.248 - - [18/Aug/2023:02:30:03 -0700] "-" 408 0 "-" "-"
172.16.0.1 - - [18/Aug/2023:02:29:50 -0700] "GET /modules/en-binofino/B&NFiles/B&FEpisode1_480p30.mp4 HTTP/1.1" 206 15329976 "http://172.16.0.199/modules/en-binofino/B&NFiles/B&FEpisode1_480p30.mp4" "Mozilla/5.0 (Linux; Android 9; KFMUWI) AppleWebKit/537.36 (KHTML, like Gecko) Chrome/97.0.4692.98 Safari/537.36"
192.168.33.250 - - [18/Aug/2023:02:27:07 -0700] "GET /modules/en-binofino/B&NFiles/B&FEpisode1_480p30.mp4 HTTP/1.1" 206 36667750 "http://172.16.0.199/modules/en-binofino/B&NFiles/B&FEpisode1_480p30.mp4" "Mozilla/5.0 (Linux; Android 9; KFMUWI) AppleWebKit/537.36 (KHTML, like Gecko) Chrome/99.0.4844.73 Safari/537.36"
192.168.33.240 - - [18/Aug/2023:02:22:22 -0700] "GET /modules/en-binofino/B&NFiles/B&FEpisode1_480p30.mp4 HTTP/1.1" 206 56276787 "http://172.16.0.199/modules/en-binofino/B&NFiles/B&FEpisode1_480p30.mp4" "Mozilla/5.0 (Linux; Android 9; KFMUWI) AppleWebKit/537.36 (KHTML, like Gecko) Chrome/114.0.0.0 Safari/537.36"
192.168.33.241 - - [18/Aug/2023:02:24:13 -0700] "GET /modules/en-binofino/B&NFiles/B&FEpisode22_480p30.mp4 HTTP/1.1" 206 38758616 "http://172.16.0.199/modules/en-binofino/B&NFiles/B&FEpisode22_480p30.mp4" "Mozilla/5.0 (Linux; Android 9; KFMUWI) AppleWebKit/537.36 (KHTML, like Gecko) Chrome/114.0.0.0 Safari/537.36"
192.168.33.241 - - [18/Aug/2023:02:30:54 -0700] "GET /modules/en-binofino/B&NFiles/B&FEpisode22_480p30.mp4 HTTP/1.1" 206 57920 "http://172.16.0.199/modules/en-binofino/B&NFiles/B&FEpisode22_480p30.mp4" "Mozilla/5.0 (Linux; Android 9; KFMUWI) AppleWebKit/537.36 (KHTML, like Gecko) Chrome/114.0.0.0 Safari/537.36"
192.168.33.241 - - [18/Aug/2023:02:30:54 -0700] "GET /modules/en-binofino/B&NFiles/B&FEpisode22_480p30.mp4 HTTP/1.1" 206 57920 "http://172.16.0.199/modules/en-binofino/B&NFiles/B&FEpisode22_480p30.mp4" "Mozilla/5.0 (Linux; Android 9; KFMUWI) AppleWebKit/537.36 (KHTML, like Gecko) Chrome/114.0.0.0 Safari/537.36"
192.168.33.241 - - [18/Aug/2023:02:30:54 -0700] "GET /modules/en-binofino/B&NFiles/B&FEpisode22_480p30.mp4 HTTP/1.1" 206 199824 "http://172.16.0.199/modules/en-binofino/B&NFiles/B&FEpisode22_480p30.mp4" "Mozilla/5.0 (Linux; Android 9; KFMUWI) AppleWebKit/537.36 (KHTML, like Gecko) Chrome/114.0.0.0 Safari/537.36"
192.168.33.241 - - [18/Aug/2023:02:30:54 -0700] "GET /modules/en-binofino/B&NFiles/B&FEpisode22_480p30.mp4 HTTP/1.1" 206 147696 "http://172.16.0.199/modules/en-binofino/B&NFiles/B&FEpisode22_480p30.mp4" "Mozilla/5.0 (Linux; Android 9; KFMUWI) AppleWebKit/537.36 (KHTML, like Gecko) Chrome/114.0.0.0 Safari/537.36"
192.168.33.241 - - [18/Aug/2023:02:30:54 -0700] "GET /modules/en-binofino/B&NFiles/B&FEpisode22_480p30.mp4 HTTP/1.1" 206 147696 "http://172.16.0.199/modules/en-binofino/B&NFiles/B&FEpisode22_480p30.mp4" "Mozilla/5.0 (Linux; Android 9; KFMUWI) AppleWebKit/537.36 (KHTML, like Gecko) Chrome/114.0.0.0 Safari/537.36"
192.168.33.241 - - [18/Aug/2023:02:30:54 -0700] "GET /modules/en-binofino/B&NFiles/B&FEpisode22_480p30.mp4 HTTP/1.1" 206 259192 "http://172.16.0.199/modules/en-binofino/B&NFiles/B&FEpisode22_480p30.mp4" "Mozilla/5.0 (Linux; Android 9; KFMUWI) AppleWebKit/537.36 (KHTML, like Gecko) Chrome/114.0.0.0 Safari/537.36"
192.168.33.241 - - [18/Aug/2023:02:30:55 -0700] "GET /modules/en-binofino/B&NFiles/B&FEpisode22_480p30.mp4 HTTP/1.1" 206 57920 "http://172.16.0.199/modules/en-binofino/B&NFiles/B&FEpisode22_480p30.mp4" "Mozilla/5.0 (Linux; Android 9; KFMUWI) AppleWebKit/537.36 (KHTML, like Gecko) Chrome/114.0.0.0 Safari/537.36"
192.168.33.241 - - [18/Aug/2023:02:30:55 -0700] "GET /modules/en-binofino/B&NFiles/B&FEpisode22_480p30.mp4 HTTP/1.1" 206 57920 "http://172.16.0.199/modules/en-binofino/B&NFiles/B&FEpisode22_480p30.mp4" "Mozilla/5.0 (Linux; Android 9; KFMUWI) AppleWebKit/537.36 (KHTML, like Gecko) Chrome/114.0.0.0 Safari/537.36"
192.168.33.241 - - [18/Aug/2023:02:30:55 -0700] "GET /modules/en-binofino/B&NFiles/B&FEpisode22_480p30.mp4 HTTP/1.1" 206 57920 "http://172.16.0.199/modules/en-binofino/B&NFiles/B&FEpisode22_480p30.mp4" "Mozilla/5.0 (Linux; Android 9; KFMUWI) AppleWebKit/537.36 (KHTML, like Gecko) Chrome/114.0.0.0 Safari/537.36"
192.168.33.241 - - [18/Aug/2023:02:30:55 -0700] "GET /modules/en-binofino/B&NFiles/B&FEpisode22_480p30.mp4 HTTP/1.1" 206 57920 "http://172.16.0.199/modules/en-binofino/B&NFiles/B&FEpisode22_480p30.mp4" "Mozilla/5.0 (Linux; Android 9; KFMUWI) AppleWebKit/537.36 (KHTML, like Gecko) Chrome/114.0.0.0 Safari/537.36"
192.168.33.241 - - [18/Aug/2023:02:30:55 -0700] "GET /modules/en-binofino/B&NFiles/B&FEpisode22_480p30.mp4 HTTP/1.1" 206 57920 "http://172.16.0.199/modules/en-binofino/B&NFiles/B&FEpisode22_480p30.mp4" "Mozilla/5.0 (Linux; Android 9; KFMUWI) AppleWebKit/537.36 (KHTML, like Gecko) Chrome/114.0.0.0 Safari/537.36"
192.168.33.241 - - [18/Aug/2023:02:30:55 -0700] "GET /modules/en-binofino/B&NFiles/B&FEpisode22_480p30.mp4 HTTP/1.1" 206 208512 "http://172.16.0.199/modules/en-binofino/B&NFiles/B&FEpisode22_480p30.mp4" "Mozilla/5.0 (Linux; Android 9; KFMUWI) AppleWebKit/537.36 (KHTML, like Gecko) Chrome/114.0.0.0 Safari/537.36"
172.16.0.1 - - [18/Aug/2023:02:29:58 -0700] "GET /modules/en-binofino/B&NFiles/B&FEpisode3_480p30.mp4 HTTP/1.1" 206 13582240 "http://172.16.0.199/modules/en-binofino/B&NFiles/B&FEpisode3_480p30.mp4" "Mozilla/5.0 (X11; Linux x86_64) AppleWebKit/537.36 (KHTML, like Gecko) Chrome/114.0.0.0 Safari/537.36"
192.168.33.241 - - [18/Aug/2023:02:30:55 -0700] "GET /modules/en-binofino/B&NFiles/B&FEpisode22_480p30.mp4 HTTP/1.1" 206 4152864 "http://172.16.0.199/modules/en-binofino/B&NFiles/B&FEpisode22_480p30.mp4" "Mozilla/5.0 (Linux; Android 9; KFMUWI) AppleWebKit/537.36 (KHTML, like Gecko) Chrome/114.0.0.0 Safari/537.36"
192.168.33.241 - - [18/Aug/2023:02:30:56 -0700] "GET /modules/en-binofino/B&NFiles/B&FEpisode22_480p30.mp4 HTTP/1.1" 206 1878056 "http://172.16.0.199/modules/en-binofino/B&NFiles/B&FEpisode22_480p30.mp4" "Mozilla/5.0 (Linux; Android 9; KFMUWI) AppleWebKit/537.36 (KHTML, like Gecko) Chrome/114.0.0.0 Safari/537.36"
192.168.33.241 - - [18/Aug/2023:02:30:57 -0700] "GET /modules/en-binofino/B&NFiles/B&FEpisode22_480p30.mp4 HTTP/1.1" 206 335936 "http://172.16.0.199/modules/en-binofino/B&NFiles/B&FEpisode22_480p30.mp4" "Mozilla/5.0 (Linux; Android 9; KFMUWI) AppleWebKit/537.36 (KHTML, like Gecko) Chrome/114.0.0.0 Safari/537.36"
192.168.33.250 - - [18/Aug/2023:02:30:58 -0700] "GET /modules/en-binofino/B&NFiles/B&FEpisode1_480p30.mp4 HTTP/1.1" 206 527239 "http://172.16.0.199/modules/en-binofino/B&NFiles/B&FEpisode1_480p30.mp4" "Mozilla/5.0 (Linux; Android 9; KFMUWI) AppleWebKit/537.36 (KHTML, like Gecko) Chrome/99.0.4844.73 Safari/537.36"
172.16.0.1 - - [18/Aug/2023:02:23:32 -0700] "GET /modules/en-binofino/B&NFiles/B&FEpisode22_480p30.mp4 HTTP/1.1" 206 38885704 "http://172.16.0.199/modules/en-binofino/B&NFiles/B&FEpisode22_480p30.mp4" "Mozilla/5.0 (Linux; Android 10; K) AppleWebKit/537.36 (KHTML, like Gecko) Chrome/114.0.0.0 Safari/537.36"
172.16.0.1 - - [18/Aug/2023:02:30:13 -0700] "GET /modules/en-binofino/B&NFiles/B&FEpisode1_480p30.mp4 HTTP/1.1" 206 15270190 "http://172.16.0.199/modules/en-binofino/B&NFiles/B&FEpisode1_480p30.mp4" "Mozilla/5.0 (Linux; Android 9; KFMUWI) AppleWebKit/537.36 (KHTML, like Gecko) Chrome/97.0.4692.98 Safari/537.36"
172.16.0.1 - - [18/Aug/2023:02:30:56 -0700] "GET /modules/en-binofino/B&NFiles/B&FEpisode3_480p30.mp4 HTTP/1.1" 206 8656144 "http://172.16.0.199/modules/en-binofino/B&NFiles/B&FEpisode3_480p30.mp4" "Mozilla/5.0 (X11; Linux x86_64) AppleWebKit/537.36 (KHTML, like Gecko) Chrome/114.0.0.0 Safari/537.36"
172.16.0.1 - - [18/Aug/2023:02:31:01 -0700] "GET /modules/en-binofino/B&NFiles/B&FEpisode3_480p30.mp4 HTTP/1.1" 206 2713479 "http://172.16.0.199/modules/en-binofino/B&NFiles/B&FEpisode3_480p30.mp4" "Mozilla/5.0 (X11; Linux x86_64) AppleWebKit/537.36 (KHTML, like Gecko) Chrome/114.0.0.0 Safari/537.36"
::1 - - [18/Aug/2023:02:31:06 -0700] "OPTIONS * HTTP/1.0" 200 128 "-" "Apache/2.4.38 (Raspbian) (internal dummy connection)"
192.168.33.241 - - [18/Aug/2023:02:31:06 -0700] "GET /modules/en-binofino/B&NFiles/B&FEpisode22_480p30.mp4 HTTP/1.1" 206 7560008 "http://172.16.0.199/modules/en-binofino/B&NFiles/B&FEpisode22_480p30.mp4" "Mozilla/5.0 (Linux; Android 9; KFMUWI) AppleWebKit/537.36 (KHTML, like Gecko) Chrome/114.0.0.0 Safari/537.36"
::1 - - [18/Aug/2023:02:31:12 -0700] "OPTIONS * HTTP/1.0" 200 128 "-" "Apache/2.4.38 (Raspbian) (internal dummy connection)"
172.16.0.117 - - [18/Aug/2023:02:23:46 -0700] "GET /modules/en-binofino/B&NFiles/B&FEpisode1_480p30.mp4 HTTP/1.1" 206 55665326 "http://172.16.0.199/modules/en-binofino/B&NFiles/B&FEpisode1_480p30.mp4" "Mozilla/5.0 (Linux; Android 10; K) AppleWebKit/537.36 (KHTML, like Gecko) Chrome/114.0.0.0 Safari/537.36"
192.168.33.244 - - [18/Aug/2023:02:31:17 -0700] "GET /modules/en-binofino/B&NFiles/B&FEpisode22_480p30.mp4 HTTP/1.1" 206 228784 "http://172.16.0.199/modules/en-binofino/B&NFiles/B&FEpisode22_480p30.mp4" "Mozilla/5.0 (Linux; Android 9; KFMUWI) AppleWebKit/537.36 (KHTML, like Gecko) Chrome/114.0.0.0 Safari/537.36"
192.168.33.244 - - [18/Aug/2023:02:31:17 -0700] "GET /modules/en-binofino/B&NFiles/B&FEpisode22_480p30.mp4 HTTP/1.1" 200 15539936 "http://172.16.0.199/modules/en-binofino/B&NFiles/B&FEpisode22_480p30.mp4" "Mozilla/5.0 (Linux; Android 9; KFMUWI) AppleWebKit/537.36 (KHTML, like Gecko) Chrome/114.0.0.0 Safari/537.36"
192.168.33.244 - - [18/Aug/2023:02:31:17 -0700] "GET /modules/en-binofino/B&NFiles/B&FEpisode22_480p30.mp4 HTTP/1.1" 206 15060850 "http://172.16.0.199/modules/en-binofino/B&NFiles/B&FEpisode22_480p30.mp4" "Mozilla/5.0 (Linux; Android 9; KFMUWI) AppleWebKit/537.36 (KHTML, like Gecko) Chrome/114.0.0.0 Safari/537.36"
192.168.33.240 - - [18/Aug/2023:02:31:12 -0700] "GET /modules/en-binofino/B&NFiles/B&FEpisode1_480p30.mp4 HTTP/1.1" 206 4211449 "http://172.16.0.199/modules/en-binofino/B&NFiles/B&FEpisode1_480p30.mp4" "Mozilla/5.0 (Linux; Android 9; KFMUWI) AppleWebKit/537.36 (KHTML, like Gecko) Chrome/114.0.0.0 Safari/537.36"
192.168.33.244 - - [18/Aug/2023:02:31:17 -0700] "GET /modules/en-binofino/B&NFiles/B&FEpisode22_480p30.mp4 HTTP/1.1" 206 15364728 "http://172.16.0.199/modules/en-binofino/B&NFiles/B&FEpisode22_480p30.mp4" "Mozilla/5.0 (Linux; Android 9; KFMUWI) AppleWebKit/537.36 (KHTML, like Gecko) Chrome/114.0.0.0 Safari/537.36"
172.16.0.1 - - [18/Aug/2023:02:31:04 -0700] "GET /modules/en-binofino/B&NFiles/B&FEpisode1_480p30.mp4 HTTP/1.1" 206 6097744 "http://172.16.0.199/modules/en-binofino/B&NFiles/B&FEpisode1_480p30.mp4" "Mozilla/5.0 (Linux; Android 9; KFMUWI) AppleWebKit/537.36 (KHTML, like Gecko) Chrome/97.0.4692.98 Safari/537.36"
::1 - - [18/Aug/2023:02:31:35 -0700] "OPTIONS * HTTP/1.0" 200 128 "-" "Apache/2.4.38 (Raspbian) (internal dummy connection)"
192.168.33.244 - - [18/Aug/2023:02:23:07 -0700] "GET /modules/en-binofino/B&NFiles/B&FEpisode22_480p30.mp4 HTTP/1.1" 206 44652817 "http://172.16.0.199/modules/en-binofino/B&NFiles/B&FEpisode22_480p30.mp4" "Mozilla/5.0 (Linux; Android 9; KFMUWI) AppleWebKit/537.36 (KHTML, like Gecko) Chrome/114.0.0.0 Safari/537.36"
172.16.0.117 - - [18/Aug/2023:02:31:50 -0700] "GET /modules/en-binofino/B&NFiles/B&FEpisode1_480p30.mp4 HTTP/1.1" 206 527239 "http://172.16.0.199/modules/en-binofino/B&NFiles/B&FEpisode1_480p30.mp4" "Mozilla/5.0 (Linux; Android 10; K) AppleWebKit/537.36 (KHTML, like Gecko) Chrome/114.0.0.0 Safari/537.36"
::1 - - [18/Aug/2023:02:31:58 -0700] "OPTIONS * HTTP/1.0" 200 128 "-" "Apache/2.4.38 (Raspbian) (internal dummy connection)"
192.168.33.239 - - [18/Aug/2023:02:29:59 -0700] "GET /modules/en-binofino/B&NFiles/B&FEpisode3_480p30.mp4 HTTP/1.1" 206 26444824 "http://172.16.0.199/modules/en-binofino/B&NFiles/B&FEpisode3_480p30.mp4" "Mozilla/5.0 (Linux; Android 9; KFMUWI) AppleWebKit/537.36 (KHTML, like Gecko) Chrome/100.0.4896.79 Safari/537.36"
192.168.33.244 - - [18/Aug/2023:02:32:11 -0700] "GET /modules/en-binofino/B&NFiles/B&FEpisode22_480p30.mp4 HTTP/1.1" 206 486278 "http://172.16.0.199/modules/en-binofino/B&NFiles/B&FEpisode22_480p30.mp4" "Mozilla/5.0 (Linux; Android 9; KFMUWI) AppleWebKit/537.36 (KHTML, like Gecko) Chrome/114.0.0.0 Safari/537.36"
172.16.0.1 - - [18/Aug/2023:02:29:46 -0700] "GET /modules/en-binofino/B&NFiles/B&FEpisode3_480p30.mp4 HTTP/1.1" 206 27328171 "http://172.16.0.199/modules/en-binofino/B&NFiles/B&FEpisode3_480p30.mp4" "Mozilla/5.0 (Linux; Android 9; KFMUWI) AppleWebKit/537.36 (KHTML, like Gecko) Chrome/99.0.4844.73 Safari/537.36"
192.168.33.250 - - [18/Aug/2023:02:32:14 -0700] "GET /modules/en-binofino/B&NFiles/B&FEpisode13_480p30.mp4 HTTP/1.1" 304 187 "http://172.16.0.199/modules/en-binofino/index.html" "Mozilla/5.0 (Linux; Android 9; KFMUWI) AppleWebKit/537.36 (KHTML, like Gecko) Chrome/99.0.4844.73 Safari/537.36"
172.16.0.1 - - [18/Aug/2023:02:32:08 -0700] "GET /modules/en-binofino/B&NFiles/B&FEpisode3_480p30.mp4 HTTP/1.1" 206 22079427 "-" "Mozilla/5.0 (Linux; Android 9; KFMUWI) AppleWebKit/537.36 (KHTML, like Gecko) Chrome/99.0.4844.73 Safari/537.36"
172.16.0.1 - - [18/Aug/2023:02:32:23 -0700] "GET /modules/en-binofino/B&NFiles/B&FEpisode22_480p30.mp4 HTTP/1.1" 206 486222 "http://172.16.0.199/modules/en-binofino/B&NFiles/B&FEpisode22_480p30.mp4" "Mozilla/5.0 (Linux; Android 10; K) AppleWebKit/537.36 (KHTML, like Gecko) Chrome/114.0.0.0 Safari/537.36"
172.16.0.1 - - [18/Aug/2023:02:32:08 -0700] "GET /modules/en-binofino/B&NFiles/B&FEpisode3_480p30.mp4 HTTP/1.1" 200 24836096 "-" "Mozilla/5.0 (Linux; Android 9; KFMUWI) AppleWebKit/537.36 (KHTML, like Gecko) Chrome/99.0.4844.73 Safari/537.36"
192.168.33.239 - - [18/Aug/2023:02:32:27 -0700] "GET /modules/en-binofino/B&NFiles/B&FEpisode3_480p30.mp4 HTTP/1.1" 206 48322 "http://172.16.0.199/modules/en-binofino/B&NFiles/B&FEpisode3_480p30.mp4" "Mozilla/5.0 (Linux; Android 9; KFMUWI) AppleWebKit/537.36 (KHTML, like Gecko) Chrome/100.0.4896.79 Safari/537.36"
172.16.0.1 - - [18/Aug/2023:02:32:08 -0700] "GET /modules/en-binofino/B&NFiles/B&FEpisode3_480p30.mp4 HTTP/1.1" 206 25383440 "-" "Mozilla/5.0 (Linux; Android 9; KFMUWI) AppleWebKit/537.36 (KHTML, like Gecko) Chrome/99.0.4844.73 Safari/537.36"
172.16.0.1 - - [18/Aug/2023:02:32:16 -0700] "GET /modules/en-binofino/B&NFiles/B&FEpisode1_480p30.mp4 HTTP/1.1" 206 13745864 "http://172.16.0.199/modules/en-binofino/B&NFiles/B&FEpisode1_480p30.mp4" "Mozilla/5.0 (Linux; Android 9; KFMUWI) AppleWebKit/537.36 (KHTML, like Gecko) Chrome/97.0.4692.98 Safari/537.36"
172.16.0.1 - - [18/Aug/2023:02:32:32 -0700] "GET /modules/en-binofino/B&NFiles/B&FEpisode1_480p30.mp4 HTTP/1.1" 206 46336 "http://172.16.0.199/modules/en-binofino/B&NFiles/B&FEpisode1_480p30.mp4" "Mozilla/5.0 (Linux; Android 9; KFMUWI) AppleWebKit/537.36 (KHTML, like Gecko) Chrome/97.0.4692.98 Safari/537.36"
172.16.0.1 - - [18/Aug/2023:02:32:32 -0700] "GET /modules/en-binofino/B&NFiles/B&FEpisode1_480p30.mp4 HTTP/1.1" 206 579200 "http://172.16.0.199/modules/en-binofino/B&NFiles/B&FEpisode1_480p30.mp4" "Mozilla/5.0 (Linux; Android 9; KFMUWI) AppleWebKit/537.36 (KHTML, like Gecko) Chrome/97.0.4692.98 Safari/537.36"
172.16.0.1 - - [18/Aug/2023:02:32:32 -0700] "GET /modules/en-binofino/B&NFiles/B&FEpisode1_480p30.mp4 HTTP/1.1" 206 553136 "http://172.16.0.199/modules/en-binofino/B&NFiles/B&FEpisode1_480p30.mp4" "Mozilla/5.0 (Linux; Android 9; KFMUWI) AppleWebKit/537.36 (KHTML, like Gecko) Chrome/97.0.4692.98 Safari/537.36"
172.16.0.1 - - [18/Aug/2023:02:32:33 -0700] "GET /stem.php HTTP/1.1" 200 2005 "http://172.16.0.199/" "Mozilla/5.0 (Linux; Android 9; KFMUWI) AppleWebKit/537.36 (KHTML, like Gecko) Chrome/99.0.4844.73 Safari/537.36"
172.16.0.1 - - [18/Aug/2023:02:32:34 -0700] "GET /js/bootstrap.min.js HTTP/1.1" 404 1516 "http://172.16.0.199/stem.php" "Mozilla/5.0 (Linux; Android 9; KFMUWI) AppleWebKit/537.36 (KHTML, like Gecko) Chrome/99.0.4844.73 Safari/537.36"
192.168.33.240 - - [18/Aug/2023:02:32:38 -0700] "GET /modules/en-binofino/B&NFiles/B&FEpisode13_480p30.mp4 HTTP/1.1" 206 550240 "http://172.16.0.199/modules/en-binofino/index.html" "Mozilla/5.0 (Linux; Android 9; KFMUWI) AppleWebKit/537.36 (KHTML, like Gecko) Chrome/114.0.0.0 Safari/537.36"
192.168.33.240 - - [18/Aug/2023:02:32:38 -0700] "GET /modules/en-binofino/B&NFiles/B&FEpisode13_480p30.mp4 HTTP/1.1" 206 205616 "http://172.16.0.199/modules/en-binofino/B&NFiles/B&FEpisode13_480p30.mp4" "Mozilla/5.0 (Linux; Android 9; KFMUWI) AppleWebKit/537.36 (KHTML, like Gecko) Chrome/114.0.0.0 Safari/537.36"
172.16.0.1 - - [18/Aug/2023:02:32:32 -0700] "GET /modules/en-binofino/B&NFiles/B&FEpisode1_480p30.mp4 HTTP/1.1" 206 10014368 "http://172.16.0.199/modules/en-binofino/B&NFiles/B&FEpisode1_480p30.mp4" "Mozilla/5.0 (Linux; Android 9; KFMUWI) AppleWebKit/537.36 (KHTML, like Gecko) Chrome/97.0.4692.98 Safari/537.36"
172.16.0.1 - - [18/Aug/2023:02:32:38 -0700] "GET /modules/en-binofino/B&NFiles/B&FEpisode1_480p30.mp4 HTTP/1.1" 206 236024 "http://172.16.0.199/modules/en-binofino/B&NFiles/B&FEpisode1_480p30.mp4" "Mozilla/5.0 (Linux; Android 9; KFMUWI) AppleWebKit/537.36 (KHTML, like Gecko) Chrome/97.0.4692.98 Safari/537.36"
172.16.0.1 - - [18/Aug/2023:02:32:47 -0700] "GET /community.php HTTP/1.1" 200 2016 "http://172.16.0.199/" "Mozilla/5.0 (Linux; Android 9; KFMUWI) AppleWebKit/537.36 (KHTML, like Gecko) Chrome/99.0.4844.73 Safari/537.36"
172.16.0.1 - - [18/Aug/2023:02:32:47 -0700] "GET /js/bootstrap.min.js HTTP/1.1" 404 1516 "http://172.16.0.199/community.php" "Mozilla/5.0 (Linux; Android 9; KFMUWI) AppleWebKit/537.36 (KHTML, like Gecko) Chrome/99.0.4844.73 Safari/537.36"
172.16.0.1 - - [18/Aug/2023:02:32:38 -0700] "GET /modules/en-binofino/B&NFiles/B&FEpisode1_480p30.mp4 HTTP/1.1" 206 12649728 "http://172.16.0.199/modules/en-binofino/B&NFiles/B&FEpisode1_480p30.mp4" "Mozilla/5.0 (Linux; Android 9; KFMUWI) AppleWebKit/537.36 (KHTML, like Gecko) Chrome/97.0.4692.98 Safari/537.36"
192.168.33.250 - - [18/Aug/2023:02:32:55 -0700] "-" 408 0 "-" "-"
172.16.0.1 - - [18/Aug/2023:02:32:55 -0700] "GET /modules/en-binofino/B&NFiles/B&FEpisode3_480p30.mp4 HTTP/1.1" 200 975952 "http://172.16.0.199/modules/en-binofino/index.html" "Mozilla/5.0 (Linux; Android 9; KFMUWI) AppleWebKit/537.36 (KHTML, like Gecko) Chrome/97.0.4692.98 Safari/537.36"
172.16.0.1 - - [18/Aug/2023:02:32:56 -0700] "GET /modules/en-binofino/B&NFiles/B&FEpisode3_480p30.mp4 HTTP/1.1" 206 529968 "http://172.16.0.199/modules/en-binofino/B&NFiles/B&FEpisode3_480p30.mp4" "Mozilla/5.0 (Linux; Android 9; KFMUWI) AppleWebKit/537.36 (KHTML, like Gecko) Chrome/97.0.4692.98 Safari/537.36"
172.16.0.1 - - [18/Aug/2023:02:32:56 -0700] "GET /modules/en-binofino/B&NFiles/B&FEpisode3_480p30.mp4 HTTP/1.1" 206 156384 "http://172.16.0.199/modules/en-binofino/B&NFiles/B&FEpisode3_480p30.mp4" "Mozilla/5.0 (Linux; Android 9; KFMUWI) AppleWebKit/537.36 (KHTML, like Gecko) Chrome/97.0.4692.98 Safari/537.36"
172.16.0.1 - - [18/Aug/2023:02:32:56 -0700] "GET /modules/en-binofino/B&NFiles/B&FEpisode3_480p30.mp4 HTTP/1.1" 206 505067 "http://172.16.0.199/modules/en-binofino/B&NFiles/B&FEpisode3_480p30.mp4" "Mozilla/5.0 (Linux; Android 9; KFMUWI) AppleWebKit/537.36 (KHTML, like Gecko) Chrome/97.0.4692.98 Safari/537.36"
172.16.0.117 - - [18/Aug/2023:02:32:58 -0700] "GET /modules/en-binofino/B&NFiles/B&FEpisode13_480p30.mp4 HTTP/1.1" 304 187 "http://172.16.0.199/modules/en-binofino/index.html" "Mozilla/5.0 (Linux; Android 10; K) AppleWebKit/537.36 (KHTML, like Gecko) Chrome/114.0.0.0 Safari/537.36"
172.16.0.1 - - [18/Aug/2023:02:32:59 -0700] "GET /multimedia.php HTTP/1.1" 200 1787 "http://172.16.0.199/" "Mozilla/5.0 (Linux; Android 9; KFMUWI) AppleWebKit/537.36 (KHTML, like Gecko) Chrome/99.0.4844.73 Safari/537.36"
172.16.0.1 - - [18/Aug/2023:02:32:59 -0700] "GET /js/bootstrap.min.js HTTP/1.1" 404 1516 "http://172.16.0.199/multimedia.php" "Mozilla/5.0 (Linux; Android 9; KFMUWI) AppleWebKit/537.36 (KHTML, like Gecko) Chrome/99.0.4844.73 Safari/537.36"
192.168.33.241 - - [18/Aug/2023:02:33:03 -0700] "GET /modules/en-binofino/B&NFiles/B&FEpisode22_480p30.mp4 HTTP/1.1" 206 2949477 "http://172.16.0.199/modules/en-binofino/B&NFiles/B&FEpisode22_480p30.mp4" "Mozilla/5.0 (Linux; Android 9; KFMUWI) AppleWebKit/537.36 (KHTML, like Gecko) Chrome/114.0.0.0 Safari/537.36"
192.168.33.241 - - [18/Aug/2023:02:33:09 -0700] "GET /modules/en-binofino/B&NFiles/B&FEpisode22_480p30.mp4 HTTP/1.1" 206 324352 "http://172.16.0.199/modules/en-binofino/B&NFiles/B&FEpisode22_480p30.mp4" "Mozilla/5.0 (Linux; Android 9; KFMUWI) AppleWebKit/537.36 (KHTML, like Gecko) Chrome/114.0.0.0 Safari/537.36"
192.168.33.241 - - [18/Aug/2023:02:33:09 -0700] "GET /modules/en-binofino/B&NFiles/B&FEpisode22_480p30.mp4 HTTP/1.1" 206 529968 "http://172.16.0.199/modules/en-binofino/B&NFiles/B&FEpisode22_480p30.mp4" "Mozilla/5.0 (Linux; Android 9; KFMUWI) AppleWebKit/537.36 (KHTML, like Gecko) Chrome/114.0.0.0 Safari/537.36"
192.168.33.241 - - [18/Aug/2023:02:33:09 -0700] "GET /modules/en-binofino/B&NFiles/B&FEpisode22_480p30.mp4 HTTP/1.1" 206 101360 "http://172.16.0.199/modules/en-binofino/B&NFiles/B&FEpisode22_480p30.mp4" "Mozilla/5.0 (Linux; Android 9; KFMUWI) AppleWebKit/537.36 (KHTML, like Gecko) Chrome/114.0.0.0 Safari/537.36"
192.168.33.241 - - [18/Aug/2023:02:33:09 -0700] "GET /modules/en-binofino/B&NFiles/B&FEpisode22_480p30.mp4 HTTP/1.1" 206 211408 "http://172.16.0.199/modules/en-binofino/B&NFiles/B&FEpisode22_480p30.mp4" "Mozilla/5.0 (Linux; Android 9; KFMUWI) AppleWebKit/537.36 (KHTML, like Gecko) Chrome/114.0.0.0 Safari/537.36"
192.168.33.241 - - [18/Aug/2023:02:33:09 -0700] "GET /modules/en-binofino/B&NFiles/B&FEpisode22_480p30.mp4 HTTP/1.1" 206 52128 "http://172.16.0.199/modules/en-binofino/B&NFiles/B&FEpisode22_480p30.mp4" "Mozilla/5.0 (Linux; Android 9; KFMUWI) AppleWebKit/537.36 (KHTML, like Gecko) Chrome/114.0.0.0 Safari/537.36"
192.168.33.241 - - [18/Aug/2023:02:33:09 -0700] "GET /modules/en-binofino/B&NFiles/B&FEpisode22_480p30.mp4 HTTP/1.1" 206 208512 "http://172.16.0.199/modules/en-binofino/B&NFiles/B&FEpisode22_480p30.mp4" "Mozilla/5.0 (Linux; Android 9; KFMUWI) AppleWebKit/537.36 (KHTML, like Gecko) Chrome/114.0.0.0 Safari/537.36"
192.168.33.241 - - [18/Aug/2023:02:33:09 -0700] "GET /modules/en-binofino/B&NFiles/B&FEpisode22_480p30.mp4 HTTP/1.1" 206 1783936 "http://172.16.0.199/modules/en-binofino/B&NFiles/B&FEpisode22_480p30.mp4" "Mozilla/5.0 (Linux; Android 9; KFMUWI) AppleWebKit/537.36 (KHTML, like Gecko) Chrome/114.0.0.0 Safari/537.36"
192.168.33.241 - - [18/Aug/2023:02:33:14 -0700] "GET /modules/en-binofino/B&NFiles/B&FEpisode13_480p30.mp4 HTTP/1.1" 200 441640 "http://172.16.0.199/modules/en-binofino/index.html" "Mozilla/5.0 (Linux; Android 9; KFMUWI) AppleWebKit/537.36 (KHTML, like Gecko) Chrome/114.0.0.0 Safari/537.36"
192.168.33.241 - - [18/Aug/2023:02:33:14 -0700] "GET /modules/en-binofino/B&NFiles/B&FEpisode13_480p30.mp4 HTTP/1.1" 206 325800 "http://172.16.0.199/modules/en-binofino/B&NFiles/B&FEpisode13_480p30.mp4" "Mozilla/5.0 (Linux; Android 9; KFMUWI) AppleWebKit/537.36 (KHTML, like Gecko) Chrome/114.0.0.0 Safari/537.36"
192.168.33.241 - - [18/Aug/2023:02:33:14 -0700] "GET /modules/en-binofino/B&NFiles/B&FEpisode13_480p30.mp4 HTTP/1.1" 206 512379 "http://172.16.0.199/modules/en-binofino/B&NFiles/B&FEpisode13_480p30.mp4" "Mozilla/5.0 (Linux; Android 9; KFMUWI) AppleWebKit/537.36 (KHTML, like Gecko) Chrome/114.0.0.0 Safari/537.36"
192.168.33.249 - - [18/Aug/2023:02:24:59 -0700] "GET /modules/en-binofino/B&NFiles/B&FEpisode1_480p30.mp4 HTTP/1.1" 206 56515185 "http://172.16.0.199/modules/en-binofino/B&NFiles/B&FEpisode1_480p30.mp4" "Mozilla/5.0 (Linux; Android 9; KFMUWI) AppleWebKit/537.36 (KHTML, like Gecko) Chrome/114.0.0.0 Safari/537.36"
172.16.0.1 - - [18/Aug/2023:02:32:56 -0700] "GET /modules/en-binofino/B&NFiles/B&FEpisode3_480p30.mp4 HTTP/1.1" 206 10487864 "http://172.16.0.199/modules/en-binofino/B&NFiles/B&FEpisode3_480p30.mp4" "Mozilla/5.0 (Linux; Android 9; KFMUWI) AppleWebKit/537.36 (KHTML, like Gecko) Chrome/97.0.4692.98 Safari/537.36"
192.168.33.244 - - [18/Aug/2023:02:33:29 -0700] "GET /modules/en-binofino/B&NFiles/B&FEpisode20_480p30.mp4 HTTP/1.1" 304 187 "http://172.16.0.199/modules/en-binofino/index.html" "Mozilla/5.0 (Linux; Android 9; KFMUWI) AppleWebKit/537.36 (KHTML, like Gecko) Chrome/114.0.0.0 Safari/537.36"
192.168.33.249 - - [18/Aug/2023:02:33:35 -0700] "GET /modules/en-binofino/B&NFiles/B&FEpisode1_480p30.mp4 HTTP/1.1" 206 691079 "http://172.16.0.199/modules/en-binofino/B&NFiles/B&FEpisode1_480p30.mp4" "Mozilla/5.0 (Linux; Android 9; KFMUWI) AppleWebKit/537.36 (KHTML, like Gecko) Chrome/114.0.0.0 Safari/537.36"
172.16.0.1 - - [18/Aug/2023:02:33:23 -0700] "GET /modules/en-binofino/B&NFiles/B&FEpisode3_480p30.mp4 HTTP/1.1" 206 13592376 "http://172.16.0.199/modules/en-binofino/B&NFiles/B&FEpisode3_480p30.mp4" "Mozilla/5.0 (Linux; Android 9; KFMUWI) AppleWebKit/537.36 (KHTML, like Gecko) Chrome/97.0.4692.98 Safari/537.36"
172.16.0.1 - - [18/Aug/2023:02:33:39 -0700] "GET /modules/en-binofino/B&NFiles/B&FEpisode3_480p30.mp4 HTTP/1.1" 206 299736 "http://172.16.0.199/modules/en-binofino/B&NFiles/B&FEpisode3_480p30.mp4" "Mozilla/5.0 (Linux; Android 9; KFMUWI) AppleWebKit/537.36 (KHTML, like Gecko) Chrome/97.0.4692.98 Safari/537.36"
172.16.0.1 - - [18/Aug/2023:02:33:39 -0700] "GET /modules/en-binofino/B&NFiles/B&FEpisode3_480p30.mp4 HTTP/1.1" 206 9470253 "http://172.16.0.199/modules/en-binofino/B&NFiles/B&FEpisode3_480p30.mp4" "Mozilla/5.0 (Linux; Android 9; KFMUWI) AppleWebKit/537.36 (KHTML, like Gecko) Chrome/97.0.4692.98 Safari/537.36"
192.168.33.248 - - [18/Aug/2023:02:33:41 -0700] "GET /js/bootstrap.min.js HTTP/1.1" 404 1572 "http://172.16.0.199/" "Mozilla/5.0 (Linux; Android 9; KFMUWI) AppleWebKit/537.36 (KHTML, like Gecko) Chrome/114.0.0.0 Safari/537.36"
192.168.33.250 - - [18/Aug/2023:02:33:43 -0700] "GET /modules/en-binofino/B&NFiles/B&FEpisode13_480p30.mp4 HTTP/1.1" 304 187 "http://172.16.0.199/modules/en-binofino/index.html" "Mozilla/5.0 (Linux; Android 9; KFMUWI) AppleWebKit/537.36 (KHTML, like Gecko) Chrome/99.0.4844.73 Safari/537.36"
172.16.0.1 - - [18/Aug/2023:02:33:46 -0700] "GET /education.php HTTP/1.1" 200 2145 "http://172.16.0.199/" "Mozilla/5.0 (Linux; Android 9; KFMUWI) AppleWebKit/537.36 (KHTML, like Gecko) Chrome/99.0.4844.73 Safari/537.36"
172.16.0.1 - - [18/Aug/2023:02:33:46 -0700] "GET /js/bootstrap.min.js HTTP/1.1" 404 1516 "http://172.16.0.199/education.php" "Mozilla/5.0 (Linux; Android 9; KFMUWI) AppleWebKit/537.36 (KHTML, like Gecko) Chrome/99.0.4844.73 Safari/537.36"
172.16.0.117 - - [18/Aug/2023:02:33:46 -0700] "-" 408 0 "-" "-"
172.16.0.1 - - [18/Aug/2023:02:33:47 -0700] "GET /modules/en-binofino/B&NFiles/B&FEpisode20_480p30.mp4 HTTP/1.1" 200 612504 "http://172.16.0.199/modules/en-binofino/index.html" "Mozilla/5.0 (Linux; Android 10; K) AppleWebKit/537.36 (KHTML, like Gecko) Chrome/114.0.0.0 Safari/537.36"
172.16.0.1 - - [18/Aug/2023:02:33:48 -0700] "GET /modules/en-binofino/B&NFiles/B&FEpisode20_480p30.mp4 HTTP/1.1" 206 321456 "http://172.16.0.199/modules/en-binofino/B&NFiles/B&FEpisode20_480p30.mp4" "Mozilla/5.0 (Linux; Android 10; K) AppleWebKit/537.36 (KHTML, like Gecko) Chrome/114.0.0.0 Safari/537.36"
172.16.0.1 - - [18/Aug/2023:02:33:48 -0700] "GET /modules/en-binofino/B&NFiles/B&FEpisode20_480p30.mp4 HTTP/1.1" 206 538008 "http://172.16.0.199/modules/en-binofino/B&NFiles/B&FEpisode20_480p30.mp4" "Mozilla/5.0 (Linux; Android 10; K) AppleWebKit/537.36 (KHTML, like Gecko) Chrome/114.0.0.0 Safari/537.36"
192.168.33.250 - - [18/Aug/2023:02:33:53 -0700] "GET /modules/en-binofino/B&NFiles/B&FEpisode13_480p30.mp4 HTTP/1.1" 206 7343425 "http://172.16.0.199/modules/en-binofino/B&NFiles/B&FEpisode13_480p30.mp4" "Mozilla/5.0 (Linux; Android 9; KFMUWI) AppleWebKit/537.36 (KHTML, like Gecko) Chrome/99.0.4844.73 Safari/537.36"
172.16.0.1 - - [18/Aug/2023:02:34:00 -0700] "GET /modules/en-binofino/B&NFiles/B&FEpisode3_480p30.mp4 HTTP/1.1" 206 505067 "http://172.16.0.199/modules/en-binofino/B&NFiles/B&FEpisode3_480p30.mp4" "Mozilla/5.0 (Linux; Android 9; KFMUWI) AppleWebKit/537.36 (KHTML, like Gecko) Chrome/97.0.4692.98 Safari/537.36"
172.16.0.1 - - [18/Aug/2023:02:34:01 -0700] "GET /literacy.php HTTP/1.1" 200 1993 "http://172.16.0.199/" "Mozilla/5.0 (Linux; Android 9; KFMUWI) AppleWebKit/537.36 (KHTML, like Gecko) Chrome/99.0.4844.73 Safari/537.36"
172.16.0.1 - - [18/Aug/2023:02:34:02 -0700] "GET /js/bootstrap.min.js HTTP/1.1" 404 1516 "http://172.16.0.199/literacy.php" "Mozilla/5.0 (Linux; Android 9; KFMUWI) AppleWebKit/537.36 (KHTML, like Gecko) Chrome/99.0.4844.73 Safari/537.36"
172.16.0.1 - - [18/Aug/2023:02:34:05 -0700] "GET /modules/en-binofino/B&NFiles/B&FEpisode3_480p30.mp4 HTTP/1.1" 206 1187360 "http://172.16.0.199/modules/en-binofino/index.html" "Mozilla/5.0 (Linux; Android 9; KFMUWI) AppleWebKit/537.36 (KHTML, like Gecko) Chrome/99.0.4844.73 Safari/537.36"
172.16.0.1 - - [18/Aug/2023:02:34:05 -0700] "GET /modules/en-binofino/B&NFiles/B&FEpisode3_480p30.mp4 HTTP/1.1" 206 680560 "http://172.16.0.199/modules/en-binofino/B&NFiles/B&FEpisode3_480p30.mp4" "Mozilla/5.0 (Linux; Android 9; KFMUWI) AppleWebKit/537.36 (KHTML, like Gecko) Chrome/99.0.4844.73 Safari/537.36"
172.16.0.1 - - [18/Aug/2023:02:34:05 -0700] "GET /modules/en-binofino/B&NFiles/B&FEpisode3_480p30.mp4 HTTP/1.1" 206 505067 "http://172.16.0.199/modules/en-binofino/B&NFiles/B&FEpisode3_480p30.mp4" "Mozilla/5.0 (Linux; Android 9; KFMUWI) AppleWebKit/537.36 (KHTML, like Gecko) Chrome/99.0.4844.73 Safari/537.36"
192.168.33.244 - - [18/Aug/2023:02:34:15 -0700] "-" 408 0 "-" "-"
