172.16.0.1 - - [18/Aug/2023:02:10:39 -0700] "GET /js/bootstrap.min.js HTTP/1.1" 404 1516 "http://172.16.0.199/" "Mozilla/5.0 (Linux; Android 9; KFMUWI) AppleWebKit/537.36 (KHTML, like Gecko) Chrome/114.0.0.0 Safari/537.36"
172.16.0.1 - - [18/Aug/2023:02:10:43 -0700] "GET / HTTP/1.1" 200 2935 "-" "Mozilla/5.0 (Linux; Android 9; KFMUWI) AppleWebKit/537.36 (KHTML, like Gecko) Chrome/99.0.4844.73 Safari/537.36"
172.16.0.1 - - [18/Aug/2023:02:10:44 -0700] "GET /js/bootstrap.min.js HTTP/1.1" 404 1516 "http://172.16.0.199/" "Mozilla/5.0 (Linux; Android 9; KFMUWI) AppleWebKit/537.36 (KHTML, like Gecko) Chrome/99.0.4844.73 Safari/537.36"
172.16.0.1 - - [18/Aug/2023:02:10:44 -0700] "GET /js/bootstrap.min.js HTTP/1.1" 404 1516 "http://172.16.0.199/" "Mozilla/5.0 (Linux; Android 9; KFMUWI) AppleWebKit/537.36 (KHTML, like Gecko) Chrome/114.0.0.0 Safari/537.36"
172.16.0.1 - - [18/Aug/2023:02:10:48 -0700] "GET /books.php HTTP/1.1" 200 2010 "http://172.16.0.199/" "Mozilla/5.0 (Linux; Android 9; KFMUWI) AppleWebKit/537.36 (KHTML, like Gecko) Chrome/114.0.0.0 Safari/537.36"
172.16.0.1 - - [18/Aug/2023:02:10:48 -0700] "GET /js/bootstrap.min.js HTTP/1.1" 404 1516 "http://172.16.0.199/books.php" "Mozilla/5.0 (Linux; Android 9; KFMUWI) AppleWebKit/537.36 (KHTML, like Gecko) Chrome/114.0.0.0 Safari/537.36"
172.16.0.1 - - [18/Aug/2023:02:10:59 -0700] "GET /modules/en-afristory/longerparagraphs.html HTTP/1.1" 200 1723 "http://172.16.0.199/modules/en-afristory/index.html" "Mozilla/5.0 (Linux; Android 9; KFMUWI) AppleWebKit/537.36 (KHTML, like Gecko) Chrome/114.0.0.0 Safari/537.36"
172.16.0.1 - - [18/Aug/2023:02:10:59 -0700] "GET /modules/en-afristory/english/Longer%20paragraphs/An%20egg%20for%20bride%20wealth.jpg HTTP/1.1" 200 7843 "http://172.16.0.199/modules/en-afristory/longerparagraphs.html" "Mozilla/5.0 (Linux; Android 9; KFMUWI) AppleWebKit/537.36 (KHTML, like Gecko) Chrome/114.0.0.0 Safari/537.36"
172.16.0.1 - - [18/Aug/2023:02:10:59 -0700] "GET /modules/en-afristory/english/Longer%20paragraphs/Anansi%20and%20Turtle.jpg HTTP/1.1" 200 11469 "http://172.16.0.199/modules/en-afristory/longerparagraphs.html" "Mozilla/5.0 (Linux; Android 9; KFMUWI) AppleWebKit/537.36 (KHTML, like Gecko) Chrome/114.0.0.0 Safari/537.36"
172.16.0.1 - - [18/Aug/2023:02:10:59 -0700] "GET /modules/en-afristory/english/Longer%20paragraphs/Anansi%20and%20Vulture.jpg HTTP/1.1" 200 11013 "http://172.16.0.199/modules/en-afristory/longerparagraphs.html" "Mozilla/5.0 (Linux; Android 9; KFMUWI) AppleWebKit/537.36 (KHTML, like Gecko) Chrome/114.0.0.0 Safari/537.36"
172.16.0.1 - - [18/Aug/2023:02:10:59 -0700] "GET /modules/en-afristory/english/Longer%20paragraphs/Animals%20dig%20a%20well.jpg HTTP/1.1" 200 11624 "http://172.16.0.199/modules/en-afristory/longerparagraphs.html" "Mozilla/5.0 (Linux; Android 9; KFMUWI) AppleWebKit/537.36 (KHTML, like Gecko) Chrome/114.0.0.0 Safari/537.36"
172.16.0.1 - - [18/Aug/2023:02:10:59 -0700] "GET /modules/en-afristory/english/Longer%20paragraphs/Anansi,%20the%20crows,%20and%20the%20crocodiles%20.jpg HTTP/1.1" 200 11926 "http://172.16.0.199/modules/en-afristory/longerparagraphs.html" "Mozilla/5.0 (Linux; Android 9; KFMUWI) AppleWebKit/537.36 (KHTML, like Gecko) Chrome/114.0.0.0 Safari/537.36"
172.16.0.1 - - [18/Aug/2023:02:10:59 -0700] "GET /modules/en-afristory/english/Longer%20paragraphs/Anansi%20gives%20people%20stories.jpg HTTP/1.1" 200 12214 "http://172.16.0.199/modules/en-afristory/longerparagraphs.html" "Mozilla/5.0 (Linux; Android 9; KFMUWI) AppleWebKit/537.36 (KHTML, like Gecko) Chrome/114.0.0.0 Safari/537.36"
172.16.0.1 - - [18/Aug/2023:02:10:59 -0700] "GET /modules/en-afristory/english/Longer%20paragraphs/Day%20I%20left%20home%20for%20the%20city.jpg HTTP/1.1" 200 12664 "http://172.16.0.199/modules/en-afristory/longerparagraphs.html" "Mozilla/5.0 (Linux; Android 9; KFMUWI) AppleWebKit/537.36 (KHTML, like Gecko) Chrome/114.0.0.0 Safari/537.36"
172.16.0.1 - - [18/Aug/2023:02:10:59 -0700] "GET /modules/en-afristory/english/Longer%20paragraphs/Demane%20and%20Demazane.jpg HTTP/1.1" 200 9593 "http://172.16.0.199/modules/en-afristory/longerparagraphs.html" "Mozilla/5.0 (Linux; Android 9; KFMUWI) AppleWebKit/537.36 (KHTML, like Gecko) Chrome/114.0.0.0 Safari/537.36"
172.16.0.1 - - [18/Aug/2023:02:10:59 -0700] "GET /modules/en-afristory/english/Longer%20paragraphs/Forest%20of%20snakes.jpg HTTP/1.1" 200 10811 "http://172.16.0.199/modules/en-afristory/longerparagraphs.html" "Mozilla/5.0 (Linux; Android 9; KFMUWI) AppleWebKit/537.36 (KHTML, like Gecko) Chrome/114.0.0.0 Safari/537.36"
172.16.0.1 - - [18/Aug/2023:02:10:59 -0700] "GET /modules/en-afristory/english/Longer%20paragraphs/Grandmother%20and%20the%20Smelly%20Girl.jpg HTTP/1.1" 200 10686 "http://172.16.0.199/modules/en-afristory/longerparagraphs.html" "Mozilla/5.0 (Linux; Android 9; KFMUWI) AppleWebKit/537.36 (KHTML, like Gecko) Chrome/114.0.0.0 Safari/537.36"
172.16.0.1 - - [18/Aug/2023:02:10:59 -0700] "GET /modules/en-afristory/english/Longer%20paragraphs/Hare%20and%20Hyena.jpg HTTP/1.1" 200 11676 "http://172.16.0.199/modules/en-afristory/longerparagraphs.html" "Mozilla/5.0 (Linux; Android 9; KFMUWI) AppleWebKit/537.36 (KHTML, like Gecko) Chrome/114.0.0.0 Safari/537.36"
172.16.0.1 - - [18/Aug/2023:02:10:59 -0700] "GET /modules/en-afristory/english/Longer%20paragraphs/Grandma%E2%80%99s%20bananas.jpg HTTP/1.1" 200 10244 "http://172.16.0.199/modules/en-afristory/longerparagraphs.html" "Mozilla/5.0 (Linux; Android 9; KFMUWI) AppleWebKit/537.36 (KHTML, like Gecko) Chrome/114.0.0.0 Safari/537.36"
172.16.0.1 - - [18/Aug/2023:02:10:59 -0700] "GET /modules/en-afristory/english/Longer%20paragraphs/Hare%20and%20Tortoise%20(Again!).jpg HTTP/1.1" 200 11168 "http://172.16.0.199/modules/en-afristory/longerparagraphs.html" "Mozilla/5.0 (Linux; Android 9; KFMUWI) AppleWebKit/537.36 (KHTML, like Gecko) Chrome/114.0.0.0 Safari/537.36"
172.16.0.1 - - [18/Aug/2023:02:10:59 -0700] "GET /modules/en-afristory/english/Longer%20paragraphs/How%20night%20came%20to%20Opio%E2%80%99s%20village%20.jpg HTTP/1.1" 200 9930 "http://172.16.0.199/modules/en-afristory/longerparagraphs.html" "Mozilla/5.0 (Linux; Android 9; KFMUWI) AppleWebKit/537.36 (KHTML, like Gecko) Chrome/114.0.0.0 Safari/537.36"
172.16.0.1 - - [18/Aug/2023:02:10:59 -0700] "GET /modules/en-afristory/english/Longer%20paragraphs/Khayanga%20and%20her%20Gourd.jpg HTTP/1.1" 200 7684 "http://172.16.0.199/modules/en-afristory/longerparagraphs.html" "Mozilla/5.0 (Linux; Android 9; KFMUWI) AppleWebKit/537.36 (KHTML, like Gecko) Chrome/114.0.0.0 Safari/537.36"
172.16.0.1 - - [18/Aug/2023:02:10:59 -0700] "GET /modules/en-afristory/english/Longer%20paragraphs/Jackal%20and%20the%20sun.jpg HTTP/1.1" 200 10674 "http://172.16.0.199/modules/en-afristory/longerparagraphs.html" "Mozilla/5.0 (Linux; Android 9; KFMUWI) AppleWebKit/537.36 (KHTML, like Gecko) Chrome/114.0.0.0 Safari/537.36"
172.16.0.1 - - [18/Aug/2023:02:10:59 -0700] "GET /modules/en-afristory/english/Longer%20paragraphs/Kidnapped!.jpg HTTP/1.1" 200 8494 "http://172.16.0.199/modules/en-afristory/longerparagraphs.html" "Mozilla/5.0 (Linux; Android 9; KFMUWI) AppleWebKit/537.36 (KHTML, like Gecko) Chrome/114.0.0.0 Safari/537.36"
172.16.0.1 - - [18/Aug/2023:02:10:59 -0700] "GET /modules/en-afristory/english/Longer%20paragraphs/King%20Kayanja%20and%20his%20daughter.jpg HTTP/1.1" 200 10922 "http://172.16.0.199/modules/en-afristory/longerparagraphs.html" "Mozilla/5.0 (Linux; Android 9; KFMUWI) AppleWebKit/537.36 (KHTML, like Gecko) Chrome/114.0.0.0 Safari/537.36"
172.16.0.1 - - [18/Aug/2023:02:10:59 -0700] "GET /modules/en-afristory/english/Longer%20paragraphs/Lazy%20Anansi.jpg HTTP/1.1" 200 10939 "http://172.16.0.199/modules/en-afristory/longerparagraphs.html" "Mozilla/5.0 (Linux; Android 9; KFMUWI) AppleWebKit/537.36 (KHTML, like Gecko) Chrome/114.0.0.0 Safari/537.36"
172.16.0.1 - - [18/Aug/2023:02:10:59 -0700] "GET /modules/en-afristory/english/Longer%20paragraphs/Lion%20and%20Warthog.jpg HTTP/1.1" 200 9009 "http://172.16.0.199/modules/en-afristory/longerparagraphs.html" "Mozilla/5.0 (Linux; Android 9; KFMUWI) AppleWebKit/537.36 (KHTML, like Gecko) Chrome/114.0.0.0 Safari/537.36"
172.16.0.1 - - [18/Aug/2023:02:10:59 -0700] "GET /modules/en-afristory/english/Longer%20paragraphs/Magozwe.jpg HTTP/1.1" 200 9850 "http://172.16.0.199/modules/en-afristory/longerparagraphs.html" "Mozilla/5.0 (Linux; Android 9; KFMUWI) AppleWebKit/537.36 (KHTML, like Gecko) Chrome/114.0.0.0 Safari/537.36"
172.16.0.1 - - [18/Aug/2023:02:10:59 -0700] "GET /modules/en-afristory/english/Longer%20paragraphs/Market%20cows.jpg HTTP/1.1" 200 9752 "http://172.16.0.199/modules/en-afristory/longerparagraphs.html" "Mozilla/5.0 (Linux; Android 9; KFMUWI) AppleWebKit/537.36 (KHTML, like Gecko) Chrome/114.0.0.0 Safari/537.36"
172.16.0.1 - - [18/Aug/2023:02:10:59 -0700] "GET /modules/en-afristory/english/Longer%20paragraphs/Malasile%20and%20Wetsakhulya.jpg HTTP/1.1" 200 11630 "http://172.16.0.199/modules/en-afristory/longerparagraphs.html" "Mozilla/5.0 (Linux; Android 9; KFMUWI) AppleWebKit/537.36 (KHTML, like Gecko) Chrome/114.0.0.0 Safari/537.36"
172.16.0.1 - - [18/Aug/2023:02:10:59 -0700] "GET /modules/en-afristory/english/Longer%20paragraphs/Mod%20the%20Toad.jpg HTTP/1.1" 200 10445 "http://172.16.0.199/modules/en-afristory/longerparagraphs.html" "Mozilla/5.0 (Linux; Android 9; KFMUWI) AppleWebKit/537.36 (KHTML, like Gecko) Chrome/114.0.0.0 Safari/537.36"
172.16.0.1 - - [18/Aug/2023:02:10:59 -0700] "GET /modules/en-afristory/english/Longer%20paragraphs/Musau%20saves%20his%20father.jpg HTTP/1.1" 200 10930 "http://172.16.0.199/modules/en-afristory/longerparagraphs.html" "Mozilla/5.0 (Linux; Android 9; KFMUWI) AppleWebKit/537.36 (KHTML, like Gecko) Chrome/114.0.0.0 Safari/537.36"
172.16.0.1 - - [18/Aug/2023:02:10:59 -0700] "GET /modules/en-afristory/english/Longer%20paragraphs/Mulongo%20and%20the%20ogre%20.jpg HTTP/1.1" 200 13245 "http://172.16.0.199/modules/en-afristory/longerparagraphs.html" "Mozilla/5.0 (Linux; Android 9; KFMUWI) AppleWebKit/537.36 (KHTML, like Gecko) Chrome/114.0.0.0 Safari/537.36"
172.16.0.1 - - [18/Aug/2023:02:10:59 -0700] "GET /modules/en-afristory/english/Longer%20paragraphs/Nangila%E2%80%99s%20courage.jpg HTTP/1.1" 200 10293 "http://172.16.0.199/modules/en-afristory/longerparagraphs.html" "Mozilla/5.0 (Linux; Android 9; KFMUWI) AppleWebKit/537.36 (KHTML, like Gecko) Chrome/114.0.0.0 Safari/537.36"
172.16.0.1 - - [18/Aug/2023:02:10:59 -0700] "GET /modules/en-afristory/english/Longer%20paragraphs/My%20first%20day%20at%20the%20market.jpg HTTP/1.1" 200 9297 "http://172.16.0.199/modules/en-afristory/longerparagraphs.html" "Mozilla/5.0 (Linux; Android 9; KFMUWI) AppleWebKit/537.36 (KHTML, like Gecko) Chrome/114.0.0.0 Safari/537.36"
172.16.0.1 - - [18/Aug/2023:02:10:59 -0700] "GET /modules/en-afristory/english/Longer%20paragraphs/Nonkungu%20and%20the%20imbulu.jpg HTTP/1.1" 200 11535 "http://172.16.0.199/modules/en-afristory/longerparagraphs.html" "Mozilla/5.0 (Linux; Android 9; KFMUWI) AppleWebKit/537.36 (KHTML, like Gecko) Chrome/114.0.0.0 Safari/537.36"
172.16.0.1 - - [18/Aug/2023:02:10:59 -0700] "GET /modules/en-afristory/english/Longer%20paragraphs/Nozibele%20and%20the%20three%20hairs.jpg HTTP/1.1" 200 9518 "http://172.16.0.199/modules/en-afristory/longerparagraphs.html" "Mozilla/5.0 (Linux; Android 9; KFMUWI) AppleWebKit/537.36 (KHTML, like Gecko) Chrome/114.0.0.0 Safari/537.36"
172.16.0.1 - - [18/Aug/2023:02:10:59 -0700] "GET /modules/en-afristory/english/Longer%20paragraphs/Our%20wonderful%20world.jpg HTTP/1.1" 200 12927 "http://172.16.0.199/modules/en-afristory/longerparagraphs.html" "Mozilla/5.0 (Linux; Android 9; KFMUWI) AppleWebKit/537.36 (KHTML, like Gecko) Chrome/114.0.0.0 Safari/537.36"
172.16.0.1 - - [18/Aug/2023:02:10:59 -0700] "GET /modules/en-afristory/english/Longer%20paragraphs/Ox%20and%20Donkey.jpg HTTP/1.1" 200 10515 "http://172.16.0.199/modules/en-afristory/longerparagraphs.html" "Mozilla/5.0 (Linux; Android 9; KFMUWI) AppleWebKit/537.36 (KHTML, like Gecko) Chrome/114.0.0.0 Safari/537.36"
172.16.0.1 - - [18/Aug/2023:02:10:59 -0700] "GET /modules/en-afristory/english/Longer%20paragraphs/Pam-Pam%20bird.jpg HTTP/1.1" 200 7476 "http://172.16.0.199/modules/en-afristory/longerparagraphs.html" "Mozilla/5.0 (Linux; Android 9; KFMUWI) AppleWebKit/537.36 (KHTML, like Gecko) Chrome/114.0.0.0 Safari/537.36"
172.16.0.1 - - [18/Aug/2023:02:10:59 -0700] "GET /modules/en-afristory/english/Longer%20paragraphs/Rabbit%20under%20the%20tree.jpg HTTP/1.1" 200 10770 "http://172.16.0.199/modules/en-afristory/longerparagraphs.html" "Mozilla/5.0 (Linux; Android 9; KFMUWI) AppleWebKit/537.36 (KHTML, like Gecko) Chrome/114.0.0.0 Safari/537.36"
172.16.0.1 - - [18/Aug/2023:02:10:59 -0700] "GET /modules/en-afristory/english/Longer%20paragraphs/Searching%20for%20the%20spirit%20of%20Spring.jpg HTTP/1.1" 200 10022 "http://172.16.0.199/modules/en-afristory/longerparagraphs.html" "Mozilla/5.0 (Linux; Android 9; KFMUWI) AppleWebKit/537.36 (KHTML, like Gecko) Chrome/114.0.0.0 Safari/537.36"
172.16.0.1 - - [18/Aug/2023:02:10:59 -0700] "GET /modules/en-afristory/english/Longer%20paragraphs/Simbegwire.jpg HTTP/1.1" 200 15331 "http://172.16.0.199/modules/en-afristory/longerparagraphs.html" "Mozilla/5.0 (Linux; Android 9; KFMUWI) AppleWebKit/537.36 (KHTML, like Gecko) Chrome/114.0.0.0 Safari/537.36"
172.16.0.1 - - [18/Aug/2023:02:10:59 -0700] "GET /modules/en-afristory/english/Longer%20paragraphs/Sly%20jackal%20tricks%20the%20silly%20donkey.jpg HTTP/1.1" 200 9321 "http://172.16.0.199/modules/en-afristory/longerparagraphs.html" "Mozilla/5.0 (Linux; Android 9; KFMUWI) AppleWebKit/537.36 (KHTML, like Gecko) Chrome/114.0.0.0 Safari/537.36"
172.16.0.1 - - [18/Aug/2023:02:10:59 -0700] "GET /modules/en-afristory/english/Longer%20paragraphs/Thandi%20misses%20her%20school%20bus.jpg HTTP/1.1" 200 8832 "http://172.16.0.199/modules/en-afristory/longerparagraphs.html" "Mozilla/5.0 (Linux; Android 9; KFMUWI) AppleWebKit/537.36 (KHTML, like Gecko) Chrome/114.0.0.0 Safari/537.36"
172.16.0.1 - - [18/Aug/2023:02:10:59 -0700] "GET /modules/en-afristory/english/Longer%20paragraphs/The%20blacksmith's%20dilemma.jpg HTTP/1.1" 200 11122 "http://172.16.0.199/modules/en-afristory/longerparagraphs.html" "Mozilla/5.0 (Linux; Android 9; KFMUWI) AppleWebKit/537.36 (KHTML, like Gecko) Chrome/114.0.0.0 Safari/537.36"
172.16.0.1 - - [18/Aug/2023:02:10:59 -0700] "GET /modules/en-afristory/english/Longer%20paragraphs/The%20clever%20jackal%20and%20the%20foolish%20crow.jpg HTTP/1.1" 200 8236 "http://172.16.0.199/modules/en-afristory/longerparagraphs.html" "Mozilla/5.0 (Linux; Android 9; KFMUWI) AppleWebKit/537.36 (KHTML, like Gecko) Chrome/114.0.0.0 Safari/537.36"
172.16.0.1 - - [18/Aug/2023:02:10:59 -0700] "GET /modules/en-afristory/english/Longer%20paragraphs/The%20boy%20who%20nobody%20loved.jpg HTTP/1.1" 200 9810 "http://172.16.0.199/modules/en-afristory/longerparagraphs.html" "Mozilla/5.0 (Linux; Android 9; KFMUWI) AppleWebKit/537.36 (KHTML, like Gecko) Chrome/114.0.0.0 Safari/537.36"
172.16.0.1 - - [18/Aug/2023:02:10:59 -0700] "GET /modules/en-afristory/english/Longer%20paragraphs/The%20happy%20revival.jpg HTTP/1.1" 200 8655 "http://172.16.0.199/modules/en-afristory/longerparagraphs.html" "Mozilla/5.0 (Linux; Android 9; KFMUWI) AppleWebKit/537.36 (KHTML, like Gecko) Chrome/114.0.0.0 Safari/537.36"
172.16.0.1 - - [18/Aug/2023:02:10:59 -0700] "GET /modules/en-afristory/english/Longer%20paragraphs/The%20seventh%20sun%20A%20tribal%20tale%20from%20Odisha,%20India.jpg HTTP/1.1" 200 11196 "http://172.16.0.199/modules/en-afristory/longerparagraphs.html" "Mozilla/5.0 (Linux; Android 9; KFMUWI) AppleWebKit/537.36 (KHTML, like Gecko) Chrome/114.0.0.0 Safari/537.36"
172.16.0.1 - - [18/Aug/2023:02:10:59 -0700] "GET /modules/en-afristory/english/Longer%20paragraphs/The%20Smell%20Thief.jpg HTTP/1.1" 200 9893 "http://172.16.0.199/modules/en-afristory/longerparagraphs.html" "Mozilla/5.0 (Linux; Android 9; KFMUWI) AppleWebKit/537.36 (KHTML, like Gecko) Chrome/114.0.0.0 Safari/537.36"
172.16.0.1 - - [18/Aug/2023:02:10:59 -0700] "GET /modules/en-afristory/english/Longer%20paragraphs/The%20talking%20bag.jpg HTTP/1.1" 200 8562 "http://172.16.0.199/modules/en-afristory/longerparagraphs.html" "Mozilla/5.0 (Linux; Android 9; KFMUWI) AppleWebKit/537.36 (KHTML, like Gecko) Chrome/114.0.0.0 Safari/537.36"
172.16.0.1 - - [18/Aug/2023:02:10:59 -0700] "GET /modules/en-afristory/english/Longer%20paragraphs/The%20tree%20wife.jpg HTTP/1.1" 200 8467 "http://172.16.0.199/modules/en-afristory/longerparagraphs.html" "Mozilla/5.0 (Linux; Android 9; KFMUWI) AppleWebKit/537.36 (KHTML, like Gecko) Chrome/114.0.0.0 Safari/537.36"
172.16.0.1 - - [18/Aug/2023:02:10:59 -0700] "GET /modules/en-afristory/english/Longer%20paragraphs/Thoko's%20FantaPine%20Seed.jpg HTTP/1.1" 200 11586 "http://172.16.0.199/modules/en-afristory/longerparagraphs.html" "Mozilla/5.0 (Linux; Android 9; KFMUWI) AppleWebKit/537.36 (KHTML, like Gecko) Chrome/114.0.0.0 Safari/537.36"
172.16.0.1 - - [18/Aug/2023:02:10:59 -0700] "GET /modules/en-afristory/english/Longer%20paragraphs/Tselane%20and%20the%20giant.jpg HTTP/1.1" 200 8831 "http://172.16.0.199/modules/en-afristory/longerparagraphs.html" "Mozilla/5.0 (Linux; Android 9; KFMUWI) AppleWebKit/537.36 (KHTML, like Gecko) Chrome/114.0.0.0 Safari/537.36"
172.16.0.1 - - [18/Aug/2023:02:10:59 -0700] "GET /modules/en-afristory/english/Longer%20paragraphs/What%20Vusi's%20sister%20said.jpg HTTP/1.1" 200 10923 "http://172.16.0.199/modules/en-afristory/longerparagraphs.html" "Mozilla/5.0 (Linux; Android 9; KFMUWI) AppleWebKit/537.36 (KHTML, like Gecko) Chrome/114.0.0.0 Safari/537.36"
172.16.0.1 - - [18/Aug/2023:02:10:59 -0700] "GET /modules/en-afristory/english/Longer%20paragraphs/Young%20Palinyang%E2%80%99%20.jpg HTTP/1.1" 200 8142 "http://172.16.0.199/modules/en-afristory/longerparagraphs.html" "Mozilla/5.0 (Linux; Android 9; KFMUWI) AppleWebKit/537.36 (KHTML, like Gecko) Chrome/114.0.0.0 Safari/537.36"
172.16.0.1 - - [18/Aug/2023:02:11:01 -0700] "GET /modules/en-afristory/english/Longer%20paragraphs/Animals%20dig%20a%20well.pdf HTTP/1.1" 200 1145347 "http://172.16.0.199/modules/en-afristory/longerparagraphs.html" "Mozilla/5.0 (Linux; Android 9; KFMUWI) AppleWebKit/537.36 (KHTML, like Gecko) Chrome/114.0.0.0 Safari/537.36"
192.168.33.242 - - [18/Aug/2023:02:11:02 -0700] "GET / HTTP/1.1" 200 2991 "-" "Mozilla/5.0 (Linux; Android 9; KFMUWI) AppleWebKit/537.36 (KHTML, like Gecko) Chrome/97.0.4692.98 Safari/537.36"
192.168.33.242 - - [18/Aug/2023:02:11:03 -0700] "GET /js/bootstrap.min.js HTTP/1.1" 404 1571 "http://172.16.0.199/" "Mozilla/5.0 (Linux; Android 9; KFMUWI) AppleWebKit/537.36 (KHTML, like Gecko) Chrome/97.0.4692.98 Safari/537.36"
::1 - - [18/Aug/2023:02:11:10 -0700] "OPTIONS * HTTP/1.0" 200 128 "-" "Apache/2.4.38 (Raspbian) (internal dummy connection)"
192.168.33.242 - - [18/Aug/2023:02:11:52 -0700] "GET /your_company.php HTTP/1.1" 200 2055 "http://172.16.0.199/" "Mozilla/5.0 (Linux; Android 9; KFMUWI) AppleWebKit/537.36 (KHTML, like Gecko) Chrome/97.0.4692.98 Safari/537.36"
192.168.33.242 - - [18/Aug/2023:02:11:53 -0700] "GET /js/bootstrap.min.js HTTP/1.1" 404 1571 "http://172.16.0.199/your_company.php" "Mozilla/5.0 (Linux; Android 9; KFMUWI) AppleWebKit/537.36 (KHTML, like Gecko) Chrome/97.0.4692.98 Safari/537.36"
192.168.33.242 - - [18/Aug/2023:02:11:53 -0700] "GET /art/your_company.webp HTTP/1.1" 200 4801 "http://172.16.0.199/your_company.php" "Mozilla/5.0 (Linux; Android 9; KFMUWI) AppleWebKit/537.36 (KHTML, like Gecko) Chrome/97.0.4692.98 Safari/537.36"
192.168.33.242 - - [18/Aug/2023:02:12:44 -0700] "-" 408 0 "-" "-"
172.16.0.1 - - [18/Aug/2023:02:14:44 -0700] "GET /js/bootstrap.min.js HTTP/1.1" 404 1516 "http://172.16.0.199/index.php" "Mozilla/5.0 (Linux; Android 10; K) AppleWebKit/537.36 (KHTML, like Gecko) Chrome/114.0.0.0 Safari/537.36"
172.16.0.1 - - [18/Aug/2023:02:10:26 -0700] "GET /modules/en-binofino/B&NFiles/B&FEpisode1_480p30.mp4 HTTP/1.1" 200 3486784 "http://172.16.0.199/modules/en-binofino/index.html" "Mozilla/5.0 (Linux; Android 9; KFMUWI) AppleWebKit/537.36 (KHTML, like Gecko) Chrome/99.0.4844.88 Safari/537.36"
::1 - - [18/Aug/2023:02:15:28 -0700] "OPTIONS * HTTP/1.0" 200 128 "-" "Apache/2.4.38 (Raspbian) (internal dummy connection)"
172.16.0.1 - - [18/Aug/2023:02:17:54 -0700] "GET /js/bootstrap.min.js HTTP/1.1" 404 1516 "http://172.16.0.199/your_company.php" "Mozilla/5.0 (Linux; Android 10; K) AppleWebKit/537.36 (KHTML, like Gecko) Chrome/114.0.0.0 Safari/537.36"
172.16.0.1 - - [18/Aug/2023:02:18:04 -0700] "GET /js/bootstrap.min.js HTTP/1.1" 404 1516 "http://172.16.0.199/index.php" "Mozilla/5.0 (Linux; Android 10; K) AppleWebKit/537.36 (KHTML, like Gecko) Chrome/114.0.0.0 Safari/537.36"
172.16.0.1 - - [18/Aug/2023:02:18:04 -0700] "GET /art/gmad.png HTTP/1.1" 304 128 "http://172.16.0.199/index.php" "Mozilla/5.0 (Linux; Android 10; K) AppleWebKit/537.36 (KHTML, like Gecko) Chrome/114.0.0.0 Safari/537.36"
172.16.0.1 - - [18/Aug/2023:02:18:08 -0700] "GET /literacy.php HTTP/1.1" 200 1993 "http://172.16.0.199/index.php" "Mozilla/5.0 (Linux; Android 10; K) AppleWebKit/537.36 (KHTML, like Gecko) Chrome/114.0.0.0 Safari/537.36"
172.16.0.1 - - [18/Aug/2023:02:18:08 -0700] "GET /js/bootstrap.min.js HTTP/1.1" 404 1516 "http://172.16.0.199/literacy.php" "Mozilla/5.0 (Linux; Android 10; K) AppleWebKit/537.36 (KHTML, like Gecko) Chrome/114.0.0.0 Safari/537.36"
172.16.0.1 - - [18/Aug/2023:02:18:11 -0700] "GET /modules/en-binofino/index.html HTTP/1.1" 200 1556 "http://172.16.0.199/literacy.php" "Mozilla/5.0 (Linux; Android 10; K) AppleWebKit/537.36 (KHTML, like Gecko) Chrome/114.0.0.0 Safari/537.36"
172.16.0.1 - - [18/Aug/2023:02:18:11 -0700] "GET /modules/en-binofino/style.css HTTP/1.1" 200 2318 "http://172.16.0.199/modules/en-binofino/index.html" "Mozilla/5.0 (Linux; Android 10; K) AppleWebKit/537.36 (KHTML, like Gecko) Chrome/114.0.0.0 Safari/537.36"
172.16.0.1 - - [18/Aug/2023:02:18:11 -0700] "GET /modules/en-binofino/B&NFiles/BinoandFinoPRPoster.jpg HTTP/1.1" 200 228 "http://172.16.0.199/modules/en-binofino/index.html" "Mozilla/5.0 (Linux; Android 10; K) AppleWebKit/537.36 (KHTML, like Gecko) Chrome/114.0.0.0 Safari/537.36"
172.16.0.1 - - [18/Aug/2023:02:18:11 -0700] "GET /modules/en-binofino/B&NFiles/MightyWallsofBeninScreenshot.jpg HTTP/1.1" 200 20015 "http://172.16.0.199/modules/en-binofino/index.html" "Mozilla/5.0 (Linux; Android 10; K) AppleWebKit/537.36 (KHTML, like Gecko) Chrome/114.0.0.0 Safari/537.36"
172.16.0.1 - - [18/Aug/2023:02:18:11 -0700] "GET /modules/en-binofino/B&NFiles/Electricity.jpg HTTP/1.1" 200 228 "http://172.16.0.199/modules/en-binofino/index.html" "Mozilla/5.0 (Linux; Android 10; K) AppleWebKit/537.36 (KHTML, like Gecko) Chrome/114.0.0.0 Safari/537.36"
172.16.0.1 - - [18/Aug/2023:02:18:11 -0700] "GET /modules/en-binofino/B&NFiles/Football.jpg HTTP/1.1" 200 19787 "http://172.16.0.199/modules/en-binofino/index.html" "Mozilla/5.0 (Linux; Android 10; K) AppleWebKit/537.36 (KHTML, like Gecko) Chrome/114.0.0.0 Safari/537.36"
172.16.0.1 - - [18/Aug/2023:02:18:11 -0700] "GET /modules/en-binofino/B&NFiles/Timbuktu.jpg HTTP/1.1" 200 19634 "http://172.16.0.199/modules/en-binofino/index.html" "Mozilla/5.0 (Linux; Android 10; K) AppleWebKit/537.36 (KHTML, like Gecko) Chrome/114.0.0.0 Safari/537.36"
172.16.0.1 - - [18/Aug/2023:02:18:11 -0700] "GET /modules/en-binofino/B&NFiles/Old2New.jpg HTTP/1.1" 200 19598 "http://172.16.0.199/modules/en-binofino/index.html" "Mozilla/5.0 (Linux; Android 10; K) AppleWebKit/537.36 (KHTML, like Gecko) Chrome/114.0.0.0 Safari/537.36"
172.16.0.1 - - [18/Aug/2023:02:18:16 -0700] "GET /modules/en-binofino/B&NFiles/B&FEpisode1_480p30.mp4 HTTP/1.1" 200 1566736 "http://172.16.0.199/modules/en-binofino/index.html" "Mozilla/5.0 (Linux; Android 10; K) AppleWebKit/537.36 (KHTML, like Gecko) Chrome/114.0.0.0 Safari/537.36"
172.16.0.1 - - [18/Aug/2023:02:18:16 -0700] "GET /modules/en-binofino/B&NFiles/B&FEpisode1_480p30.mp4 HTTP/1.1" 206 1045456 "http://172.16.0.199/modules/en-binofino/B&NFiles/B&FEpisode1_480p30.mp4" "Mozilla/5.0 (Linux; Android 10; K) AppleWebKit/537.36 (KHTML, like Gecko) Chrome/114.0.0.0 Safari/537.36"
172.16.0.1 - - [18/Aug/2023:02:18:16 -0700] "GET /modules/en-binofino/B&NFiles/B&FEpisode1_480p30.mp4 HTTP/1.1" 206 527183 "http://172.16.0.199/modules/en-binofino/B&NFiles/B&FEpisode1_480p30.mp4" "Mozilla/5.0 (Linux; Android 10; K) AppleWebKit/537.36 (KHTML, like Gecko) Chrome/114.0.0.0 Safari/537.36"
192.168.33.240 - - [18/Aug/2023:02:18:20 -0700] "GET / HTTP/1.1" 200 2991 "-" "Mozilla/5.0 (Linux; Android 9; KFMUWI) AppleWebKit/537.36 (KHTML, like Gecko) Chrome/114.0.0.0 Safari/537.36"
192.168.33.240 - - [18/Aug/2023:02:18:21 -0700] "GET /js/bootstrap.min.js HTTP/1.1" 404 1571 "http://172.16.0.199/" "Mozilla/5.0 (Linux; Android 9; KFMUWI) AppleWebKit/537.36 (KHTML, like Gecko) Chrome/114.0.0.0 Safari/537.36"
172.16.0.1 - - [18/Aug/2023:02:18:17 -0700] "GET /modules/en-binofino/B&NFiles/B&FEpisode1_480p30.mp4 HTTP/1.1" 206 11116296 "http://172.16.0.199/modules/en-binofino/B&NFiles/B&FEpisode1_480p30.mp4" "Mozilla/5.0 (Linux; Android 10; K) AppleWebKit/537.36 (KHTML, like Gecko) Chrome/114.0.0.0 Safari/537.36"
::1 - - [18/Aug/2023:02:18:28 -0700] "OPTIONS * HTTP/1.0" 200 128 "-" "Apache/2.4.38 (Raspbian) (internal dummy connection)"
172.16.0.1 - - [18/Aug/2023:02:18:36 -0700] "GET /js/bootstrap.min.js HTTP/1.1" 404 1516 "http://172.16.0.199/tools.php" "Mozilla/5.0 (Linux; Android 10; K) AppleWebKit/537.36 (KHTML, like Gecko) Chrome/114.0.0.0 Safari/537.36"
172.16.0.1 - - [18/Aug/2023:02:18:45 -0700] "GET /js/bootstrap.min.js HTTP/1.1" 404 1516 "http://172.16.0.199/" "Mozilla/5.0 (Linux; Android 10; K) AppleWebKit/537.36 (KHTML, like Gecko) Chrome/114.0.0.0 Safari/537.36"
172.16.0.1 - - [18/Aug/2023:02:19:10 -0700] "GET / HTTP/1.1" 200 2935 "-" "Mozilla/5.0 (Linux; Android 10; K) AppleWebKit/537.36 (KHTML, like Gecko) Chrome/114.0.0.0 Safari/537.36"
172.16.0.1 - - [18/Aug/2023:02:19:10 -0700] "GET /js/bootstrap.min.js HTTP/1.1" 404 1516 "http://172.16.0.199/" "Mozilla/5.0 (Linux; Android 10; K) AppleWebKit/537.36 (KHTML, like Gecko) Chrome/114.0.0.0 Safari/537.36"
192.168.33.240 - - [18/Aug/2023:02:19:13 -0700] "-" 408 0 "-" "-"
192.168.33.250 - - [18/Aug/2023:02:20:17 -0700] "GET / HTTP/1.1" 200 2991 "-" "Mozilla/5.0 (Linux; Android 9; KFMUWI) AppleWebKit/537.36 (KHTML, like Gecko) Chrome/99.0.4844.73 Safari/537.36"
192.168.33.250 - - [18/Aug/2023:02:20:17 -0700] "GET /js/bootstrap.min.js HTTP/1.1" 404 1571 "http://172.16.0.199/" "Mozilla/5.0 (Linux; Android 9; KFMUWI) AppleWebKit/537.36 (KHTML, like Gecko) Chrome/99.0.4844.73 Safari/537.36"
192.168.33.244 - - [18/Aug/2023:02:20:38 -0700] "-" 408 0 "-" "-"
172.16.0.1 - - [18/Aug/2023:02:20:57 -0700] "GET /js/bootstrap.min.js HTTP/1.1" 404 1516 "http://172.16.0.199/music.php" "Mozilla/5.0 (Linux; Android 9; KFMUWI) AppleWebKit/537.36 (KHTML, like Gecko) Chrome/97.0.4692.98 Safari/537.36"
172.16.0.1 - - [18/Aug/2023:02:20:59 -0700] "GET /js/bootstrap.min.js HTTP/1.1" 404 1516 "http://172.16.0.199/" "Mozilla/5.0 (Linux; Android 9; KFMUWI) AppleWebKit/537.36 (KHTML, like Gecko) Chrome/97.0.4692.98 Safari/537.36"
192.168.33.250 - - [18/Aug/2023:02:21:09 -0700] "-" 408 0 "-" "-"
192.168.33.244 - - [18/Aug/2023:02:21:13 -0700] "GET /literacy.php HTTP/1.1" 200 2049 "http://172.16.0.199/index.php" "Mozilla/5.0 (Linux; Android 9; KFMUWI) AppleWebKit/537.36 (KHTML, like Gecko) Chrome/114.0.0.0 Safari/537.36"
192.168.33.244 - - [18/Aug/2023:02:21:13 -0700] "GET /js/bootstrap.min.js HTTP/1.1" 404 1571 "http://172.16.0.199/literacy.php" "Mozilla/5.0 (Linux; Android 9; KFMUWI) AppleWebKit/537.36 (KHTML, like Gecko) Chrome/114.0.0.0 Safari/537.36"
192.168.33.240 - - [18/Aug/2023:02:21:21 -0700] "GET /literacy.php HTTP/1.1" 200 2049 "http://172.16.0.199/" "Mozilla/5.0 (Linux; Android 9; KFMUWI) AppleWebKit/537.36 (KHTML, like Gecko) Chrome/114.0.0.0 Safari/537.36"
192.168.33.240 - - [18/Aug/2023:02:21:22 -0700] "GET /js/bootstrap.min.js HTTP/1.1" 404 1571 "http://172.16.0.199/literacy.php" "Mozilla/5.0 (Linux; Android 9; KFMUWI) AppleWebKit/537.36 (KHTML, like Gecko) Chrome/114.0.0.0 Safari/537.36"
172.16.0.117 - - [18/Aug/2023:02:21:25 -0700] "GET /literacy.php HTTP/1.1" 200 2049 "http://172.16.0.199/" "Mozilla/5.0 (Linux; Android 10; K) AppleWebKit/537.36 (KHTML, like Gecko) Chrome/114.0.0.0 Safari/537.36"
172.16.0.117 - - [18/Aug/2023:02:21:26 -0700] "GET /js/bootstrap.min.js HTTP/1.1" 404 1571 "http://172.16.0.199/literacy.php" "Mozilla/5.0 (Linux; Android 10; K) AppleWebKit/537.36 (KHTML, like Gecko) Chrome/114.0.0.0 Safari/537.36"
192.168.33.237 - - [18/Aug/2023:02:21:35 -0700] "GET /literacy.php HTTP/1.1" 200 2049 "http://172.16.0.199/" "Mozilla/5.0 (Linux; Android 10; K) AppleWebKit/537.36 (KHTML, like Gecko) Chrome/115.0.0.0 Safari/537.36"
192.168.33.240 - - [18/Aug/2023:02:21:38 -0700] "GET /modules/en-binofino/B&NFiles/B&FEpisode1_480p30.mp4 HTTP/1.1" 206 818120 "http://172.16.0.199/modules/en-binofino/index.html" "Mozilla/5.0 (Linux; Android 9; KFMUWI) AppleWebKit/537.36 (KHTML, like Gecko) Chrome/114.0.0.0 Safari/537.36"
192.168.33.240 - - [18/Aug/2023:02:21:39 -0700] "GET /modules/en-binofino/B&NFiles/B&FEpisode1_480p30.mp4 HTTP/1.1" 206 577752 "http://172.16.0.199/modules/en-binofino/B&NFiles/B&FEpisode1_480p30.mp4" "Mozilla/5.0 (Linux; Android 9; KFMUWI) AppleWebKit/537.36 (KHTML, like Gecko) Chrome/114.0.0.0 Safari/537.36"
172.16.0.1 - - [18/Aug/2023:02:21:40 -0700] "GET /js/bootstrap.min.js HTTP/1.1" 404 1516 "http://172.16.0.199/education.php" "Mozilla/5.0 (Linux; Android 10; K) AppleWebKit/537.36 (KHTML, like Gecko) Chrome/114.0.0.0 Safari/537.36"
192.168.33.244 - - [18/Aug/2023:02:21:41 -0700] "GET /modules/en-binofino/B&NFiles/B&FEpisode1_480p30.mp4 HTTP/1.1" 304 187 "http://172.16.0.199/modules/en-binofino/index.html" "Mozilla/5.0 (Linux; Android 9; KFMUWI) AppleWebKit/537.36 (KHTML, like Gecko) Chrome/114.0.0.0 Safari/537.36"
172.16.0.1 - - [18/Aug/2023:02:21:47 -0700] "GET /literacy.php HTTP/1.1" 200 1993 "http://172.16.0.199/" "Mozilla/5.0 (Linux; Android 10; K) AppleWebKit/537.36 (KHTML, like Gecko) Chrome/114.0.0.0 Safari/537.36"
172.16.0.1 - - [18/Aug/2023:02:21:47 -0700] "GET /js/bootstrap.min.js HTTP/1.1" 404 1516 "http://172.16.0.199/literacy.php" "Mozilla/5.0 (Linux; Android 10; K) AppleWebKit/537.36 (KHTML, like Gecko) Chrome/114.0.0.0 Safari/537.36"
192.168.33.240 - - [18/Aug/2023:02:21:39 -0700] "GET /modules/en-binofino/B&NFiles/B&FEpisode1_480p30.mp4 HTTP/1.1" 206 7258824 "http://172.16.0.199/modules/en-binofino/B&NFiles/B&FEpisode1_480p30.mp4" "Mozilla/5.0 (Linux; Android 9; KFMUWI) AppleWebKit/537.36 (KHTML, like Gecko) Chrome/114.0.0.0 Safari/537.36"
192.168.33.237 - - [18/Aug/2023:02:22:14 -0700] "GET /literacy.php HTTP/1.1" 200 2049 "http://172.16.0.199/" "Mozilla/5.0 (Linux; Android 10; K) AppleWebKit/537.36 (KHTML, like Gecko) Chrome/115.0.0.0 Safari/537.36"
172.16.0.117 - - [18/Aug/2023:02:22:18 -0700] "-" 408 0 "-" "-"
172.16.0.117 - - [18/Aug/2023:02:22:32 -0700] "GET /modules/en-binofino/B&NFiles/B&FEpisode1_480p30.mp4 HTTP/1.1" 304 187 "http://172.16.0.199/modules/en-binofino/index.html" "Mozilla/5.0 (Linux; Android 10; K) AppleWebKit/537.36 (KHTML, like Gecko) Chrome/114.0.0.0 Safari/537.36"
192.168.33.250 - - [18/Aug/2023:02:22:33 -0700] "GET /literacy.php HTTP/1.1" 200 2049 "http://172.16.0.199/" "Mozilla/5.0 (Linux; Android 9; KFMUWI) AppleWebKit/537.36 (KHTML, like Gecko) Chrome/99.0.4844.73 Safari/537.36"
192.168.33.250 - - [18/Aug/2023:02:22:34 -0700] "GET /js/bootstrap.min.js HTTP/1.1" 404 1571 "http://172.16.0.199/literacy.php" "Mozilla/5.0 (Linux; Android 9; KFMUWI) AppleWebKit/537.36 (KHTML, like Gecko) Chrome/99.0.4844.73 Safari/537.36"
192.168.33.237 - - [18/Aug/2023:02:22:36 -0700] "GET /literacy.php HTTP/1.1" 200 2049 "http://172.16.0.199/" "Mozilla/5.0 (Linux; Android 10; K) AppleWebKit/537.36 (KHTML, like Gecko) Chrome/115.0.0.0 Safari/537.36"
172.16.0.1 - - [18/Aug/2023:02:22:37 -0700] "GET /literacy.php HTTP/1.1" 200 1993 "http://172.16.0.199/" "Mozilla/5.0 (Linux; Android 9; KFMUWI) AppleWebKit/537.36 (KHTML, like Gecko) Chrome/97.0.4692.98 Safari/537.36"
172.16.0.1 - - [18/Aug/2023:02:22:38 -0700] "GET /js/bootstrap.min.js HTTP/1.1" 404 1516 "http://172.16.0.199/literacy.php" "Mozilla/5.0 (Linux; Android 9; KFMUWI) AppleWebKit/537.36 (KHTML, like Gecko) Chrome/97.0.4692.98 Safari/537.36"
172.16.0.1 - - [18/Aug/2023:02:22:45 -0700] "GET /modules/en-binofino/index.html HTTP/1.1" 200 1556 "http://172.16.0.199/literacy.php" "Mozilla/5.0 (Linux; Android 10; K) AppleWebKit/537.36 (KHTML, like Gecko) Chrome/114.0.0.0 Safari/537.36"
192.168.33.244 - - [18/Aug/2023:02:22:07 -0700] "GET /modules/en-binofino/B&NFiles/B&FEpisode1_480p30.mp4 HTTP/1.1" 206 3689504 "http://172.16.0.199/modules/en-binofino/B&NFiles/B&FEpisode1_480p30.mp4" "Mozilla/5.0 (Linux; Android 9; KFMUWI) AppleWebKit/537.36 (KHTML, like Gecko) Chrome/114.0.0.0 Safari/537.36"
192.168.33.250 - - [18/Aug/2023:02:22:49 -0700] "GET /modules/en-binofino/B&NFiles/B&FEpisode1_480p30.mp4 HTTP/1.1" 304 187 "http://172.16.0.199/modules/en-binofino/index.html" "Mozilla/5.0 (Linux; Android 9; KFMUWI) AppleWebKit/537.36 (KHTML, like Gecko) Chrome/99.0.4844.73 Safari/537.36"
192.168.33.250 - - [18/Aug/2023:02:22:49 -0700] "GET /modules/en-binofino/B&NFiles/B&FEpisode1_480p30.mp4 HTTP/1.1" 206 214304 "http://172.16.0.199/modules/en-binofino/B&NFiles/B&FEpisode1_480p30.mp4" "Mozilla/5.0 (Linux; Android 9; KFMUWI) AppleWebKit/537.36 (KHTML, like Gecko) Chrome/99.0.4844.73 Safari/537.36"
172.16.0.1 - - [18/Aug/2023:02:22:51 -0700] "GET /modules/en-binofino/B&NFiles/B&FEpisode1_480p30.mp4 HTTP/1.1" 200 1132336 "http://172.16.0.199/modules/en-binofino/index.html" "Mozilla/5.0 (Linux; Android 9; KFMUWI) AppleWebKit/537.36 (KHTML, like Gecko) Chrome/97.0.4692.98 Safari/537.36"
172.16.0.1 - - [18/Aug/2023:02:22:51 -0700] "GET /modules/en-binofino/B&NFiles/B&FEpisode1_480p30.mp4 HTTP/1.1" 206 864456 "http://172.16.0.199/modules/en-binofino/B&NFiles/B&FEpisode1_480p30.mp4" "Mozilla/5.0 (Linux; Android 9; KFMUWI) AppleWebKit/537.36 (KHTML, like Gecko) Chrome/97.0.4692.98 Safari/537.36"
172.16.0.1 - - [18/Aug/2023:02:22:51 -0700] "GET /modules/en-binofino/B&NFiles/B&FEpisode1_480p30.mp4 HTTP/1.1" 206 527183 "http://172.16.0.199/modules/en-binofino/B&NFiles/B&FEpisode1_480p30.mp4" "Mozilla/5.0 (Linux; Android 9; KFMUWI) AppleWebKit/537.36 (KHTML, like Gecko) Chrome/97.0.4692.98 Safari/537.36"
172.16.0.1 - - [18/Aug/2023:02:23:01 -0700] "GET /modules/en-binofino/B&NFiles/B&FEpisode22_480p30.mp4 HTTP/1.1" 200 1947560 "http://172.16.0.199/modules/en-binofino/index.html" "Mozilla/5.0 (Linux; Android 10; K) AppleWebKit/537.36 (KHTML, like Gecko) Chrome/114.0.0.0 Safari/537.36"
172.16.0.1 - - [18/Aug/2023:02:23:01 -0700] "GET /modules/en-binofino/B&NFiles/B&FEpisode22_480p30.mp4 HTTP/1.1" 206 805088 "http://172.16.0.199/modules/en-binofino/B&NFiles/B&FEpisode22_480p30.mp4" "Mozilla/5.0 (Linux; Android 10; K) AppleWebKit/537.36 (KHTML, like Gecko) Chrome/114.0.0.0 Safari/537.36"
172.16.0.1 - - [18/Aug/2023:02:23:01 -0700] "GET /modules/en-binofino/B&NFiles/B&FEpisode22_480p30.mp4 HTTP/1.1" 206 486222 "http://172.16.0.199/modules/en-binofino/B&NFiles/B&FEpisode22_480p30.mp4" "Mozilla/5.0 (Linux; Android 10; K) AppleWebKit/537.36 (KHTML, like Gecko) Chrome/114.0.0.0 Safari/537.36"
192.168.33.244 - - [18/Aug/2023:02:23:06 -0700] "GET /modules/en-binofino/B&NFiles/B&FEpisode22_480p30.mp4 HTTP/1.1" 200 304080 "http://172.16.0.199/modules/en-binofino/index.html" "Mozilla/5.0 (Linux; Android 9; KFMUWI) AppleWebKit/537.36 (KHTML, like Gecko) Chrome/114.0.0.0 Safari/537.36"
192.168.33.244 - - [18/Aug/2023:02:23:06 -0700] "GET /modules/en-binofino/B&NFiles/B&FEpisode22_480p30.mp4 HTTP/1.1" 206 149144 "http://172.16.0.199/modules/en-binofino/B&NFiles/B&FEpisode22_480p30.mp4" "Mozilla/5.0 (Linux; Android 9; KFMUWI) AppleWebKit/537.36 (KHTML, like Gecko) Chrome/114.0.0.0 Safari/537.36"
192.168.33.244 - - [18/Aug/2023:02:23:06 -0700] "GET /modules/en-binofino/B&NFiles/B&FEpisode22_480p30.mp4 HTTP/1.1" 206 486278 "http://172.16.0.199/modules/en-binofino/B&NFiles/B&FEpisode22_480p30.mp4" "Mozilla/5.0 (Linux; Android 9; KFMUWI) AppleWebKit/537.36 (KHTML, like Gecko) Chrome/114.0.0.0 Safari/537.36"
172.16.0.1 - - [18/Aug/2023:02:23:01 -0700] "GET /modules/en-binofino/B&NFiles/B&FEpisode22_480p30.mp4 HTTP/1.1" 206 9370008 "http://172.16.0.199/modules/en-binofino/B&NFiles/B&FEpisode22_480p30.mp4" "Mozilla/5.0 (Linux; Android 10; K) AppleWebKit/537.36 (KHTML, like Gecko) Chrome/114.0.0.0 Safari/537.36"
172.16.0.117 - - [18/Aug/2023:02:23:21 -0700] "-" 408 0 "-" "-"
192.168.33.249 - - [18/Aug/2023:02:23:51 -0700] "GET /js/bootstrap.min.js HTTP/1.1" 404 1572 "http://172.16.0.199/" "Mozilla/5.0 (Linux; Android 9; KFMUWI) AppleWebKit/537.36 (KHTML, like Gecko) Chrome/114.0.0.0 Safari/537.36"
172.16.0.1 - - [18/Aug/2023:02:23:53 -0700] "GET / HTTP/1.1" 200 2935 "-" "Mozilla/5.0 (Linux; Android 9; KFMUWI) AppleWebKit/537.36 (KHTML, like Gecko) Chrome/97.0.4692.98 Safari/537.36"
192.168.33.249 - - [18/Aug/2023:02:23:53 -0700] "GET /literacy.php HTTP/1.1" 200 2048 "http://172.16.0.199/" "Mozilla/5.0 (Linux; Android 9; KFMUWI) AppleWebKit/537.36 (KHTML, like Gecko) Chrome/114.0.0.0 Safari/537.36"
192.168.33.249 - - [18/Aug/2023:02:23:54 -0700] "GET /js/bootstrap.min.js HTTP/1.1" 404 1571 "http://172.16.0.199/literacy.php" "Mozilla/5.0 (Linux; Android 9; KFMUWI) AppleWebKit/537.36 (KHTML, like Gecko) Chrome/114.0.0.0 Safari/537.36"
172.16.0.1 - - [18/Aug/2023:02:23:54 -0700] "GET /js/bootstrap.min.js HTTP/1.1" 404 1516 "http://172.16.0.199/" "Mozilla/5.0 (Linux; Android 9; KFMUWI) AppleWebKit/537.36 (KHTML, like Gecko) Chrome/97.0.4692.98 Safari/537.36"
192.168.33.241 - - [18/Aug/2023:02:24:06 -0700] "GET / HTTP/1.1" 200 2991 "-" "Mozilla/5.0 (Linux; Android 9; KFMUWI) AppleWebKit/537.36 (KHTML, like Gecko) Chrome/114.0.0.0 Safari/537.36"
192.168.33.241 - - [18/Aug/2023:02:24:06 -0700] "GET /js/bootstrap.min.js HTTP/1.1" 404 1571 "http://172.16.0.199/" "Mozilla/5.0 (Linux; Android 9; KFMUWI) AppleWebKit/537.36 (KHTML, like Gecko) Chrome/114.0.0.0 Safari/537.36"
192.168.33.241 - - [18/Aug/2023:02:24:08 -0700] "GET /literacy.php HTTP/1.1" 200 2048 "http://172.16.0.199/" "Mozilla/5.0 (Linux; Android 9; KFMUWI) AppleWebKit/537.36 (KHTML, like Gecko) Chrome/114.0.0.0 Safari/537.36"
192.168.33.241 - - [18/Aug/2023:02:24:08 -0700] "GET /js/bootstrap.min.js HTTP/1.1" 404 1571 "http://172.16.0.199/literacy.php" "Mozilla/5.0 (Linux; Android 9; KFMUWI) AppleWebKit/537.36 (KHTML, like Gecko) Chrome/114.0.0.0 Safari/537.36"
192.168.33.241 - - [18/Aug/2023:02:24:12 -0700] "GET /modules/en-binofino/B&NFiles/B&FEpisode22_480p30.mp4 HTTP/1.1" 200 321456 "http://172.16.0.199/modules/en-binofino/index.html" "Mozilla/5.0 (Linux; Android 9; KFMUWI) AppleWebKit/537.36 (KHTML, like Gecko) Chrome/114.0.0.0 Safari/537.36"
192.168.33.241 - - [18/Aug/2023:02:24:13 -0700] "GET /modules/en-binofino/B&NFiles/B&FEpisode22_480p30.mp4 HTTP/1.1" 206 459016 "http://172.16.0.199/modules/en-binofino/B&NFiles/B&FEpisode22_480p30.mp4" "Mozilla/5.0 (Linux; Android 9; KFMUWI) AppleWebKit/537.36 (KHTML, like Gecko) Chrome/114.0.0.0 Safari/537.36"
192.168.33.241 - - [18/Aug/2023:02:24:13 -0700] "GET /modules/en-binofino/B&NFiles/B&FEpisode22_480p30.mp4 HTTP/1.1" 206 486278 "http://172.16.0.199/modules/en-binofino/B&NFiles/B&FEpisode22_480p30.mp4" "Mozilla/5.0 (Linux; Android 9; KFMUWI) AppleWebKit/537.36 (KHTML, like Gecko) Chrome/114.0.0.0 Safari/537.36"
172.16.0.1 - - [18/Aug/2023:02:24:13 -0700] "GET / HTTP/1.1" 200 2935 "-" "Mozilla/5.0 (Linux; Android 9; KFMUWI) AppleWebKit/537.36 (KHTML, like Gecko) Chrome/114.0.0.0 Safari/537.36"
172.16.0.1 - - [18/Aug/2023:02:24:14 -0700] "GET /js/bootstrap.min.js HTTP/1.1" 404 1516 "http://172.16.0.199/" "Mozilla/5.0 (Linux; Android 9; KFMUWI) AppleWebKit/537.36 (KHTML, like Gecko) Chrome/114.0.0.0 Safari/537.36"
192.168.33.249 - - [18/Aug/2023:02:24:16 -0700] "GET /modules/en-binofino/B&NFiles/B&FEpisode1_480p30.mp4 HTTP/1.1" 304 187 "http://172.16.0.199/modules/en-binofino/index.html" "Mozilla/5.0 (Linux; Android 9; KFMUWI) AppleWebKit/537.36 (KHTML, like Gecko) Chrome/114.0.0.0 Safari/537.36"
192.168.33.239 - - [18/Aug/2023:02:24:53 -0700] "GET /index.php HTTP/1.1" 200 2991 "-" "Mozilla/5.0 (Linux; Android 9; KFMUWI) AppleWebKit/537.36 (KHTML, like Gecko) Chrome/100.0.4896.79 Safari/537.36"
192.168.33.239 - - [18/Aug/2023:02:24:53 -0700] "GET /js/bootstrap.min.js HTTP/1.1" 404 1571 "http://172.16.0.199/index.php" "Mozilla/5.0 (Linux; Android 9; KFMUWI) AppleWebKit/537.36 (KHTML, like Gecko) Chrome/100.0.4896.79 Safari/537.36"
192.168.33.239 - - [18/Aug/2023:02:24:53 -0700] "GET /art/gmad.png HTTP/1.1" 304 183 "http://172.16.0.199/index.php" "Mozilla/5.0 (Linux; Android 9; KFMUWI) AppleWebKit/537.36 (KHTML, like Gecko) Chrome/100.0.4896.79 Safari/537.36"
192.168.33.239 - - [18/Aug/2023:02:24:55 -0700] "GET /literacy.php HTTP/1.1" 200 2048 "http://172.16.0.199/index.php" "Mozilla/5.0 (Linux; Android 9; KFMUWI) AppleWebKit/537.36 (KHTML, like Gecko) Chrome/100.0.4896.79 Safari/537.36"
192.168.33.239 - - [18/Aug/2023:02:24:56 -0700] "GET /js/bootstrap.min.js HTTP/1.1" 404 1571 "http://172.16.0.199/literacy.php" "Mozilla/5.0 (Linux; Android 9; KFMUWI) AppleWebKit/537.36 (KHTML, like Gecko) Chrome/100.0.4896.79 Safari/537.36"
192.168.33.239 - - [18/Aug/2023:02:24:56 -0700] "GET /modules/en-binofino/B&NFiles/Bino&Fino5.png HTTP/1.1" 200 136413 "http://172.16.0.199/literacy.php" "Mozilla/5.0 (Linux; Android 9; KFMUWI) AppleWebKit/537.36 (KHTML, like Gecko) Chrome/100.0.4896.79 Safari/537.36"
192.168.33.239 - - [18/Aug/2023:02:24:57 -0700] "GET /modules/en-binofino/index.html HTTP/1.1" 200 1611 "http://172.16.0.199/literacy.php" "Mozilla/5.0 (Linux; Android 9; KFMUWI) AppleWebKit/537.36 (KHTML, like Gecko) Chrome/100.0.4896.79 Safari/537.36"
192.168.33.239 - - [18/Aug/2023:02:24:57 -0700] "GET /modules/en-binofino/style.css HTTP/1.1" 200 2373 "http://172.16.0.199/modules/en-binofino/index.html" "Mozilla/5.0 (Linux; Android 9; KFMUWI) AppleWebKit/537.36 (KHTML, like Gecko) Chrome/100.0.4896.79 Safari/537.36"
192.168.33.239 - - [18/Aug/2023:02:24:57 -0700] "GET /modules/en-binofino/B&NFiles/BinoandFinoPRPoster.jpg HTTP/1.1" 200 284 "http://172.16.0.199/modules/en-binofino/index.html" "Mozilla/5.0 (Linux; Android 9; KFMUWI) AppleWebKit/537.36 (KHTML, like Gecko) Chrome/100.0.4896.79 Safari/537.36"
192.168.33.239 - - [18/Aug/2023:02:24:57 -0700] "GET /modules/en-binofino/B&NFiles/MightyWallsofBeninScreenshot.jpg HTTP/1.1" 200 20070 "http://172.16.0.199/modules/en-binofino/index.html" "Mozilla/5.0 (Linux; Android 9; KFMUWI) AppleWebKit/537.36 (KHTML, like Gecko) Chrome/100.0.4896.79 Safari/537.36"
192.168.33.239 - - [18/Aug/2023:02:24:57 -0700] "GET /modules/en-binofino/B&NFiles/Electricity.jpg HTTP/1.1" 200 283 "http://172.16.0.199/modules/en-binofino/index.html" "Mozilla/5.0 (Linux; Android 9; KFMUWI) AppleWebKit/537.36 (KHTML, like Gecko) Chrome/100.0.4896.79 Safari/537.36"
192.168.33.239 - - [18/Aug/2023:02:24:57 -0700] "GET /modules/en-binofino/B&NFiles/Football.jpg HTTP/1.1" 200 19842 "http://172.16.0.199/modules/en-binofino/index.html" "Mozilla/5.0 (Linux; Android 9; KFMUWI) AppleWebKit/537.36 (KHTML, like Gecko) Chrome/100.0.4896.79 Safari/537.36"
192.168.33.239 - - [18/Aug/2023:02:24:57 -0700] "GET /modules/en-binofino/B&NFiles/Timbuktu.jpg HTTP/1.1" 200 19690 "http://172.16.0.199/modules/en-binofino/index.html" "Mozilla/5.0 (Linux; Android 9; KFMUWI) AppleWebKit/537.36 (KHTML, like Gecko) Chrome/100.0.4896.79 Safari/537.36"
192.168.33.239 - - [18/Aug/2023:02:24:57 -0700] "GET /modules/en-binofino/B&NFiles/Old2New.jpg HTTP/1.1" 200 19653 "http://172.16.0.199/modules/en-binofino/index.html" "Mozilla/5.0 (Linux; Android 9; KFMUWI) AppleWebKit/537.36 (KHTML, like Gecko) Chrome/100.0.4896.79 Safari/537.36"
192.168.33.239 - - [18/Aug/2023:02:24:59 -0700] "GET /modules/en-binofino/B&NFiles/B&FEpisode1_480p30.mp4 HTTP/1.1" 200 340280 "http://172.16.0.199/modules/en-binofino/index.html" "Mozilla/5.0 (Linux; Android 9; KFMUWI) AppleWebKit/537.36 (KHTML, like Gecko) Chrome/100.0.4896.79 Safari/537.36"
192.168.33.239 - - [18/Aug/2023:02:24:59 -0700] "GET /modules/en-binofino/B&NFiles/B&FEpisode1_480p30.mp4 HTTP/1.1" 206 986088 "http://172.16.0.199/modules/en-binofino/B&NFiles/B&FEpisode1_480p30.mp4" "Mozilla/5.0 (Linux; Android 9; KFMUWI) AppleWebKit/537.36 (KHTML, like Gecko) Chrome/100.0.4896.79 Safari/537.36"
192.168.33.239 - - [18/Aug/2023:02:24:59 -0700] "GET /modules/en-binofino/B&NFiles/B&FEpisode1_480p30.mp4 HTTP/1.1" 206 527238 "http://172.16.0.199/modules/en-binofino/B&NFiles/B&FEpisode1_480p30.mp4" "Mozilla/5.0 (Linux; Android 9; KFMUWI) AppleWebKit/537.36 (KHTML, like Gecko) Chrome/100.0.4896.79 Safari/537.36"
172.16.0.1 - - [18/Aug/2023:02:25:10 -0700] "GET /js/bootstrap.min.js HTTP/1.1" 404 1516 "http://172.16.0.199/" "Mozilla/5.0 (Linux; Android 9; KFMUWI) AppleWebKit/537.36 (KHTML, like Gecko) Chrome/99.0.4844.73 Safari/537.36"
172.16.0.1 - - [18/Aug/2023:02:25:13 -0700] "GET /literacy.php HTTP/1.1" 200 1993 "http://172.16.0.199/" "Mozilla/5.0 (Linux; Android 9; KFMUWI) AppleWebKit/537.36 (KHTML, like Gecko) Chrome/99.0.4844.73 Safari/537.36"
172.16.0.1 - - [18/Aug/2023:02:25:13 -0700] "GET /js/bootstrap.min.js HTTP/1.1" 404 1516 "http://172.16.0.199/literacy.php" "Mozilla/5.0 (Linux; Android 9; KFMUWI) AppleWebKit/537.36 (KHTML, like Gecko) Chrome/99.0.4844.73 Safari/537.36"
172.16.0.1 - - [18/Aug/2023:02:25:17 -0700] "GET /modules/en-binofino/B&NFiles/B&FEpisode1_480p30.mp4 HTTP/1.1" 200 1026632 "http://172.16.0.199/modules/en-binofino/index.html" "Mozilla/5.0 (Linux; Android 9; KFMUWI) AppleWebKit/537.36 (KHTML, like Gecko) Chrome/99.0.4844.73 Safari/537.36"
172.16.0.1 - - [18/Aug/2023:02:25:18 -0700] "GET /modules/en-binofino/B&NFiles/B&FEpisode1_480p30.mp4 HTTP/1.1" 206 1485648 "http://172.16.0.199/modules/en-binofino/B&NFiles/B&FEpisode1_480p30.mp4" "Mozilla/5.0 (Linux; Android 9; KFMUWI) AppleWebKit/537.36 (KHTML, like Gecko) Chrome/99.0.4844.73 Safari/537.36"
172.16.0.1 - - [18/Aug/2023:02:25:18 -0700] "GET /modules/en-binofino/B&NFiles/B&FEpisode1_480p30.mp4 HTTP/1.1" 206 527183 "http://172.16.0.199/modules/en-binofino/B&NFiles/B&FEpisode1_480p30.mp4" "Mozilla/5.0 (Linux; Android 9; KFMUWI) AppleWebKit/537.36 (KHTML, like Gecko) Chrome/99.0.4844.73 Safari/537.36"
172.16.0.45 - - [18/Aug/2023:02:25:21 -0700] "GET / HTTP/1.1" 200 2991 "-" "Mozilla/5.0 (Windows NT 10.0; Win64; x64) AppleWebKit/537.36 (KHTML, like Gecko) Chrome/115.0.0.0 Safari/537.36 Edg/115.0.1901.203"
172.16.0.45 - - [18/Aug/2023:02:25:21 -0700] "GET /css/style.css HTTP/1.1" 200 1822 "http://172.16.0.199/" "Mozilla/5.0 (Windows NT 10.0; Win64; x64) AppleWebKit/537.36 (KHTML, like Gecko) Chrome/115.0.0.0 Safari/537.36 Edg/115.0.1901.203"
172.16.0.45 - - [18/Aug/2023:02:25:21 -0700] "GET /css/bootstrap.min.css HTTP/1.1" 200 27681 "http://172.16.0.199/" "Mozilla/5.0 (Windows NT 10.0; Win64; x64) AppleWebKit/537.36 (KHTML, like Gecko) Chrome/115.0.0.0 Safari/537.36 Edg/115.0.1901.203"
172.16.0.45 - - [18/Aug/2023:02:25:21 -0700] "GET /js/bootstrap.min.js HTTP/1.1" 404 1571 "http://172.16.0.199/" "Mozilla/5.0 (Windows NT 10.0; Win64; x64) AppleWebKit/537.36 (KHTML, like Gecko) Chrome/115.0.0.0 Safari/537.36 Edg/115.0.1901.203"
172.16.0.45 - - [18/Aug/2023:02:25:21 -0700] "GET /art/logo.png HTTP/1.1" 200 69101 "http://172.16.0.199/" "Mozilla/5.0 (Windows NT 10.0; Win64; x64) AppleWebKit/537.36 (KHTML, like Gecko) Chrome/115.0.0.0 Safari/537.36 Edg/115.0.1901.203"
172.16.0.45 - - [18/Aug/2023:02:25:21 -0700] "GET /art/gmad.png HTTP/1.1" 200 6222 "http://172.16.0.199/" "Mozilla/5.0 (Windows NT 10.0; Win64; x64) AppleWebKit/537.36 (KHTML, like Gecko) Chrome/115.0.0.0 Safari/537.36 Edg/115.0.1901.203"
172.16.0.45 - - [18/Aug/2023:02:25:21 -0700] "GET /modules/en-kolibri-index/kolibri-logo.svg HTTP/1.1" 200 10513 "http://172.16.0.199/" "Mozilla/5.0 (Windows NT 10.0; Win64; x64) AppleWebKit/537.36 (KHTML, like Gecko) Chrome/115.0.0.0 Safari/537.36 Edg/115.0.1901.203"
172.16.0.45 - - [18/Aug/2023:02:25:21 -0700] "GET /art/music.jpg HTTP/1.1" 200 33023 "http://172.16.0.199/" "Mozilla/5.0 (Windows NT 10.0; Win64; x64) AppleWebKit/537.36 (KHTML, like Gecko) Chrome/115.0.0.0 Safari/537.36 Edg/115.0.1901.203"
172.16.0.45 - - [18/Aug/2023:02:25:21 -0700] "GET /art/agri.jpg HTTP/1.1" 200 173327 "http://172.16.0.199/" "Mozilla/5.0 (Windows NT 10.0; Win64; x64) AppleWebKit/537.36 (KHTML, like Gecko) Chrome/115.0.0.0 Safari/537.36 Edg/115.0.1901.203"
172.16.0.45 - - [18/Aug/2023:02:25:21 -0700] "GET /art/stem.png HTTP/1.1" 200 16055 "http://172.16.0.199/" "Mozilla/5.0 (Windows NT 10.0; Win64; x64) AppleWebKit/537.36 (KHTML, like Gecko) Chrome/115.0.0.0 Safari/537.36 Edg/115.0.1901.203"
172.16.0.45 - - [18/Aug/2023:02:25:21 -0700] "GET /art/religion.jpg HTTP/1.1" 200 202308 "http://172.16.0.199/" "Mozilla/5.0 (Windows NT 10.0; Win64; x64) AppleWebKit/537.36 (KHTML, like Gecko) Chrome/115.0.0.0 Safari/537.36 Edg/115.0.1901.203"
172.16.0.45 - - [18/Aug/2023:02:25:21 -0700] "GET /art/com.jpg HTTP/1.1" 200 82878 "http://172.16.0.199/" "Mozilla/5.0 (Windows NT 10.0; Win64; x64) AppleWebKit/537.36 (KHTML, like Gecko) Chrome/115.0.0.0 Safari/537.36 Edg/115.0.1901.203"
172.16.0.45 - - [18/Aug/2023:02:25:21 -0700] "GET /art/books.jpg HTTP/1.1" 200 478177 "http://172.16.0.199/" "Mozilla/5.0 (Windows NT 10.0; Win64; x64) AppleWebKit/537.36 (KHTML, like Gecko) Chrome/115.0.0.0 Safari/537.36 Edg/115.0.1901.203"
172.16.0.45 - - [18/Aug/2023:02:25:21 -0700] "GET /art/vocational.jpg HTTP/1.1" 200 148494 "http://172.16.0.199/" "Mozilla/5.0 (Windows NT 10.0; Win64; x64) AppleWebKit/537.36 (KHTML, like Gecko) Chrome/115.0.0.0 Safari/537.36 Edg/115.0.1901.203"
